Archive member included because of file (symbol)

f:/program files/winavr/bin/../lib/gcc/avr/4.3.2/avr51\libgcc.a(_mulsi3.o)
                              ./src/GPS.o (__mulsi3)
f:/program files/winavr/bin/../lib/gcc/avr/4.3.2/avr51\libgcc.a(_divmodhi4.o)
                              ./src/arduino/HardwareSerial.o (__divmodhi4)
f:/program files/winavr/bin/../lib/gcc/avr/4.3.2/avr51\libgcc.a(_udivmodsi4.o)
                              ./src/arduino/HardwareSerial.o (__udivmodsi4)
f:/program files/winavr/bin/../lib/gcc/avr/4.3.2/avr51\libgcc.a(_divmodsi4.o)
                              ./src/arduino/HardwareSerial.o (__divmodsi4)
f:/program files/winavr/bin/../lib/gcc/avr/4.3.2/avr51\libgcc.a(_exit.o)
                              f:/program files/winavr/bin/../lib/gcc/avr/4.3.2/../../../../avr/lib/avr51/crtm1280.o (exit)
f:/program files/winavr/bin/../lib/gcc/avr/4.3.2/avr51\libgcc.a(_clear_bss.o)
                              ./src/ArduinoLink.o (__do_clear_bss)
f:/program files/winavr/bin/../lib/gcc/avr/4.3.2/avr51\libgcc.a(_ctors.o)
                              ./src/ArduinoLink.o (__do_global_ctors)
f:/program files/winavr/bin/../lib/gcc/avr/4.3.2/avr51\libgcc.a(_dtors.o)
                              ./src/ArduinoLink.o (__do_global_dtors)
f:/program files/winavr/bin/../lib/gcc/avr/4.3.2/avr51\libgcc.a(_fixunssfsi.o)
                              ./src/arduino/Print.o (__fixunssfsi)
f:/program files/winavr/bin/../lib/gcc/avr/4.3.2/avr51\libgcc.a(_addsub_sf.o)
                              ./src/arduino/Print.o (__subsf3)
f:/program files/winavr/bin/../lib/gcc/avr/4.3.2/avr51\libgcc.a(_mul_sf.o)
                              ./src/arduino/Print.o (__mulsf3)
f:/program files/winavr/bin/../lib/gcc/avr/4.3.2/avr51\libgcc.a(_div_sf.o)
                              ./src/arduino/Print.o (__divsf3)
f:/program files/winavr/bin/../lib/gcc/avr/4.3.2/avr51\libgcc.a(_ge_sf.o)
                              f:/program files/winavr/bin/../lib/gcc/avr/4.3.2/avr51\libgcc.a(_fixunssfsi.o) (__gesf2)
f:/program files/winavr/bin/../lib/gcc/avr/4.3.2/avr51\libgcc.a(_lt_sf.o)
                              ./src/arduino/Print.o (__ltsf2)
f:/program files/winavr/bin/../lib/gcc/avr/4.3.2/avr51\libgcc.a(_si_to_sf.o)
                              ./src/arduino/Print.o (__floatsisf)
f:/program files/winavr/bin/../lib/gcc/avr/4.3.2/avr51\libgcc.a(_sf_to_si.o)
                              ./src/arduino/Print.o (__fixsfsi)
f:/program files/winavr/bin/../lib/gcc/avr/4.3.2/avr51\libgcc.a(_thenan_sf.o)
                              f:/program files/winavr/bin/../lib/gcc/avr/4.3.2/avr51\libgcc.a(_addsub_sf.o) (__thenan_sf)
f:/program files/winavr/bin/../lib/gcc/avr/4.3.2/avr51\libgcc.a(_usi_to_sf.o)
                              ./src/arduino/Print.o (__floatunsisf)
f:/program files/winavr/bin/../lib/gcc/avr/4.3.2/avr51\libgcc.a(_udivmodhi4.o)
                              f:/program files/winavr/bin/../lib/gcc/avr/4.3.2/avr51\libgcc.a(_divmodhi4.o) (__udivmodhi4)
f:/program files/winavr/bin/../lib/gcc/avr/4.3.2/avr51\libgcc.a(_prologue.o)
                              f:/program files/winavr/bin/../lib/gcc/avr/4.3.2/avr51\libgcc.a(_addsub_sf.o) (__prologue_saves__)
f:/program files/winavr/bin/../lib/gcc/avr/4.3.2/avr51\libgcc.a(_epilogue.o)
                              f:/program files/winavr/bin/../lib/gcc/avr/4.3.2/avr51\libgcc.a(_addsub_sf.o) (__epilogue_restores__)
f:/program files/winavr/bin/../lib/gcc/avr/4.3.2/avr51\libgcc.a(_tablejump.o)
                              f:/program files/winavr/bin/../lib/gcc/avr/4.3.2/avr51\libgcc.a(_ctors.o) (__tablejump__)
f:/program files/winavr/bin/../lib/gcc/avr/4.3.2/avr51\libgcc.a(_clzsi2.o)
                              f:/program files/winavr/bin/../lib/gcc/avr/4.3.2/avr51\libgcc.a(_si_to_sf.o) (__clzsi2)
f:/program files/winavr/bin/../lib/gcc/avr/4.3.2/avr51\libgcc.a(_pack_sf.o)
                              f:/program files/winavr/bin/../lib/gcc/avr/4.3.2/avr51\libgcc.a(_addsub_sf.o) (__pack_f)
f:/program files/winavr/bin/../lib/gcc/avr/4.3.2/avr51\libgcc.a(_unpack_sf.o)
                              f:/program files/winavr/bin/../lib/gcc/avr/4.3.2/avr51\libgcc.a(_addsub_sf.o) (__unpack_f)
f:/program files/winavr/bin/../lib/gcc/avr/4.3.2/avr51\libgcc.a(_fpcmp_parts_sf.o)
                              f:/program files/winavr/bin/../lib/gcc/avr/4.3.2/avr51\libgcc.a(_ge_sf.o) (__fpcmp_parts_f)
f:/program files/winavr/bin/../lib/gcc/avr/4.3.2/avr51\libgcc.a(_clz.o)
                              f:/program files/winavr/bin/../lib/gcc/avr/4.3.2/avr51\libgcc.a(_clzsi2.o) (__clz_tab)
f:/program files/winavr/bin/../lib/gcc/avr/4.3.2/../../../../avr/lib/avr51\libc.a(calloc.o)
                              ./src/arduino/Wire.o (calloc)
f:/program files/winavr/bin/../lib/gcc/avr/4.3.2/../../../../avr/lib/avr51\libc.a(malloc.o)
                              f:/program files/winavr/bin/../lib/gcc/avr/4.3.2/../../../../avr/lib/avr51\libc.a(calloc.o) (malloc)
f:/program files/winavr/bin/../lib/gcc/avr/4.3.2/../../../../avr/lib/avr51\libc.a(random.o)
                              ./src/arduino/WMath.o (random)
f:/program files/winavr/bin/../lib/gcc/avr/4.3.2/../../../../avr/lib/avr51\libc.a(memset.o)
                              f:/program files/winavr/bin/../lib/gcc/avr/4.3.2/../../../../avr/lib/avr51\libc.a(calloc.o) (memset)

Allocating common symbols
Common symbol       size              file

__brkval            0x2               f:/program files/winavr/bin/../lib/gcc/avr/4.3.2/../../../../avr/lib/avr51\libc.a(malloc.o)
__flp               0x2               f:/program files/winavr/bin/../lib/gcc/avr/4.3.2/../../../../avr/lib/avr51\libc.a(malloc.o)

Memory Configuration

Name             Origin             Length             Attributes
text             0x00000000         0x00020000         xr
data             0x00800060         0x0000ffa0         rw !x
eeprom           0x00810000         0x00010000         rw !x
fuse             0x00820000         0x00000400         rw !x
lock             0x00830000         0x00000400         rw !x
signature        0x00840000         0x00000400         rw !x
*default*        0x00000000         0xffffffff

Linker script and memory map

Address of section .data set to 0x800200
LOAD f:/program files/winavr/bin/../lib/gcc/avr/4.3.2/../../../../avr/lib/avr51/crtm1280.o
LOAD ./src/Analog.o
LOAD ./src/ArduinoLink.o
LOAD ./src/GPS.o
LOAD ./src/I2C.o
LOAD ./src/main.o
LOAD ./src/arduino/HardwareSerial.o
LOAD ./src/arduino/Print.o
LOAD ./src/arduino/WInterrupts.o
LOAD ./src/arduino/WMath.o
LOAD ./src/arduino/Wire.o
LOAD ./src/arduino/pins_arduino.o
LOAD ./src/arduino/twi.o
LOAD ./src/arduino/wiring.o
LOAD ./src/arduino/wiring_analog.o
LOAD ./src/arduino/wiring_digital.o
LOAD ./src/arduino/wiring_pulse.o
LOAD ./src/arduino/wiring_shift.o
LOAD f:/program files/winavr/bin/../lib/gcc/avr/4.3.2/avr51\libgcc.a
LOAD f:/program files/winavr/bin/../lib/gcc/avr/4.3.2/../../../../avr/lib/avr51\libm.a
LOAD f:/program files/winavr/bin/../lib/gcc/avr/4.3.2/avr51\libgcc.a
LOAD f:/program files/winavr/bin/../lib/gcc/avr/4.3.2/../../../../avr/lib/avr51\libc.a
LOAD f:/program files/winavr/bin/../lib/gcc/avr/4.3.2/avr51\libgcc.a

.hash
 *(.hash)

.dynsym
 *(.dynsym)

.dynstr
 *(.dynstr)

.gnu.version
 *(.gnu.version)

.gnu.version_d
 *(.gnu.version_d)

.gnu.version_r
 *(.gnu.version_r)

.rel.init
 *(.rel.init)

.rela.init
 *(.rela.init)

.rel.text
 *(.rel.text)
 *(.rel.text.*)
 *(.rel.gnu.linkonce.t*)

.rela.text
 *(.rela.text)
 *(.rela.text.*)
 *(.rela.gnu.linkonce.t*)

.rel.fini
 *(.rel.fini)

.rela.fini
 *(.rela.fini)

.rel.rodata
 *(.rel.rodata)
 *(.rel.rodata.*)
 *(.rel.gnu.linkonce.r*)

.rela.rodata
 *(.rela.rodata)
 *(.rela.rodata.*)
 *(.rela.gnu.linkonce.r*)

.rel.data
 *(.rel.data)
 *(.rel.data.*)
 *(.rel.gnu.linkonce.d*)

.rela.data
 *(.rela.data)
 *(.rela.data.*)
 *(.rela.gnu.linkonce.d*)

.rel.ctors
 *(.rel.ctors)

.rela.ctors
 *(.rela.ctors)

.rel.dtors
 *(.rel.dtors)

.rela.dtors
 *(.rela.dtors)

.rel.got
 *(.rel.got)

.rela.got
 *(.rela.got)

.rel.bss
 *(.rel.bss)

.rela.bss
 *(.rela.bss)

.rel.plt
 *(.rel.plt)

.rela.plt
 *(.rela.plt)

.text           0x00000000     0x432a
 *(.vectors)
 .vectors       0x00000000       0xe4 f:/program files/winavr/bin/../lib/gcc/avr/4.3.2/../../../../avr/lib/avr51/crtm1280.o
                0x00000000                __vectors
                0x00000000                __vector_default
 *(.vectors)
 *(.progmem.gcc*)
 *(.progmem*)
 .progmem.data  0x000000e4      0x120 ./src/arduino/pins_arduino.o
                0x000000e4                port_to_mode_PGM
                0x00000132                digital_pin_to_port_PGM
                0x00000178                digital_pin_to_bit_mask_PGM
                0x000000fe                port_to_output_PGM
                0x00000118                port_to_input_PGM
                0x000001be                digital_pin_to_timer_PGM
                0x00000204                . = ALIGN (0x2)
                0x00000204                __trampolines_start = .
 *(.trampolines)
 .trampolines   0x00000204        0x0 linker stubs
 *(.trampolines*)
                0x00000204                __trampolines_end = .
 *(.jumptables)
 *(.jumptables*)
 *(.lowtext)
 *(.lowtext*)
                0x00000204                __ctors_start = .
 *(.ctors)
 .ctors         0x00000204        0x2 ./src/ArduinoLink.o
 .ctors         0x00000206        0x2 ./src/GPS.o
 .ctors         0x00000208        0x2 ./src/I2C.o
 .ctors         0x0000020a        0x2 ./src/arduino/HardwareSerial.o
                0x0000020c                __ctors_end = .
                0x0000020c                __dtors_start = .
 *(.dtors)
 .dtors         0x0000020c        0x2 ./src/ArduinoLink.o
 .dtors         0x0000020e        0x2 ./src/GPS.o
 .dtors         0x00000210        0x2 ./src/I2C.o
                0x00000212                __dtors_end = .
 SORT(*)(.ctors)
 SORT(*)(.dtors)
 *(.init0)
 .init0         0x00000212        0x0 f:/program files/winavr/bin/../lib/gcc/avr/4.3.2/../../../../avr/lib/avr51/crtm1280.o
                0x00000212                __init
 *(.init0)
 *(.init1)
 *(.init1)
 *(.init2)
 .init2         0x00000212        0xc f:/program files/winavr/bin/../lib/gcc/avr/4.3.2/../../../../avr/lib/avr51/crtm1280.o
 *(.init2)
 *(.init3)
 *(.init3)
 *(.init4)
 .init4         0x0000021e       0x1a f:/program files/winavr/bin/../lib/gcc/avr/4.3.2/../../../../avr/lib/avr51/crtm1280.o
                0x0000021e                __do_copy_data
 .init4         0x00000238       0x10 f:/program files/winavr/bin/../lib/gcc/avr/4.3.2/avr51\libgcc.a(_clear_bss.o)
                0x00000238                __do_clear_bss
 *(.init4)
 *(.init5)
 *(.init5)
 *(.init6)
 .init6         0x00000248       0x16 f:/program files/winavr/bin/../lib/gcc/avr/4.3.2/avr51\libgcc.a(_ctors.o)
                0x00000248                __do_global_ctors
 *(.init6)
 *(.init7)
 *(.init7)
 *(.init8)
 *(.init8)
 *(.init9)
 .init9         0x0000025e        0x8 f:/program files/winavr/bin/../lib/gcc/avr/4.3.2/../../../../avr/lib/avr51/crtm1280.o
 *(.init9)
 *(.text)
 .text          0x00000266        0x4 f:/program files/winavr/bin/../lib/gcc/avr/4.3.2/../../../../avr/lib/avr51/crtm1280.o
                0x00000266                __vector_38
                0x00000266                __vector_22
                0x00000266                __vector_28
                0x00000266                __vector_32
                0x00000266                __vector_34
                0x00000266                __vector_24
                0x00000266                __vector_12
                0x00000266                __vector_55
                0x00000266                __vector_46
                0x00000266                __bad_interrupt
                0x00000266                __vector_31
                0x00000266                __vector_35
                0x00000266                __vector_30
                0x00000266                __vector_45
                0x00000266                __vector_11
                0x00000266                __vector_13
                0x00000266                __vector_17
                0x00000266                __vector_19
                0x00000266                __vector_56
                0x00000266                __vector_49
                0x00000266                __vector_41
                0x00000266                __vector_43
                0x00000266                __vector_27
                0x00000266                __vector_33
                0x00000266                __vector_47
                0x00000266                __vector_52
                0x00000266                __vector_37
                0x00000266                __vector_44
                0x00000266                __vector_9
                0x00000266                __vector_21
                0x00000266                __vector_15
                0x00000266                __vector_29
                0x00000266                __vector_40
                0x00000266                __vector_26
                0x00000266                __vector_48
                0x00000266                __vector_14
                0x00000266                __vector_53
                0x00000266                __vector_10
                0x00000266                __vector_50
                0x00000266                __vector_16
                0x00000266                __vector_18
                0x00000266                __vector_20
                0x00000266                __vector_42
 .text          0x0000026a        0x8 ./src/Analog.o
                0x00000270                Analog::~Analog()
                0x0000026e                Analog::~Analog()
                0x0000026c                Analog::Analog()
                0x0000026a                Analog::Analog()
 .text          0x00000272       0x30 ./src/ArduinoLink.o
                0x00000290                ArduinoLink::ArduinoLink()
                0x00000274                ArduinoLink::ArduinoLink()
 .text          0x000002a2      0x880 ./src/GPS.o
                0x00000340                _GPS::send(char*)
                0x000008e4                _GPS::fill()
                0x000002fc                _GPS::calc_checksum(char*)
                0x00000678                _GPS::parse()
                0x000003d8                _GPS::request(_GPS::NMEA_types, unsigned char, unsigned char, unsigned char)
                0x00000490                _GPS::set_param(long, unsigned char, unsigned char, unsigned char)
                0x00000a2e                _GPS::_GPS(long)
                0x000002a2                _GPS::get(_GPS::data_types)
                0x00000928                _GPS::_GPS(long)
 .text          0x00000b22       0xf2 ./src/I2C.o
                0x00000c0e                SRF08::SRF08()
                0x00000b5e                SRF08::ping(unsigned char, unsigned char)
                0x00000b88                SRF08::range(unsigned char)
                0x00000bfe                SRF08::SRF08()
                0x00000b24                SRF08::write_reg(unsigned char, unsigned char, char)
 .text          0x00000c14      0x58a ./src/main.o
                0x00001032                loop
                0x00001190                main
                0x0000116a                setup
                0x00000c14                _GPS::stop_feed(_GPS::NMEA_types)
                0x00000c24                CLI(char*)
 .text          0x0000119e      0x5dc ./src/arduino/HardwareSerial.o
                0x00001324                HardwareSerial::available()
                0x000013b4                HardwareSerial::write(unsigned char)
                0x00001256                HardwareSerial::begin(long)
                0x0000119e                HardwareSerial::HardwareSerial(ring_buffer*, unsigned char volatile*, unsigned char volatile*, unsigned char volatile*, unsigned char volatile*, unsigned char volatile*, unsigned char, unsigned char, unsigned char, unsigned char)
                0x000013da                __vector_25
                0x00001560                __vector_54
                0x0000139c                HardwareSerial::flush()
                0x000014de                __vector_51
                0x000011fa                HardwareSerial::HardwareSerial(ring_buffer*, unsigned char volatile*, unsigned char volatile*, unsigned char volatile*, unsigned char volatile*, unsigned char volatile*, unsigned char, unsigned char, unsigned char, unsigned char)
                0x0000145c                __vector_36
                0x0000134c                HardwareSerial::read()
 .text          0x0000177a      0x498 ./src/arduino/Print.o
                0x00001818                Print::println()
                0x000019ea                Print::print(unsigned int)
                0x00001bf4                Print::print(double)
                0x0000189c                Print::printNumber(unsigned long, unsigned char)
                0x000017aa                Print::write(unsigned char const*, unsigned int)
                0x000019d4                Print::println(unsigned long)
                0x00001a76                Print::print(int)
                0x00001846                Print::println(char)
                0x0000177a                Print::write(char const*)
                0x00001ae6                Print::printFloat(double, unsigned char)
                0x0000187c                Print::println(unsigned char)
                0x000017e8                Print::print(unsigned char)
                0x000019cc                Print::print(unsigned long)
                0x00001866                Print::println(char const*)
                0x000017f8                Print::print(char)
                0x00001a86                Print::println(int)
                0x00001bfc                Print::println(double)
                0x00001a60                Print::println(long)
                0x00001808                Print::print(char const*)
                0x00001a12                Print::print(long)
                0x00001ad0                Print::println(long, int)
                0x00001aa6                Print::print(long, int)
                0x000019f6                Print::println(unsigned int)
 .text          0x00001c12      0x45e ./src/arduino/WInterrupts.o
                0x00001d60                __vector_1
                0x00001f4a                __vector_6
                0x00001e24                __vector_3
                0x00001c12                attachInterrupt
                0x00001d08                detachInterrupt
                0x00001fac                __vector_7
                0x00001ee8                __vector_5
                0x00001e86                __vector_4
                0x00001dc2                __vector_2
                0x0000200e                __vector_8
 .text          0x00002070      0x132 ./src/arduino/WMath.o
                0x00002104                makeWord(unsigned char, unsigned char)
                0x00002156                random(long, long)
                0x00002192                randomSeed(unsigned int)
                0x00002070                map(long, long, long, long, long)
                0x00002102                makeWord(unsigned int)
                0x00002112                random(long)
 .text          0x000021a2      0x1f6 ./src/arduino/Wire.o
                0x00002314                TwoWire::requestFrom(unsigned char, unsigned char)
                0x000021a2                TwoWire::beginTransmission(unsigned char)
                0x00002252                TwoWire::onRequest(void (*)())
                0x00002370                TwoWire::begin(unsigned char)
                0x000021dc                TwoWire::onReceiveService(unsigned char*, int)
                0x000022f0                TwoWire::endTransmission()
                0x00002248                TwoWire::onReceive(void (*)(int))
                0x000022ac                TwoWire::send(unsigned char*, unsigned char)
                0x00002230                TwoWire::onRequestService()
                0x00002332                TwoWire::begin()
                0x0000225c                TwoWire::send(unsigned char)
                0x000021b6                TwoWire::receive()
 .text          0x00002398        0x0 ./src/arduino/pins_arduino.o
 .text          0x00002398      0x4ea ./src/arduino/twi.o
                0x00002496                twi_transmit
                0x00002508                twi_releaseBus
                0x000024d0                twi_attachSlaveRxEvent
                0x00002820                twi_init
                0x00002514                __vector_39
                0x0000240c                twi_writeTo
                0x000024da                twi_attachSlaveTxEvent
                0x000023a0                twi_readFrom
                0x000024e4                twi_reply
                0x000024f4                twi_stop
                0x00002398                twi_setAddress
 .text          0x00002882      0x234 ./src/arduino/wiring.o
                0x00002882                __vector_23
                0x000029f4                init
                0x0000292e                micros
                0x00002984                delay
                0x00002912                millis
                0x000029d8                delayMicroseconds
 .text          0x00002ab6      0x1de ./src/arduino/wiring_analog.o
                0x00002b1c                analogWrite
                0x00002ab6                analogReference
                0x00002abc                analogRead
 .text          0x00002c94      0x26e ./src/arduino/wiring_digital.o
                0x00002dea                digitalRead
                0x00002cd4                digitalWrite
                0x00002c94                pinMode
 .text          0x00002f02      0x102 ./src/arduino/wiring_pulse.o
                0x00002f02                pulseIn
 .text          0x00003004       0x82 ./src/arduino/wiring_shift.o
                0x00003004                shiftOut
 .text          0x00003086        0x0 f:/program files/winavr/bin/../lib/gcc/avr/4.3.2/avr51\libgcc.a(_mulsi3.o)
 .text          0x00003086        0x0 f:/program files/winavr/bin/../lib/gcc/avr/4.3.2/avr51\libgcc.a(_divmodhi4.o)
 .text          0x00003086        0x0 f:/program files/winavr/bin/../lib/gcc/avr/4.3.2/avr51\libgcc.a(_udivmodsi4.o)
 .text          0x00003086        0x0 f:/program files/winavr/bin/../lib/gcc/avr/4.3.2/avr51\libgcc.a(_divmodsi4.o)
 .text          0x00003086        0x0 f:/program files/winavr/bin/../lib/gcc/avr/4.3.2/avr51\libgcc.a(_exit.o)
 .text          0x00003086        0x0 f:/program files/winavr/bin/../lib/gcc/avr/4.3.2/avr51\libgcc.a(_clear_bss.o)
 .text          0x00003086        0x0 f:/program files/winavr/bin/../lib/gcc/avr/4.3.2/avr51\libgcc.a(_ctors.o)
 .text          0x00003086        0x0 f:/program files/winavr/bin/../lib/gcc/avr/4.3.2/avr51\libgcc.a(_dtors.o)
 .text          0x00003086       0x58 f:/program files/winavr/bin/../lib/gcc/avr/4.3.2/avr51\libgcc.a(_fixunssfsi.o)
                0x00003086                __fixunssfsi
 .text          0x000030de      0x354 f:/program files/winavr/bin/../lib/gcc/avr/4.3.2/avr51\libgcc.a(_addsub_sf.o)
                0x00003376                __subsf3
                0x000033d8                __addsf3
 .text          0x00003432      0x1f4 f:/program files/winavr/bin/../lib/gcc/avr/4.3.2/avr51\libgcc.a(_mul_sf.o)
                0x00003432                __mulsf3
 .text          0x00003626      0x158 f:/program files/winavr/bin/../lib/gcc/avr/4.3.2/avr51\libgcc.a(_div_sf.o)
                0x00003626                __divsf3
 .text          0x0000377e       0x60 f:/program files/winavr/bin/../lib/gcc/avr/4.3.2/avr51\libgcc.a(_ge_sf.o)
                0x0000377e                __gesf2
 .text          0x000037de       0x60 f:/program files/winavr/bin/../lib/gcc/avr/4.3.2/avr51\libgcc.a(_lt_sf.o)
                0x000037de                __ltsf2
 .text          0x0000383e       0xbc f:/program files/winavr/bin/../lib/gcc/avr/4.3.2/avr51\libgcc.a(_si_to_sf.o)
                0x0000383e                __floatsisf
 .text          0x000038fa       0xa8 f:/program files/winavr/bin/../lib/gcc/avr/4.3.2/avr51\libgcc.a(_sf_to_si.o)
                0x000038fa                __fixsfsi
 .text          0x000039a2        0x0 f:/program files/winavr/bin/../lib/gcc/avr/4.3.2/avr51\libgcc.a(_thenan_sf.o)
 .text          0x000039a2       0xf2 f:/program files/winavr/bin/../lib/gcc/avr/4.3.2/avr51\libgcc.a(_usi_to_sf.o)
                0x000039a2                __floatunsisf
 .text          0x00003a94        0x0 f:/program files/winavr/bin/../lib/gcc/avr/4.3.2/avr51\libgcc.a(_udivmodhi4.o)
 .text          0x00003a94        0x0 f:/program files/winavr/bin/../lib/gcc/avr/4.3.2/avr51\libgcc.a(_prologue.o)
 .text          0x00003a94        0x0 f:/program files/winavr/bin/../lib/gcc/avr/4.3.2/avr51\libgcc.a(_epilogue.o)
 .text          0x00003a94        0x0 f:/program files/winavr/bin/../lib/gcc/avr/4.3.2/avr51\libgcc.a(_tablejump.o)
 .text          0x00003a94       0x9e f:/program files/winavr/bin/../lib/gcc/avr/4.3.2/avr51\libgcc.a(_clzsi2.o)
                0x00003a94                __clzsi2
 .text          0x00003b32      0x1aa f:/program files/winavr/bin/../lib/gcc/avr/4.3.2/avr51\libgcc.a(_pack_sf.o)
                0x00003b32                __pack_f
 .text          0x00003cdc       0xf0 f:/program files/winavr/bin/../lib/gcc/avr/4.3.2/avr51\libgcc.a(_unpack_sf.o)
                0x00003cdc                __unpack_f
 .text          0x00003dcc       0xb2 f:/program files/winavr/bin/../lib/gcc/avr/4.3.2/avr51\libgcc.a(_fpcmp_parts_sf.o)
                0x00003dcc                __fpcmp_parts_f
 .text          0x00003e7e        0x0 f:/program files/winavr/bin/../lib/gcc/avr/4.3.2/avr51\libgcc.a(_clz.o)
 .text          0x00003e7e       0x38 f:/program files/winavr/bin/../lib/gcc/avr/4.3.2/../../../../avr/lib/avr51\libc.a(calloc.o)
                0x00003e7e                calloc
 .text          0x00003eb6      0x20a f:/program files/winavr/bin/../lib/gcc/avr/4.3.2/../../../../avr/lib/avr51\libc.a(malloc.o)
                0x00003eb6                malloc
                0x00004010                free
 .text          0x000040c0       0xc2 f:/program files/winavr/bin/../lib/gcc/avr/4.3.2/../../../../avr/lib/avr51\libc.a(random.o)
                0x00004166                random
                0x00004160                random_r
                0x00004170                srandom
 .text          0x00004182        0xe f:/program files/winavr/bin/../lib/gcc/avr/4.3.2/../../../../avr/lib/avr51\libc.a(memset.o)
                0x00004182                memset
                0x00004190                . = ALIGN (0x2)
 *(.text.*)
 .text.libgcc   0x00004190       0x3e f:/program files/winavr/bin/../lib/gcc/avr/4.3.2/avr51\libgcc.a(_mulsi3.o)
                0x00004190                __mulsi3
 .text.libgcc   0x000041ce       0x26 f:/program files/winavr/bin/../lib/gcc/avr/4.3.2/avr51\libgcc.a(_divmodhi4.o)
                0x000041ce                __divmodhi4
                0x000041ce                _div
 .text.libgcc   0x000041f4       0x44 f:/program files/winavr/bin/../lib/gcc/avr/4.3.2/avr51\libgcc.a(_udivmodsi4.o)
                0x000041f4                __udivmodsi4
 .text.libgcc   0x00004238       0x36 f:/program files/winavr/bin/../lib/gcc/avr/4.3.2/avr51\libgcc.a(_divmodsi4.o)
                0x00004238                __divmodsi4
 .text.libgcc   0x0000426e        0x0 f:/program files/winavr/bin/../lib/gcc/avr/4.3.2/avr51\libgcc.a(_exit.o)
 .text.libgcc   0x0000426e        0x0 f:/program files/winavr/bin/../lib/gcc/avr/4.3.2/avr51\libgcc.a(_clear_bss.o)
 .text.libgcc   0x0000426e        0x0 f:/program files/winavr/bin/../lib/gcc/avr/4.3.2/avr51\libgcc.a(_ctors.o)
 .text.libgcc   0x0000426e        0x0 f:/program files/winavr/bin/../lib/gcc/avr/4.3.2/avr51\libgcc.a(_dtors.o)
 .text.libgcc   0x0000426e       0x28 f:/program files/winavr/bin/../lib/gcc/avr/4.3.2/avr51\libgcc.a(_udivmodhi4.o)
                0x0000426e                __udivmodhi4
 .text.libgcc   0x00004296       0x38 f:/program files/winavr/bin/../lib/gcc/avr/4.3.2/avr51\libgcc.a(_prologue.o)
                0x00004296                __prologue_saves__
 .text.libgcc   0x000042ce       0x36 f:/program files/winavr/bin/../lib/gcc/avr/4.3.2/avr51\libgcc.a(_epilogue.o)
                0x000042ce                __epilogue_restores__
 .text.libgcc   0x00004304        0xc f:/program files/winavr/bin/../lib/gcc/avr/4.3.2/avr51\libgcc.a(_tablejump.o)
                0x00004308                __tablejump__
                0x00004304                __tablejump2__
                0x00004310                . = ALIGN (0x2)
 *(.fini9)
 .fini9         0x00004310        0x0 f:/program files/winavr/bin/../lib/gcc/avr/4.3.2/avr51\libgcc.a(_exit.o)
                0x00004310                exit
                0x00004310                _exit
 *(.fini9)
 *(.fini8)
 *(.fini8)
 *(.fini7)
 *(.fini7)
 *(.fini6)
 .fini6         0x00004310       0x16 f:/program files/winavr/bin/../lib/gcc/avr/4.3.2/avr51\libgcc.a(_dtors.o)
                0x00004310                __do_global_dtors
 *(.fini6)
 *(.fini5)
 *(.fini5)
 *(.fini4)
 *(.fini4)
 *(.fini3)
 *(.fini3)
 *(.fini2)
 *(.fini2)
 *(.fini1)
 *(.fini1)
 *(.fini0)
 .fini0         0x00004326        0x4 f:/program files/winavr/bin/../lib/gcc/avr/4.3.2/avr51\libgcc.a(_exit.o)
 *(.fini0)
                0x0000432a                _etext = .

.data           0x00800200      0x214 load address 0x0000432a
                0x00800200                PROVIDE (__data_start, .)
 *(.data)
 .data          0x00800200        0x0 f:/program files/winavr/bin/../lib/gcc/avr/4.3.2/../../../../avr/lib/avr51/crtm1280.o
 .data          0x00800200        0x0 ./src/Analog.o
 .data          0x00800200        0x0 ./src/ArduinoLink.o
 .data          0x00800200       0x7e ./src/GPS.o
 .data          0x0080027e        0x0 ./src/I2C.o
 .data          0x0080027e       0x76 ./src/main.o
 .data          0x008002f4        0xa ./src/arduino/HardwareSerial.o
                0x008002f4                vtable for HardwareSerial
 .data          0x008002fe        0x2 ./src/arduino/Print.o
 .data          0x00800300        0x0 ./src/arduino/WInterrupts.o
 .data          0x00800300        0x0 ./src/arduino/WMath.o
 .data          0x00800300        0x0 ./src/arduino/Wire.o
 .data          0x00800300        0x0 ./src/arduino/pins_arduino.o
 .data          0x00800300        0x0 ./src/arduino/twi.o
 .data          0x00800300        0x0 ./src/arduino/wiring.o
 .data          0x00800300        0x1 ./src/arduino/wiring_analog.o
                0x00800300                analog_reference
 .data          0x00800301        0x0 ./src/arduino/wiring_digital.o
 .data          0x00800301        0x0 ./src/arduino/wiring_pulse.o
 .data          0x00800301        0x0 ./src/arduino/wiring_shift.o
 .data          0x00800301        0x0 f:/program files/winavr/bin/../lib/gcc/avr/4.3.2/avr51\libgcc.a(_mulsi3.o)
 .data          0x00800301        0x0 f:/program files/winavr/bin/../lib/gcc/avr/4.3.2/avr51\libgcc.a(_divmodhi4.o)
 .data          0x00800301        0x0 f:/program files/winavr/bin/../lib/gcc/avr/4.3.2/avr51\libgcc.a(_udivmodsi4.o)
 .data          0x00800301        0x0 f:/program files/winavr/bin/../lib/gcc/avr/4.3.2/avr51\libgcc.a(_divmodsi4.o)
 .data          0x00800301        0x0 f:/program files/winavr/bin/../lib/gcc/avr/4.3.2/avr51\libgcc.a(_exit.o)
 .data          0x00800301        0x0 f:/program files/winavr/bin/../lib/gcc/avr/4.3.2/avr51\libgcc.a(_clear_bss.o)
 .data          0x00800301        0x0 f:/program files/winavr/bin/../lib/gcc/avr/4.3.2/avr51\libgcc.a(_ctors.o)
 .data          0x00800301        0x0 f:/program files/winavr/bin/../lib/gcc/avr/4.3.2/avr51\libgcc.a(_dtors.o)
 .data          0x00800301        0x0 f:/program files/winavr/bin/../lib/gcc/avr/4.3.2/avr51\libgcc.a(_fixunssfsi.o)
 .data          0x00800301        0x0 f:/program files/winavr/bin/../lib/gcc/avr/4.3.2/avr51\libgcc.a(_addsub_sf.o)
 .data          0x00800301        0x0 f:/program files/winavr/bin/../lib/gcc/avr/4.3.2/avr51\libgcc.a(_mul_sf.o)
 .data          0x00800301        0x0 f:/program files/winavr/bin/../lib/gcc/avr/4.3.2/avr51\libgcc.a(_div_sf.o)
 .data          0x00800301        0x0 f:/program files/winavr/bin/../lib/gcc/avr/4.3.2/avr51\libgcc.a(_ge_sf.o)
 .data          0x00800301        0x0 f:/program files/winavr/bin/../lib/gcc/avr/4.3.2/avr51\libgcc.a(_lt_sf.o)
 .data          0x00800301        0x0 f:/program files/winavr/bin/../lib/gcc/avr/4.3.2/avr51\libgcc.a(_si_to_sf.o)
 .data          0x00800301        0x0 f:/program files/winavr/bin/../lib/gcc/avr/4.3.2/avr51\libgcc.a(_sf_to_si.o)
 .data          0x00800301        0x8 f:/program files/winavr/bin/../lib/gcc/avr/4.3.2/avr51\libgcc.a(_thenan_sf.o)
                0x00800301                __thenan_sf
 .data          0x00800309        0x0 f:/program files/winavr/bin/../lib/gcc/avr/4.3.2/avr51\libgcc.a(_usi_to_sf.o)
 .data          0x00800309        0x0 f:/program files/winavr/bin/../lib/gcc/avr/4.3.2/avr51\libgcc.a(_udivmodhi4.o)
 .data          0x00800309        0x0 f:/program files/winavr/bin/../lib/gcc/avr/4.3.2/avr51\libgcc.a(_prologue.o)
 .data          0x00800309        0x0 f:/program files/winavr/bin/../lib/gcc/avr/4.3.2/avr51\libgcc.a(_epilogue.o)
 .data          0x00800309        0x0 f:/program files/winavr/bin/../lib/gcc/avr/4.3.2/avr51\libgcc.a(_tablejump.o)
 .data          0x00800309        0x0 f:/program files/winavr/bin/../lib/gcc/avr/4.3.2/avr51\libgcc.a(_clzsi2.o)
 .data          0x00800309        0x0 f:/program files/winavr/bin/../lib/gcc/avr/4.3.2/avr51\libgcc.a(_pack_sf.o)
 .data          0x00800309        0x0 f:/program files/winavr/bin/../lib/gcc/avr/4.3.2/avr51\libgcc.a(_unpack_sf.o)
 .data          0x00800309        0x0 f:/program files/winavr/bin/../lib/gcc/avr/4.3.2/avr51\libgcc.a(_fpcmp_parts_sf.o)
 .data          0x00800309      0x100 f:/program files/winavr/bin/../lib/gcc/avr/4.3.2/avr51\libgcc.a(_clz.o)
                0x00800309                __clz_tab
 .data          0x00800409        0x0 f:/program files/winavr/bin/../lib/gcc/avr/4.3.2/../../../../avr/lib/avr51\libc.a(calloc.o)
 .data          0x00800409        0x6 f:/program files/winavr/bin/../lib/gcc/avr/4.3.2/../../../../avr/lib/avr51\libc.a(malloc.o)
                0x0080040b                __malloc_heap_start
                0x0080040d                __malloc_heap_end
                0x00800409                __malloc_margin
 .data          0x0080040f        0x4 f:/program files/winavr/bin/../lib/gcc/avr/4.3.2/../../../../avr/lib/avr51\libc.a(random.o)
 .data          0x00800413        0x0 f:/program files/winavr/bin/../lib/gcc/avr/4.3.2/../../../../avr/lib/avr51\libc.a(memset.o)
 *(.data*)
 *(.rodata)
 *(.rodata*)
 *(.gnu.linkonce.d*)
                0x00800414                . = ALIGN (0x2)
 *fill*         0x00800413        0x1 00
                0x00800414                _edata = .
                0x00800414                PROVIDE (__data_end, .)

.bss            0x00800414      0x317
                0x00800414                PROVIDE (__bss_start, .)
 *(.bss)
 .bss           0x00800414        0x0 f:/program files/winavr/bin/../lib/gcc/avr/4.3.2/../../../../avr/lib/avr51/crtm1280.o
 .bss           0x00800414        0x0 ./src/Analog.o
 .bss           0x00800414        0x1 ./src/ArduinoLink.o
                0x00800414                Brain
 .bss           0x00800415       0x7a ./src/GPS.o
                0x00800415                GPS
 .bss           0x0080048f        0x1 ./src/I2C.o
                0x0080048f                Sonar
 .bss           0x00800490        0x2 ./src/main.o
                0x00800490                val
 .bss           0x00800492      0x25c ./src/arduino/HardwareSerial.o
                0x008006b5                Serial1
                0x00800516                rx_buffer1
                0x008006a2                Serial0
                0x008006db                Serial3
                0x00800492                rx_buffer0
                0x0080059a                rx_buffer2
                0x0080061e                rx_buffer3
                0x008006c8                Serial2
 .bss           0x008006ee        0x0 ./src/arduino/Print.o
 .bss           0x008006ee       0x10 ./src/arduino/WInterrupts.o
 .bss           0x008006fe        0x0 ./src/arduino/WMath.o
 .bss           0x008006fe        0xe ./src/arduino/Wire.o
                0x00800702                TwoWire::txAddress
                0x00800701                TwoWire::rxBufferLength
                0x0080070a                TwoWire::user_onReceive
                0x00800706                TwoWire::txBufferLength
                0x00800705                TwoWire::txBufferIndex
                0x00800703                TwoWire::txBuffer
                0x00800708                TwoWire::user_onRequest
                0x00800700                TwoWire::rxBufferIndex
                0x008006fe                TwoWire::rxBuffer
                0x00800707                TwoWire::transmitting
 .bss           0x0080070c        0x0 ./src/arduino/pins_arduino.o
 .bss           0x0080070c       0x12 ./src/arduino/twi.o
 .bss           0x0080071e        0x9 ./src/arduino/wiring.o
                0x0080071e                timer0_overflow_count
                0x00800722                timer0_millis
 .bss           0x00800727        0x0 ./src/arduino/wiring_analog.o
 .bss           0x00800727        0x0 ./src/arduino/wiring_digital.o
 .bss           0x00800727        0x0 ./src/arduino/wiring_pulse.o
 .bss           0x00800727        0x0 ./src/arduino/wiring_shift.o
 .bss           0x00800727        0x0 f:/program files/winavr/bin/../lib/gcc/avr/4.3.2/avr51\libgcc.a(_mulsi3.o)
 .bss           0x00800727        0x0 f:/program files/winavr/bin/../lib/gcc/avr/4.3.2/avr51\libgcc.a(_divmodhi4.o)
 .bss           0x00800727        0x0 f:/program files/winavr/bin/../lib/gcc/avr/4.3.2/avr51\libgcc.a(_udivmodsi4.o)
 .bss           0x00800727        0x0 f:/program files/winavr/bin/../lib/gcc/avr/4.3.2/avr51\libgcc.a(_divmodsi4.o)
 .bss           0x00800727        0x0 f:/program files/winavr/bin/../lib/gcc/avr/4.3.2/avr51\libgcc.a(_exit.o)
 .bss           0x00800727        0x0 f:/program files/winavr/bin/../lib/gcc/avr/4.3.2/avr51\libgcc.a(_clear_bss.o)
 .bss           0x00800727        0x0 f:/program files/winavr/bin/../lib/gcc/avr/4.3.2/avr51\libgcc.a(_ctors.o)
 .bss           0x00800727        0x0 f:/program files/winavr/bin/../lib/gcc/avr/4.3.2/avr51\libgcc.a(_dtors.o)
 .bss           0x00800727        0x0 f:/program files/winavr/bin/../lib/gcc/avr/4.3.2/avr51\libgcc.a(_fixunssfsi.o)
 .bss           0x00800727        0x0 f:/program files/winavr/bin/../lib/gcc/avr/4.3.2/avr51\libgcc.a(_addsub_sf.o)
 .bss           0x00800727        0x0 f:/program files/winavr/bin/../lib/gcc/avr/4.3.2/avr51\libgcc.a(_mul_sf.o)
 .bss           0x00800727        0x0 f:/program files/winavr/bin/../lib/gcc/avr/4.3.2/avr51\libgcc.a(_div_sf.o)
 .bss           0x00800727        0x0 f:/program files/winavr/bin/../lib/gcc/avr/4.3.2/avr51\libgcc.a(_ge_sf.o)
 .bss           0x00800727        0x0 f:/program files/winavr/bin/../lib/gcc/avr/4.3.2/avr51\libgcc.a(_lt_sf.o)
 .bss           0x00800727        0x0 f:/program files/winavr/bin/../lib/gcc/avr/4.3.2/avr51\libgcc.a(_si_to_sf.o)
 .bss           0x00800727        0x0 f:/program files/winavr/bin/../lib/gcc/avr/4.3.2/avr51\libgcc.a(_sf_to_si.o)
 .bss           0x00800727        0x0 f:/program files/winavr/bin/../lib/gcc/avr/4.3.2/avr51\libgcc.a(_thenan_sf.o)
 .bss           0x00800727        0x0 f:/program files/winavr/bin/../lib/gcc/avr/4.3.2/avr51\libgcc.a(_usi_to_sf.o)
 .bss           0x00800727        0x0 f:/program files/winavr/bin/../lib/gcc/avr/4.3.2/avr51\libgcc.a(_udivmodhi4.o)
 .bss           0x00800727        0x0 f:/program files/winavr/bin/../lib/gcc/avr/4.3.2/avr51\libgcc.a(_prologue.o)
 .bss           0x00800727        0x0 f:/program files/winavr/bin/../lib/gcc/avr/4.3.2/avr51\libgcc.a(_epilogue.o)
 .bss           0x00800727        0x0 f:/program files/winavr/bin/../lib/gcc/avr/4.3.2/avr51\libgcc.a(_tablejump.o)
 .bss           0x00800727        0x0 f:/program files/winavr/bin/../lib/gcc/avr/4.3.2/avr51\libgcc.a(_clzsi2.o)
 .bss           0x00800727        0x0 f:/program files/winavr/bin/../lib/gcc/avr/4.3.2/avr51\libgcc.a(_pack_sf.o)
 .bss           0x00800727        0x0 f:/program files/winavr/bin/../lib/gcc/avr/4.3.2/avr51\libgcc.a(_unpack_sf.o)
 .bss           0x00800727        0x0 f:/program files/winavr/bin/../lib/gcc/avr/4.3.2/avr51\libgcc.a(_fpcmp_parts_sf.o)
 .bss           0x00800727        0x0 f:/program files/winavr/bin/../lib/gcc/avr/4.3.2/avr51\libgcc.a(_clz.o)
 .bss           0x00800727        0x0 f:/program files/winavr/bin/../lib/gcc/avr/4.3.2/../../../../avr/lib/avr51\libc.a(calloc.o)
 .bss           0x00800727        0x0 f:/program files/winavr/bin/../lib/gcc/avr/4.3.2/../../../../avr/lib/avr51\libc.a(malloc.o)
 .bss           0x00800727        0x0 f:/program files/winavr/bin/../lib/gcc/avr/4.3.2/../../../../avr/lib/avr51\libc.a(random.o)
 .bss           0x00800727        0x0 f:/program files/winavr/bin/../lib/gcc/avr/4.3.2/../../../../avr/lib/avr51\libc.a(memset.o)
 *(.bss*)
 *(COMMON)
 COMMON         0x00800727        0x4 f:/program files/winavr/bin/../lib/gcc/avr/4.3.2/../../../../avr/lib/avr51\libc.a(malloc.o)
                0x00800727                __brkval
                0x00800729                __flp
                0x0080072b                PROVIDE (__bss_end, .)
                0x0000432a                __data_load_start = LOADADDR (.data)
                0x0000453e                __data_load_end = (__data_load_start + SIZEOF (.data))

.noinit         0x0080072b        0x0
                0x0080072b                PROVIDE (__noinit_start, .)
 *(.noinit*)
                0x0080072b                PROVIDE (__noinit_end, .)
                0x0080072b                _end = .
                0x0080072b                PROVIDE (__heap_start, .)

.eeprom         0x00810000        0x0
 *(.eeprom*)
                0x00810000                __eeprom_end = .

.fuse
 *(.fuse)
 *(.lfuse)
 *(.hfuse)
 *(.efuse)

.lock
 *(.lock*)

.signature
 *(.signature*)

.stab
 *(.stab)

.stabstr
 *(.stabstr)

.stab.excl
 *(.stab.excl)

.stab.exclstr
 *(.stab.exclstr)

.stab.index
 *(.stab.index)

.stab.indexstr
 *(.stab.indexstr)

.comment
 *(.comment)

.debug
 *(.debug)

.line
 *(.line)

.debug_srcinfo
 *(.debug_srcinfo)

.debug_sfnames
 *(.debug_sfnames)

.debug_aranges
 *(.debug_aranges)

.debug_pubnames
 *(.debug_pubnames)

.debug_info
 *(.debug_info)
 *(.gnu.linkonce.wi.*)

.debug_abbrev
 *(.debug_abbrev)

.debug_line
 *(.debug_line)

.debug_frame
 *(.debug_frame)

.debug_str
 *(.debug_str)

.debug_loc
 *(.debug_loc)

.debug_macinfo
 *(.debug_macinfo)
OUTPUT(insula.elf elf32-avr)
LOAD linker stubs

Cross Reference Table

Symbol                                            File
Analog::Analog()                                  ./src/Analog.o
Analog::Analog()                                  ./src/Analog.o
Analog::~Analog()                                 ./src/Analog.o
Analog::~Analog()                                 ./src/Analog.o
ArduinoLink::ArduinoLink()                        ./src/ArduinoLink.o
ArduinoLink::ArduinoLink()                        ./src/ArduinoLink.o
Brain                                             ./src/ArduinoLink.o
CLI(char*)                                        ./src/main.o
GPS                                               ./src/GPS.o
                                                  ./src/main.o
HardwareSerial::HardwareSerial(ring_buffer*, unsigned char volatile*, unsigned char volatile*, unsigned char volatile*, unsigned char volatile*, unsigned char volatile*, unsigned char, unsigned char, unsigned char, unsigned char) ./src/arduino/HardwareSerial.o
HardwareSerial::HardwareSerial(ring_buffer*, unsigned char volatile*, unsigned char volatile*, unsigned char volatile*, unsigned char volatile*, unsigned char volatile*, unsigned char, unsigned char, unsigned char, unsigned char) ./src/arduino/HardwareSerial.o
HardwareSerial::available()                       ./src/arduino/HardwareSerial.o
                                                  ./src/main.o
                                                  ./src/GPS.o
HardwareSerial::begin(long)                       ./src/arduino/HardwareSerial.o
                                                  ./src/main.o
                                                  ./src/GPS.o
                                                  ./src/ArduinoLink.o
HardwareSerial::flush()                           ./src/arduino/HardwareSerial.o
                                                  ./src/main.o
                                                  ./src/GPS.o
HardwareSerial::read()                            ./src/arduino/HardwareSerial.o
                                                  ./src/main.o
                                                  ./src/GPS.o
HardwareSerial::write(unsigned char)              ./src/arduino/HardwareSerial.o
                                                  ./src/main.o
Print::print(char const*)                         ./src/arduino/Print.o
                                                  ./src/main.o
Print::print(char)                                ./src/arduino/Print.o
                                                  ./src/main.o
                                                  ./src/GPS.o
Print::print(double)                              ./src/arduino/Print.o
Print::print(int)                                 ./src/arduino/Print.o
                                                  ./src/main.o
Print::print(long)                                ./src/arduino/Print.o
Print::print(long, int)                           ./src/arduino/Print.o
                                                  ./src/main.o
Print::print(unsigned char)                       ./src/arduino/Print.o
Print::print(unsigned int)                        ./src/arduino/Print.o
Print::print(unsigned long)                       ./src/arduino/Print.o
Print::printFloat(double, unsigned char)          ./src/arduino/Print.o
Print::printNumber(unsigned long, unsigned char)  ./src/arduino/Print.o
Print::println()                                  ./src/arduino/Print.o
                                                  ./src/main.o
Print::println(char const*)                       ./src/arduino/Print.o
                                                  ./src/main.o
                                                  ./src/GPS.o
Print::println(char)                              ./src/arduino/Print.o
                                                  ./src/main.o
Print::println(double)                            ./src/arduino/Print.o
Print::println(int)                               ./src/arduino/Print.o
                                                  ./src/main.o
Print::println(long)                              ./src/arduino/Print.o
Print::println(long, int)                         ./src/arduino/Print.o
Print::println(unsigned char)                     ./src/arduino/Print.o
Print::println(unsigned int)                      ./src/arduino/Print.o
Print::println(unsigned long)                     ./src/arduino/Print.o
                                                  ./src/main.o
Print::write(char const*)                         ./src/arduino/Print.o
                                                  ./src/arduino/HardwareSerial.o
                                                  ./src/main.o
Print::write(unsigned char const*, unsigned int)  ./src/arduino/Print.o
                                                  ./src/arduino/HardwareSerial.o
SRF08::SRF08()                                    ./src/I2C.o
SRF08::SRF08()                                    ./src/I2C.o
SRF08::ping(unsigned char, unsigned char)         ./src/I2C.o
SRF08::range(unsigned char)                       ./src/I2C.o
                                                  ./src/main.o
SRF08::write_reg(unsigned char, unsigned char, char) ./src/I2C.o
Serial0                                           ./src/arduino/HardwareSerial.o
                                                  ./src/main.o
                                                  ./src/GPS.o
Serial1                                           ./src/arduino/HardwareSerial.o
                                                  ./src/main.o
                                                  ./src/GPS.o
                                                  ./src/ArduinoLink.o
Serial2                                           ./src/arduino/HardwareSerial.o
Serial3                                           ./src/arduino/HardwareSerial.o
Sonar                                             ./src/I2C.o
                                                  ./src/main.o
TwoWire::begin()                                  ./src/arduino/Wire.o
                                                  ./src/I2C.o
TwoWire::begin(unsigned char)                     ./src/arduino/Wire.o
TwoWire::beginTransmission(unsigned char)         ./src/arduino/Wire.o
                                                  ./src/I2C.o
TwoWire::endTransmission()                        ./src/arduino/Wire.o
                                                  ./src/I2C.o
TwoWire::onReceive(void (*)(int))                 ./src/arduino/Wire.o
TwoWire::onReceiveService(unsigned char*, int)    ./src/arduino/Wire.o
TwoWire::onRequest(void (*)())                    ./src/arduino/Wire.o
TwoWire::onRequestService()                       ./src/arduino/Wire.o
TwoWire::receive()                                ./src/arduino/Wire.o
                                                  ./src/I2C.o
TwoWire::requestFrom(unsigned char, unsigned char) ./src/arduino/Wire.o
                                                  ./src/I2C.o
TwoWire::rxBuffer                                 ./src/arduino/Wire.o
TwoWire::rxBufferIndex                            ./src/arduino/Wire.o
                                                  ./src/I2C.o
TwoWire::rxBufferLength                           ./src/arduino/Wire.o
                                                  ./src/I2C.o
TwoWire::send(unsigned char)                      ./src/arduino/Wire.o
                                                  ./src/I2C.o
TwoWire::send(unsigned char*, unsigned char)      ./src/arduino/Wire.o
TwoWire::transmitting                             ./src/arduino/Wire.o
TwoWire::txAddress                                ./src/arduino/Wire.o
TwoWire::txBuffer                                 ./src/arduino/Wire.o
TwoWire::txBufferIndex                            ./src/arduino/Wire.o
TwoWire::txBufferLength                           ./src/arduino/Wire.o
TwoWire::user_onReceive                           ./src/arduino/Wire.o
TwoWire::user_onRequest                           ./src/arduino/Wire.o
_GPS::_GPS(long)                                  ./src/GPS.o
_GPS::_GPS(long)                                  ./src/GPS.o
_GPS::calc_checksum(char*)                        ./src/GPS.o
_GPS::fill()                                      ./src/GPS.o
                                                  ./src/main.o
_GPS::get(_GPS::data_types)                       ./src/GPS.o
                                                  ./src/main.o
_GPS::parse()                                     ./src/GPS.o
                                                  ./src/main.o
_GPS::request(_GPS::NMEA_types, unsigned char, unsigned char, unsigned char) ./src/GPS.o
                                                  ./src/main.o
_GPS::send(char*)                                 ./src/GPS.o
_GPS::set_param(long, unsigned char, unsigned char, unsigned char) ./src/GPS.o
                                                  ./src/main.o
_GPS::stop_feed(_GPS::NMEA_types)                 ./src/main.o
__addsf3                                          f:/program files/winavr/bin/../lib/gcc/avr/4.3.2/avr51\libgcc.a(_addsub_sf.o)
                                                  ./src/arduino/Print.o
__bad_interrupt                                   f:/program files/winavr/bin/../lib/gcc/avr/4.3.2/../../../../avr/lib/avr51/crtm1280.o
__brkval                                          f:/program files/winavr/bin/../lib/gcc/avr/4.3.2/../../../../avr/lib/avr51\libc.a(malloc.o)
__bss_end                                         f:/program files/winavr/bin/../lib/gcc/avr/4.3.2/avr51\libgcc.a(_clear_bss.o)
__bss_start                                       f:/program files/winavr/bin/../lib/gcc/avr/4.3.2/avr51\libgcc.a(_clear_bss.o)
__clz_tab                                         f:/program files/winavr/bin/../lib/gcc/avr/4.3.2/avr51\libgcc.a(_clz.o)
                                                  f:/program files/winavr/bin/../lib/gcc/avr/4.3.2/avr51\libgcc.a(_clzsi2.o)
__clzsi2                                          f:/program files/winavr/bin/../lib/gcc/avr/4.3.2/avr51\libgcc.a(_clzsi2.o)
                                                  f:/program files/winavr/bin/../lib/gcc/avr/4.3.2/avr51\libgcc.a(_usi_to_sf.o)
                                                  f:/program files/winavr/bin/../lib/gcc/avr/4.3.2/avr51\libgcc.a(_si_to_sf.o)
__ctors_end                                       f:/program files/winavr/bin/../lib/gcc/avr/4.3.2/avr51\libgcc.a(_ctors.o)
__ctors_start                                     f:/program files/winavr/bin/../lib/gcc/avr/4.3.2/avr51\libgcc.a(_ctors.o)
__data_end                                        f:/program files/winavr/bin/../lib/gcc/avr/4.3.2/../../../../avr/lib/avr51/crtm1280.o
__data_load_start                                 f:/program files/winavr/bin/../lib/gcc/avr/4.3.2/../../../../avr/lib/avr51/crtm1280.o
__data_start                                      f:/program files/winavr/bin/../lib/gcc/avr/4.3.2/../../../../avr/lib/avr51/crtm1280.o
__divmodhi4                                       f:/program files/winavr/bin/../lib/gcc/avr/4.3.2/avr51\libgcc.a(_divmodhi4.o)
                                                  ./src/arduino/HardwareSerial.o
__divmodsi4                                       f:/program files/winavr/bin/../lib/gcc/avr/4.3.2/avr51\libgcc.a(_divmodsi4.o)
                                                  f:/program files/winavr/bin/../lib/gcc/avr/4.3.2/../../../../avr/lib/avr51\libc.a(random.o)
                                                  ./src/arduino/WMath.o
                                                  ./src/arduino/HardwareSerial.o
__divsf3                                          f:/program files/winavr/bin/../lib/gcc/avr/4.3.2/avr51\libgcc.a(_div_sf.o)
                                                  ./src/arduino/Print.o
__do_clear_bss                                    f:/program files/winavr/bin/../lib/gcc/avr/4.3.2/avr51\libgcc.a(_clear_bss.o)
                                                  f:/program files/winavr/bin/../lib/gcc/avr/4.3.2/../../../../avr/lib/avr51\libc.a(malloc.o)
                                                  ./src/arduino/wiring.o
                                                  ./src/arduino/twi.o
                                                  ./src/arduino/Wire.o
                                                  ./src/arduino/WInterrupts.o
                                                  ./src/arduino/HardwareSerial.o
                                                  ./src/main.o
                                                  ./src/I2C.o
                                                  ./src/GPS.o
                                                  ./src/ArduinoLink.o
__do_copy_data                                    f:/program files/winavr/bin/../lib/gcc/avr/4.3.2/../../../../avr/lib/avr51/crtm1280.o
                                                  f:/program files/winavr/bin/../lib/gcc/avr/4.3.2/../../../../avr/lib/avr51\libc.a(random.o)
                                                  f:/program files/winavr/bin/../lib/gcc/avr/4.3.2/../../../../avr/lib/avr51\libc.a(malloc.o)
                                                  f:/program files/winavr/bin/../lib/gcc/avr/4.3.2/avr51\libgcc.a(_clz.o)
                                                  f:/program files/winavr/bin/../lib/gcc/avr/4.3.2/avr51\libgcc.a(_thenan_sf.o)
                                                  ./src/arduino/wiring_analog.o
                                                  ./src/arduino/Print.o
                                                  ./src/arduino/HardwareSerial.o
                                                  ./src/main.o
                                                  ./src/GPS.o
__do_global_ctors                                 f:/program files/winavr/bin/../lib/gcc/avr/4.3.2/avr51\libgcc.a(_ctors.o)
                                                  ./src/arduino/HardwareSerial.o
                                                  ./src/I2C.o
                                                  ./src/GPS.o
                                                  ./src/ArduinoLink.o
__do_global_dtors                                 f:/program files/winavr/bin/../lib/gcc/avr/4.3.2/avr51\libgcc.a(_dtors.o)
                                                  ./src/I2C.o
                                                  ./src/GPS.o
                                                  ./src/ArduinoLink.o
__dtors_end                                       f:/program files/winavr/bin/../lib/gcc/avr/4.3.2/avr51\libgcc.a(_dtors.o)
__dtors_start                                     f:/program files/winavr/bin/../lib/gcc/avr/4.3.2/avr51\libgcc.a(_dtors.o)
__epilogue_restores__                             f:/program files/winavr/bin/../lib/gcc/avr/4.3.2/avr51\libgcc.a(_epilogue.o)
                                                  f:/program files/winavr/bin/../lib/gcc/avr/4.3.2/../../../../avr/lib/avr51\libc.a(random.o)
                                                  f:/program files/winavr/bin/../lib/gcc/avr/4.3.2/avr51\libgcc.a(_usi_to_sf.o)
                                                  f:/program files/winavr/bin/../lib/gcc/avr/4.3.2/avr51\libgcc.a(_sf_to_si.o)
                                                  f:/program files/winavr/bin/../lib/gcc/avr/4.3.2/avr51\libgcc.a(_si_to_sf.o)
                                                  f:/program files/winavr/bin/../lib/gcc/avr/4.3.2/avr51\libgcc.a(_lt_sf.o)
                                                  f:/program files/winavr/bin/../lib/gcc/avr/4.3.2/avr51\libgcc.a(_ge_sf.o)
                                                  f:/program files/winavr/bin/../lib/gcc/avr/4.3.2/avr51\libgcc.a(_div_sf.o)
                                                  f:/program files/winavr/bin/../lib/gcc/avr/4.3.2/avr51\libgcc.a(_mul_sf.o)
                                                  f:/program files/winavr/bin/../lib/gcc/avr/4.3.2/avr51\libgcc.a(_addsub_sf.o)
__fixsfsi                                         f:/program files/winavr/bin/../lib/gcc/avr/4.3.2/avr51\libgcc.a(_sf_to_si.o)
                                                  f:/program files/winavr/bin/../lib/gcc/avr/4.3.2/avr51\libgcc.a(_fixunssfsi.o)
                                                  ./src/arduino/Print.o
__fixunssfsi                                      f:/program files/winavr/bin/../lib/gcc/avr/4.3.2/avr51\libgcc.a(_fixunssfsi.o)
                                                  ./src/arduino/Print.o
__floatsisf                                       f:/program files/winavr/bin/../lib/gcc/avr/4.3.2/avr51\libgcc.a(_si_to_sf.o)
                                                  ./src/arduino/Print.o
__floatunsisf                                     f:/program files/winavr/bin/../lib/gcc/avr/4.3.2/avr51\libgcc.a(_usi_to_sf.o)
                                                  ./src/arduino/Print.o
__flp                                             f:/program files/winavr/bin/../lib/gcc/avr/4.3.2/../../../../avr/lib/avr51\libc.a(malloc.o)
__fpcmp_parts_f                                   f:/program files/winavr/bin/../lib/gcc/avr/4.3.2/avr51\libgcc.a(_fpcmp_parts_sf.o)
                                                  f:/program files/winavr/bin/../lib/gcc/avr/4.3.2/avr51\libgcc.a(_lt_sf.o)
                                                  f:/program files/winavr/bin/../lib/gcc/avr/4.3.2/avr51\libgcc.a(_ge_sf.o)
__gesf2                                           f:/program files/winavr/bin/../lib/gcc/avr/4.3.2/avr51\libgcc.a(_ge_sf.o)
                                                  f:/program files/winavr/bin/../lib/gcc/avr/4.3.2/avr51\libgcc.a(_fixunssfsi.o)
__heap_end                                        f:/program files/winavr/bin/../lib/gcc/avr/4.3.2/../../../../avr/lib/avr51/crtm1280.o
                                                  f:/program files/winavr/bin/../lib/gcc/avr/4.3.2/../../../../avr/lib/avr51\libc.a(malloc.o)
__heap_start                                      f:/program files/winavr/bin/../lib/gcc/avr/4.3.2/../../../../avr/lib/avr51\libc.a(malloc.o)
__init                                            f:/program files/winavr/bin/../lib/gcc/avr/4.3.2/../../../../avr/lib/avr51/crtm1280.o
__ltsf2                                           f:/program files/winavr/bin/../lib/gcc/avr/4.3.2/avr51\libgcc.a(_lt_sf.o)
                                                  ./src/arduino/Print.o
__malloc_heap_end                                 f:/program files/winavr/bin/../lib/gcc/avr/4.3.2/../../../../avr/lib/avr51\libc.a(malloc.o)
__malloc_heap_start                               f:/program files/winavr/bin/../lib/gcc/avr/4.3.2/../../../../avr/lib/avr51\libc.a(malloc.o)
__malloc_margin                                   f:/program files/winavr/bin/../lib/gcc/avr/4.3.2/../../../../avr/lib/avr51\libc.a(malloc.o)
__mulsf3                                          f:/program files/winavr/bin/../lib/gcc/avr/4.3.2/avr51\libgcc.a(_mul_sf.o)
                                                  ./src/arduino/Print.o
__mulsi3                                          f:/program files/winavr/bin/../lib/gcc/avr/4.3.2/avr51\libgcc.a(_mulsi3.o)
                                                  f:/program files/winavr/bin/../lib/gcc/avr/4.3.2/../../../../avr/lib/avr51\libc.a(random.o)
                                                  ./src/arduino/wiring_pulse.o
                                                  ./src/arduino/WMath.o
                                                  ./src/GPS.o
__pack_f                                          f:/program files/winavr/bin/../lib/gcc/avr/4.3.2/avr51\libgcc.a(_pack_sf.o)
                                                  f:/program files/winavr/bin/../lib/gcc/avr/4.3.2/avr51\libgcc.a(_usi_to_sf.o)
                                                  f:/program files/winavr/bin/../lib/gcc/avr/4.3.2/avr51\libgcc.a(_si_to_sf.o)
                                                  f:/program files/winavr/bin/../lib/gcc/avr/4.3.2/avr51\libgcc.a(_div_sf.o)
                                                  f:/program files/winavr/bin/../lib/gcc/avr/4.3.2/avr51\libgcc.a(_mul_sf.o)
                                                  f:/program files/winavr/bin/../lib/gcc/avr/4.3.2/avr51\libgcc.a(_addsub_sf.o)
__prologue_saves__                                f:/program files/winavr/bin/../lib/gcc/avr/4.3.2/avr51\libgcc.a(_prologue.o)
                                                  f:/program files/winavr/bin/../lib/gcc/avr/4.3.2/../../../../avr/lib/avr51\libc.a(random.o)
                                                  f:/program files/winavr/bin/../lib/gcc/avr/4.3.2/avr51\libgcc.a(_usi_to_sf.o)
                                                  f:/program files/winavr/bin/../lib/gcc/avr/4.3.2/avr51\libgcc.a(_sf_to_si.o)
                                                  f:/program files/winavr/bin/../lib/gcc/avr/4.3.2/avr51\libgcc.a(_si_to_sf.o)
                                                  f:/program files/winavr/bin/../lib/gcc/avr/4.3.2/avr51\libgcc.a(_lt_sf.o)
                                                  f:/program files/winavr/bin/../lib/gcc/avr/4.3.2/avr51\libgcc.a(_ge_sf.o)
                                                  f:/program files/winavr/bin/../lib/gcc/avr/4.3.2/avr51\libgcc.a(_div_sf.o)
                                                  f:/program files/winavr/bin/../lib/gcc/avr/4.3.2/avr51\libgcc.a(_mul_sf.o)
                                                  f:/program files/winavr/bin/../lib/gcc/avr/4.3.2/avr51\libgcc.a(_addsub_sf.o)
__stack                                           f:/program files/winavr/bin/../lib/gcc/avr/4.3.2/../../../../avr/lib/avr51/crtm1280.o
__subsf3                                          f:/program files/winavr/bin/../lib/gcc/avr/4.3.2/avr51\libgcc.a(_addsub_sf.o)
                                                  f:/program files/winavr/bin/../lib/gcc/avr/4.3.2/avr51\libgcc.a(_fixunssfsi.o)
                                                  ./src/arduino/Print.o
__tablejump2__                                    f:/program files/winavr/bin/../lib/gcc/avr/4.3.2/avr51\libgcc.a(_tablejump.o)
__tablejump__                                     f:/program files/winavr/bin/../lib/gcc/avr/4.3.2/avr51\libgcc.a(_tablejump.o)
                                                  f:/program files/winavr/bin/../lib/gcc/avr/4.3.2/avr51\libgcc.a(_dtors.o)
                                                  f:/program files/winavr/bin/../lib/gcc/avr/4.3.2/avr51\libgcc.a(_ctors.o)
__thenan_sf                                       f:/program files/winavr/bin/../lib/gcc/avr/4.3.2/avr51\libgcc.a(_thenan_sf.o)
                                                  f:/program files/winavr/bin/../lib/gcc/avr/4.3.2/avr51\libgcc.a(_div_sf.o)
                                                  f:/program files/winavr/bin/../lib/gcc/avr/4.3.2/avr51\libgcc.a(_mul_sf.o)
                                                  f:/program files/winavr/bin/../lib/gcc/avr/4.3.2/avr51\libgcc.a(_addsub_sf.o)
__udivmodhi4                                      f:/program files/winavr/bin/../lib/gcc/avr/4.3.2/avr51\libgcc.a(_udivmodhi4.o)
                                                  f:/program files/winavr/bin/../lib/gcc/avr/4.3.2/avr51\libgcc.a(_divmodhi4.o)
__udivmodsi4                                      f:/program files/winavr/bin/../lib/gcc/avr/4.3.2/avr51\libgcc.a(_udivmodsi4.o)
                                                  f:/program files/winavr/bin/../lib/gcc/avr/4.3.2/avr51\libgcc.a(_divmodsi4.o)
                                                  ./src/arduino/Print.o
                                                  ./src/arduino/HardwareSerial.o
__unpack_f                                        f:/program files/winavr/bin/../lib/gcc/avr/4.3.2/avr51\libgcc.a(_unpack_sf.o)
                                                  f:/program files/winavr/bin/../lib/gcc/avr/4.3.2/avr51\libgcc.a(_sf_to_si.o)
                                                  f:/program files/winavr/bin/../lib/gcc/avr/4.3.2/avr51\libgcc.a(_lt_sf.o)
                                                  f:/program files/winavr/bin/../lib/gcc/avr/4.3.2/avr51\libgcc.a(_ge_sf.o)
                                                  f:/program files/winavr/bin/../lib/gcc/avr/4.3.2/avr51\libgcc.a(_div_sf.o)
                                                  f:/program files/winavr/bin/../lib/gcc/avr/4.3.2/avr51\libgcc.a(_mul_sf.o)
                                                  f:/program files/winavr/bin/../lib/gcc/avr/4.3.2/avr51\libgcc.a(_addsub_sf.o)
__vector_1                                        ./src/arduino/WInterrupts.o
                                                  f:/program files/winavr/bin/../lib/gcc/avr/4.3.2/../../../../avr/lib/avr51/crtm1280.o
__vector_10                                       f:/program files/winavr/bin/../lib/gcc/avr/4.3.2/../../../../avr/lib/avr51/crtm1280.o
__vector_11                                       f:/program files/winavr/bin/../lib/gcc/avr/4.3.2/../../../../avr/lib/avr51/crtm1280.o
__vector_12                                       f:/program files/winavr/bin/../lib/gcc/avr/4.3.2/../../../../avr/lib/avr51/crtm1280.o
__vector_13                                       f:/program files/winavr/bin/../lib/gcc/avr/4.3.2/../../../../avr/lib/avr51/crtm1280.o
__vector_14                                       f:/program files/winavr/bin/../lib/gcc/avr/4.3.2/../../../../avr/lib/avr51/crtm1280.o
__vector_15                                       f:/program files/winavr/bin/../lib/gcc/avr/4.3.2/../../../../avr/lib/avr51/crtm1280.o
__vector_16                                       f:/program files/winavr/bin/../lib/gcc/avr/4.3.2/../../../../avr/lib/avr51/crtm1280.o
__vector_17                                       f:/program files/winavr/bin/../lib/gcc/avr/4.3.2/../../../../avr/lib/avr51/crtm1280.o
__vector_18                                       f:/program files/winavr/bin/../lib/gcc/avr/4.3.2/../../../../avr/lib/avr51/crtm1280.o
__vector_19                                       f:/program files/winavr/bin/../lib/gcc/avr/4.3.2/../../../../avr/lib/avr51/crtm1280.o
__vector_2                                        ./src/arduino/WInterrupts.o
                                                  f:/program files/winavr/bin/../lib/gcc/avr/4.3.2/../../../../avr/lib/avr51/crtm1280.o
__vector_20                                       f:/program files/winavr/bin/../lib/gcc/avr/4.3.2/../../../../avr/lib/avr51/crtm1280.o
__vector_21                                       f:/program files/winavr/bin/../lib/gcc/avr/4.3.2/../../../../avr/lib/avr51/crtm1280.o
__vector_22                                       f:/program files/winavr/bin/../lib/gcc/avr/4.3.2/../../../../avr/lib/avr51/crtm1280.o
__vector_23                                       ./src/arduino/wiring.o
                                                  f:/program files/winavr/bin/../lib/gcc/avr/4.3.2/../../../../avr/lib/avr51/crtm1280.o
__vector_24                                       f:/program files/winavr/bin/../lib/gcc/avr/4.3.2/../../../../avr/lib/avr51/crtm1280.o
__vector_25                                       ./src/arduino/HardwareSerial.o
                                                  f:/program files/winavr/bin/../lib/gcc/avr/4.3.2/../../../../avr/lib/avr51/crtm1280.o
__vector_26                                       f:/program files/winavr/bin/../lib/gcc/avr/4.3.2/../../../../avr/lib/avr51/crtm1280.o
__vector_27                                       f:/program files/winavr/bin/../lib/gcc/avr/4.3.2/../../../../avr/lib/avr51/crtm1280.o
__vector_28                                       f:/program files/winavr/bin/../lib/gcc/avr/4.3.2/../../../../avr/lib/avr51/crtm1280.o
__vector_29                                       f:/program files/winavr/bin/../lib/gcc/avr/4.3.2/../../../../avr/lib/avr51/crtm1280.o
__vector_3                                        ./src/arduino/WInterrupts.o
                                                  f:/program files/winavr/bin/../lib/gcc/avr/4.3.2/../../../../avr/lib/avr51/crtm1280.o
__vector_30                                       f:/program files/winavr/bin/../lib/gcc/avr/4.3.2/../../../../avr/lib/avr51/crtm1280.o
__vector_31                                       f:/program files/winavr/bin/../lib/gcc/avr/4.3.2/../../../../avr/lib/avr51/crtm1280.o
__vector_32                                       f:/program files/winavr/bin/../lib/gcc/avr/4.3.2/../../../../avr/lib/avr51/crtm1280.o
__vector_33                                       f:/program files/winavr/bin/../lib/gcc/avr/4.3.2/../../../../avr/lib/avr51/crtm1280.o
__vector_34                                       f:/program files/winavr/bin/../lib/gcc/avr/4.3.2/../../../../avr/lib/avr51/crtm1280.o
__vector_35                                       f:/program files/winavr/bin/../lib/gcc/avr/4.3.2/../../../../avr/lib/avr51/crtm1280.o
__vector_36                                       ./src/arduino/HardwareSerial.o
                                                  f:/program files/winavr/bin/../lib/gcc/avr/4.3.2/../../../../avr/lib/avr51/crtm1280.o
__vector_37                                       f:/program files/winavr/bin/../lib/gcc/avr/4.3.2/../../../../avr/lib/avr51/crtm1280.o
__vector_38                                       f:/program files/winavr/bin/../lib/gcc/avr/4.3.2/../../../../avr/lib/avr51/crtm1280.o
__vector_39                                       ./src/arduino/twi.o
                                                  f:/program files/winavr/bin/../lib/gcc/avr/4.3.2/../../../../avr/lib/avr51/crtm1280.o
__vector_4                                        ./src/arduino/WInterrupts.o
                                                  f:/program files/winavr/bin/../lib/gcc/avr/4.3.2/../../../../avr/lib/avr51/crtm1280.o
__vector_40                                       f:/program files/winavr/bin/../lib/gcc/avr/4.3.2/../../../../avr/lib/avr51/crtm1280.o
__vector_41                                       f:/program files/winavr/bin/../lib/gcc/avr/4.3.2/../../../../avr/lib/avr51/crtm1280.o
__vector_42                                       f:/program files/winavr/bin/../lib/gcc/avr/4.3.2/../../../../avr/lib/avr51/crtm1280.o
__vector_43                                       f:/program files/winavr/bin/../lib/gcc/avr/4.3.2/../../../../avr/lib/avr51/crtm1280.o
__vector_44                                       f:/program files/winavr/bin/../lib/gcc/avr/4.3.2/../../../../avr/lib/avr51/crtm1280.o
__vector_45                                       f:/program files/winavr/bin/../lib/gcc/avr/4.3.2/../../../../avr/lib/avr51/crtm1280.o
__vector_46                                       f:/program files/winavr/bin/../lib/gcc/avr/4.3.2/../../../../avr/lib/avr51/crtm1280.o
__vector_47                                       f:/program files/winavr/bin/../lib/gcc/avr/4.3.2/../../../../avr/lib/avr51/crtm1280.o
__vector_48                                       f:/program files/winavr/bin/../lib/gcc/avr/4.3.2/../../../../avr/lib/avr51/crtm1280.o
__vector_49                                       f:/program files/winavr/bin/../lib/gcc/avr/4.3.2/../../../../avr/lib/avr51/crtm1280.o
__vector_5                                        ./src/arduino/WInterrupts.o
                                                  f:/program files/winavr/bin/../lib/gcc/avr/4.3.2/../../../../avr/lib/avr51/crtm1280.o
__vector_50                                       f:/program files/winavr/bin/../lib/gcc/avr/4.3.2/../../../../avr/lib/avr51/crtm1280.o
__vector_51                                       ./src/arduino/HardwareSerial.o
                                                  f:/program files/winavr/bin/../lib/gcc/avr/4.3.2/../../../../avr/lib/avr51/crtm1280.o
__vector_52                                       f:/program files/winavr/bin/../lib/gcc/avr/4.3.2/../../../../avr/lib/avr51/crtm1280.o
__vector_53                                       f:/program files/winavr/bin/../lib/gcc/avr/4.3.2/../../../../avr/lib/avr51/crtm1280.o
__vector_54                                       ./src/arduino/HardwareSerial.o
                                                  f:/program files/winavr/bin/../lib/gcc/avr/4.3.2/../../../../avr/lib/avr51/crtm1280.o
__vector_55                                       f:/program files/winavr/bin/../lib/gcc/avr/4.3.2/../../../../avr/lib/avr51/crtm1280.o
__vector_56                                       f:/program files/winavr/bin/../lib/gcc/avr/4.3.2/../../../../avr/lib/avr51/crtm1280.o
__vector_6                                        ./src/arduino/WInterrupts.o
                                                  f:/program files/winavr/bin/../lib/gcc/avr/4.3.2/../../../../avr/lib/avr51/crtm1280.o
__vector_7                                        ./src/arduino/WInterrupts.o
                                                  f:/program files/winavr/bin/../lib/gcc/avr/4.3.2/../../../../avr/lib/avr51/crtm1280.o
__vector_8                                        ./src/arduino/WInterrupts.o
                                                  f:/program files/winavr/bin/../lib/gcc/avr/4.3.2/../../../../avr/lib/avr51/crtm1280.o
__vector_9                                        f:/program files/winavr/bin/../lib/gcc/avr/4.3.2/../../../../avr/lib/avr51/crtm1280.o
__vector_default                                  f:/program files/winavr/bin/../lib/gcc/avr/4.3.2/../../../../avr/lib/avr51/crtm1280.o
__vectors                                         f:/program files/winavr/bin/../lib/gcc/avr/4.3.2/../../../../avr/lib/avr51/crtm1280.o
_div                                              f:/program files/winavr/bin/../lib/gcc/avr/4.3.2/avr51\libgcc.a(_divmodhi4.o)
_exit                                             f:/program files/winavr/bin/../lib/gcc/avr/4.3.2/avr51\libgcc.a(_exit.o)
analogRead                                        ./src/arduino/wiring_analog.o
analogReference                                   ./src/arduino/wiring_analog.o
analogWrite                                       ./src/arduino/wiring_analog.o
analog_reference                                  ./src/arduino/wiring_analog.o
attachInterrupt                                   ./src/arduino/WInterrupts.o
calloc                                            f:/program files/winavr/bin/../lib/gcc/avr/4.3.2/../../../../avr/lib/avr51\libc.a(calloc.o)
                                                  ./src/arduino/twi.o
                                                  ./src/arduino/Wire.o
delay                                             ./src/arduino/wiring.o
                                                  ./src/I2C.o
                                                  ./src/GPS.o
delayMicroseconds                                 ./src/arduino/wiring.o
detachInterrupt                                   ./src/arduino/WInterrupts.o
digitalRead                                       ./src/arduino/wiring_digital.o
digitalWrite                                      ./src/arduino/wiring_digital.o
                                                  ./src/arduino/wiring_shift.o
                                                  ./src/arduino/wiring_analog.o
digital_pin_to_bit_mask_PGM                       ./src/arduino/pins_arduino.o
                                                  ./src/arduino/wiring_pulse.o
                                                  ./src/arduino/wiring_digital.o
digital_pin_to_port_PGM                           ./src/arduino/pins_arduino.o
                                                  ./src/arduino/wiring_pulse.o
                                                  ./src/arduino/wiring_digital.o
digital_pin_to_timer_PGM                          ./src/arduino/pins_arduino.o
                                                  ./src/arduino/wiring_digital.o
                                                  ./src/arduino/wiring_analog.o
exit                                              f:/program files/winavr/bin/../lib/gcc/avr/4.3.2/avr51\libgcc.a(_exit.o)
                                                  f:/program files/winavr/bin/../lib/gcc/avr/4.3.2/../../../../avr/lib/avr51/crtm1280.o
free                                              f:/program files/winavr/bin/../lib/gcc/avr/4.3.2/../../../../avr/lib/avr51\libc.a(malloc.o)
init                                              ./src/arduino/wiring.o
                                                  ./src/main.o
loop                                              ./src/main.o
main                                              ./src/main.o
                                                  f:/program files/winavr/bin/../lib/gcc/avr/4.3.2/../../../../avr/lib/avr51/crtm1280.o
makeWord(unsigned char, unsigned char)            ./src/arduino/WMath.o
makeWord(unsigned int)                            ./src/arduino/WMath.o
malloc                                            f:/program files/winavr/bin/../lib/gcc/avr/4.3.2/../../../../avr/lib/avr51\libc.a(malloc.o)
                                                  f:/program files/winavr/bin/../lib/gcc/avr/4.3.2/../../../../avr/lib/avr51\libc.a(calloc.o)
map(long, long, long, long, long)                 ./src/arduino/WMath.o
memset                                            f:/program files/winavr/bin/../lib/gcc/avr/4.3.2/../../../../avr/lib/avr51\libc.a(memset.o)
                                                  f:/program files/winavr/bin/../lib/gcc/avr/4.3.2/../../../../avr/lib/avr51\libc.a(calloc.o)
micros                                            ./src/arduino/wiring.o
millis                                            ./src/arduino/wiring.o
pinMode                                           ./src/arduino/wiring_digital.o
                                                  ./src/arduino/wiring_analog.o
port_to_input_PGM                                 ./src/arduino/pins_arduino.o
                                                  ./src/arduino/wiring_pulse.o
                                                  ./src/arduino/wiring_digital.o
port_to_mode_PGM                                  ./src/arduino/pins_arduino.o
                                                  ./src/arduino/wiring_digital.o
port_to_output_PGM                                ./src/arduino/pins_arduino.o
                                                  ./src/arduino/wiring_digital.o
pulseIn                                           ./src/arduino/wiring_pulse.o
random                                            f:/program files/winavr/bin/../lib/gcc/avr/4.3.2/../../../../avr/lib/avr51\libc.a(random.o)
                                                  ./src/arduino/WMath.o
random(long)                                      ./src/arduino/WMath.o
random(long, long)                                ./src/arduino/WMath.o
randomSeed(unsigned int)                          ./src/arduino/WMath.o
random_r                                          f:/program files/winavr/bin/../lib/gcc/avr/4.3.2/../../../../avr/lib/avr51\libc.a(random.o)
rx_buffer0                                        ./src/arduino/HardwareSerial.o
rx_buffer1                                        ./src/arduino/HardwareSerial.o
rx_buffer2                                        ./src/arduino/HardwareSerial.o
rx_buffer3                                        ./src/arduino/HardwareSerial.o
setup                                             ./src/main.o
shiftOut                                          ./src/arduino/wiring_shift.o
srandom                                           f:/program files/winavr/bin/../lib/gcc/avr/4.3.2/../../../../avr/lib/avr51\libc.a(random.o)
                                                  ./src/arduino/WMath.o
timer0_millis                                     ./src/arduino/wiring.o
timer0_overflow_count                             ./src/arduino/wiring.o
twi_attachSlaveRxEvent                            ./src/arduino/twi.o
                                                  ./src/arduino/Wire.o
twi_attachSlaveTxEvent                            ./src/arduino/twi.o
                                                  ./src/arduino/Wire.o
twi_init                                          ./src/arduino/twi.o
                                                  ./src/arduino/Wire.o
twi_readFrom                                      ./src/arduino/twi.o
                                                  ./src/arduino/Wire.o
twi_releaseBus                                    ./src/arduino/twi.o
twi_reply                                         ./src/arduino/twi.o
twi_setAddress                                    ./src/arduino/twi.o
                                                  ./src/arduino/Wire.o
twi_stop                                          ./src/arduino/twi.o
twi_transmit                                      ./src/arduino/twi.o
                                                  ./src/arduino/Wire.o
twi_writeTo                                       ./src/arduino/twi.o
                                                  ./src/arduino/Wire.o
val                                               ./src/main.o
vtable for HardwareSerial                         ./src/arduino/HardwareSerial.o
