Archive member included because of file (symbol)

/usr/lib/gcc/avr/4.3.2/avr51/libgcc.a(_mulsi3.o)
                              ./src/GPS.o (__mulsi3)
/usr/lib/gcc/avr/4.3.2/avr51/libgcc.a(_divmodhi4.o)
                              ./src/arduino/HardwareSerial.o (__divmodhi4)
/usr/lib/gcc/avr/4.3.2/avr51/libgcc.a(_udivmodsi4.o)
                              ./src/arduino/HardwareSerial.o (__udivmodsi4)
/usr/lib/gcc/avr/4.3.2/avr51/libgcc.a(_divmodsi4.o)
                              ./src/arduino/HardwareSerial.o (__divmodsi4)
/usr/lib/gcc/avr/4.3.2/avr51/libgcc.a(_exit.o)
                              /usr/lib/gcc/avr/4.3.2/../../../avr/lib/avr51/crtm1280.o (exit)
/usr/lib/gcc/avr/4.3.2/avr51/libgcc.a(_clear_bss.o)
                              ./src/Analog.o (__do_clear_bss)
/usr/lib/gcc/avr/4.3.2/avr51/libgcc.a(_ctors.o)
                              ./src/ArduinoLink.o (__do_global_ctors)
/usr/lib/gcc/avr/4.3.2/avr51/libgcc.a(_dtors.o)
                              ./src/ArduinoLink.o (__do_global_dtors)
/usr/lib/gcc/avr/4.3.2/avr51/libgcc.a(_fixunssfsi.o)
                              ./src/arduino/Print.o (__fixunssfsi)
/usr/lib/gcc/avr/4.3.2/avr51/libgcc.a(_addsub_sf.o)
                              ./src/arduino/Print.o (__subsf3)
/usr/lib/gcc/avr/4.3.2/avr51/libgcc.a(_mul_sf.o)
                              ./src/arduino/Print.o (__mulsf3)
/usr/lib/gcc/avr/4.3.2/avr51/libgcc.a(_div_sf.o)
                              ./src/arduino/Print.o (__divsf3)
/usr/lib/gcc/avr/4.3.2/avr51/libgcc.a(_ge_sf.o)
                              /usr/lib/gcc/avr/4.3.2/avr51/libgcc.a(_fixunssfsi.o) (__gesf2)
/usr/lib/gcc/avr/4.3.2/avr51/libgcc.a(_lt_sf.o)
                              ./src/arduino/Print.o (__ltsf2)
/usr/lib/gcc/avr/4.3.2/avr51/libgcc.a(_si_to_sf.o)
                              ./src/arduino/Print.o (__floatsisf)
/usr/lib/gcc/avr/4.3.2/avr51/libgcc.a(_sf_to_si.o)
                              ./src/arduino/Print.o (__fixsfsi)
/usr/lib/gcc/avr/4.3.2/avr51/libgcc.a(_thenan_sf.o)
                              /usr/lib/gcc/avr/4.3.2/avr51/libgcc.a(_addsub_sf.o) (__thenan_sf)
/usr/lib/gcc/avr/4.3.2/avr51/libgcc.a(_usi_to_sf.o)
                              ./src/arduino/Print.o (__floatunsisf)
/usr/lib/gcc/avr/4.3.2/avr51/libgcc.a(_udivmodhi4.o)
                              /usr/lib/gcc/avr/4.3.2/avr51/libgcc.a(_divmodhi4.o) (__udivmodhi4)
/usr/lib/gcc/avr/4.3.2/avr51/libgcc.a(_prologue.o)
                              /usr/lib/gcc/avr/4.3.2/avr51/libgcc.a(_addsub_sf.o) (__prologue_saves__)
/usr/lib/gcc/avr/4.3.2/avr51/libgcc.a(_epilogue.o)
                              /usr/lib/gcc/avr/4.3.2/avr51/libgcc.a(_addsub_sf.o) (__epilogue_restores__)
/usr/lib/gcc/avr/4.3.2/avr51/libgcc.a(_tablejump.o)
                              /usr/lib/gcc/avr/4.3.2/avr51/libgcc.a(_ctors.o) (__tablejump__)
/usr/lib/gcc/avr/4.3.2/avr51/libgcc.a(_clzsi2.o)
                              /usr/lib/gcc/avr/4.3.2/avr51/libgcc.a(_si_to_sf.o) (__clzsi2)
/usr/lib/gcc/avr/4.3.2/avr51/libgcc.a(_pack_sf.o)
                              /usr/lib/gcc/avr/4.3.2/avr51/libgcc.a(_addsub_sf.o) (__pack_f)
/usr/lib/gcc/avr/4.3.2/avr51/libgcc.a(_unpack_sf.o)
                              /usr/lib/gcc/avr/4.3.2/avr51/libgcc.a(_addsub_sf.o) (__unpack_f)
/usr/lib/gcc/avr/4.3.2/avr51/libgcc.a(_fpcmp_parts_sf.o)
                              /usr/lib/gcc/avr/4.3.2/avr51/libgcc.a(_ge_sf.o) (__fpcmp_parts_f)
/usr/lib/gcc/avr/4.3.2/avr51/libgcc.a(_clz.o)
                              /usr/lib/gcc/avr/4.3.2/avr51/libgcc.a(_clzsi2.o) (__clz_tab)
/usr/lib/gcc/avr/4.3.2/../../../avr/lib/avr51/libc.a(calloc.o)
                              ./src/arduino/Wire.o (calloc)
/usr/lib/gcc/avr/4.3.2/../../../avr/lib/avr51/libc.a(malloc.o)
                              /usr/lib/gcc/avr/4.3.2/../../../avr/lib/avr51/libc.a(calloc.o) (malloc)
/usr/lib/gcc/avr/4.3.2/../../../avr/lib/avr51/libc.a(random.o)
                              ./src/arduino/WMath.o (random)
/usr/lib/gcc/avr/4.3.2/../../../avr/lib/avr51/libc.a(memset.o)
                              /usr/lib/gcc/avr/4.3.2/../../../avr/lib/avr51/libc.a(calloc.o) (memset)

Allocating common symbols
Common symbol       size              file

__brkval            0x2               /usr/lib/gcc/avr/4.3.2/../../../avr/lib/avr51/libc.a(malloc.o)
__flp               0x2               /usr/lib/gcc/avr/4.3.2/../../../avr/lib/avr51/libc.a(malloc.o)

Memory Configuration

Name             Origin             Length             Attributes
text             0x00000000         0x00020000         xr
data             0x00800060         0x0000ffa0         rw !x
eeprom           0x00810000         0x00010000         rw !x
fuse             0x00820000         0x00000400         rw !x
lock             0x00830000         0x00000400         rw !x
signature        0x00840000         0x00000400         rw !x
*default*        0x00000000         0xffffffff

Linker script and memory map

Address of section .data set to 0x800200
LOAD /usr/lib/gcc/avr/4.3.2/../../../avr/lib/avr51/crtm1280.o
LOAD ./src/Analog.o
LOAD ./src/ArduinoLink.o
LOAD ./src/GPS.o
LOAD ./src/I2C.o
LOAD ./src/main.o
LOAD ./src/arduino/HardwareSerial.o
LOAD ./src/arduino/Print.o
LOAD ./src/arduino/WInterrupts.o
LOAD ./src/arduino/WMath.o
LOAD ./src/arduino/Wire.o
LOAD ./src/arduino/pins_arduino.o
LOAD ./src/arduino/twi.o
LOAD ./src/arduino/wiring.o
LOAD ./src/arduino/wiring_analog.o
LOAD ./src/arduino/wiring_digital.o
LOAD ./src/arduino/wiring_pulse.o
LOAD ./src/arduino/wiring_shift.o
LOAD /usr/lib/gcc/avr/4.3.2/avr51/libgcc.a
LOAD /usr/lib/gcc/avr/4.3.2/../../../avr/lib/avr51/libm.a
LOAD /usr/lib/gcc/avr/4.3.2/avr51/libgcc.a
LOAD /usr/lib/gcc/avr/4.3.2/../../../avr/lib/avr51/libc.a
LOAD /usr/lib/gcc/avr/4.3.2/avr51/libgcc.a

.hash
 *(.hash)

.dynsym
 *(.dynsym)

.dynstr
 *(.dynstr)

.gnu.version
 *(.gnu.version)

.gnu.version_d
 *(.gnu.version_d)

.gnu.version_r
 *(.gnu.version_r)

.rel.init
 *(.rel.init)

.rela.init
 *(.rela.init)

.rel.text
 *(.rel.text)
 *(.rel.text.*)
 *(.rel.gnu.linkonce.t*)

.rela.text
 *(.rela.text)
 *(.rela.text.*)
 *(.rela.gnu.linkonce.t*)

.rel.fini
 *(.rel.fini)

.rela.fini
 *(.rela.fini)

.rel.rodata
 *(.rel.rodata)
 *(.rel.rodata.*)
 *(.rel.gnu.linkonce.r*)

.rela.rodata
 *(.rela.rodata)
 *(.rela.rodata.*)
 *(.rela.gnu.linkonce.r*)

.rel.data
 *(.rel.data)
 *(.rel.data.*)
 *(.rel.gnu.linkonce.d*)

.rela.data
 *(.rela.data)
 *(.rela.data.*)
 *(.rela.gnu.linkonce.d*)

.rel.ctors
 *(.rel.ctors)

.rela.ctors
 *(.rela.ctors)

.rel.dtors
 *(.rel.dtors)

.rela.dtors
 *(.rela.dtors)

.rel.got
 *(.rel.got)

.rela.got
 *(.rela.got)

.rel.bss
 *(.rel.bss)

.rela.bss
 *(.rela.bss)

.rel.plt
 *(.rel.plt)

.rela.plt
 *(.rela.plt)

.text           0x00000000     0x3f64
 *(.vectors)
 .vectors       0x00000000       0xe4 /usr/lib/gcc/avr/4.3.2/../../../avr/lib/avr51/crtm1280.o
                0x00000000                __vectors
                0x00000000                __vector_default
 *(.vectors)
 *(.progmem.gcc*)
 *(.progmem*)
 .progmem.data  0x000000e4      0x120 ./src/arduino/pins_arduino.o
                0x000000e4                port_to_mode_PGM
                0x00000132                digital_pin_to_port_PGM
                0x00000178                digital_pin_to_bit_mask_PGM
                0x000000fe                port_to_output_PGM
                0x00000118                port_to_input_PGM
                0x000001be                digital_pin_to_timer_PGM
                0x00000204                . = ALIGN (0x2)
                0x00000204                __trampolines_start = .
 *(.trampolines)
 .trampolines   0x00000204        0x0 linker stubs
 *(.trampolines*)
                0x00000204                __trampolines_end = .
 *(.jumptables)
 *(.jumptables*)
 *(.lowtext)
 *(.lowtext*)
                0x00000204                __ctors_start = .
 *(.ctors)
 .ctors         0x00000204        0x2 ./src/ArduinoLink.o
 .ctors         0x00000206        0x2 ./src/GPS.o
 .ctors         0x00000208        0x2 ./src/I2C.o
 .ctors         0x0000020a        0x2 ./src/arduino/HardwareSerial.o
                0x0000020c                __ctors_end = .
                0x0000020c                __dtors_start = .
 *(.dtors)
 .dtors         0x0000020c        0x2 ./src/ArduinoLink.o
 .dtors         0x0000020e        0x2 ./src/GPS.o
 .dtors         0x00000210        0x2 ./src/I2C.o
                0x00000212                __dtors_end = .
 SORT(*)(.ctors)
 SORT(*)(.dtors)
 *(.init0)
 .init0         0x00000212        0x0 /usr/lib/gcc/avr/4.3.2/../../../avr/lib/avr51/crtm1280.o
                0x00000212                __init
 *(.init0)
 *(.init1)
 *(.init1)
 *(.init2)
 .init2         0x00000212        0xc /usr/lib/gcc/avr/4.3.2/../../../avr/lib/avr51/crtm1280.o
 *(.init2)
 *(.init3)
 *(.init3)
 *(.init4)
 .init4         0x0000021e       0x1a /usr/lib/gcc/avr/4.3.2/../../../avr/lib/avr51/crtm1280.o
                0x0000021e                __do_copy_data
 .init4         0x00000238       0x10 /usr/lib/gcc/avr/4.3.2/avr51/libgcc.a(_clear_bss.o)
                0x00000238                __do_clear_bss
 *(.init4)
 *(.init5)
 *(.init5)
 *(.init6)
 .init6         0x00000248       0x16 /usr/lib/gcc/avr/4.3.2/avr51/libgcc.a(_ctors.o)
                0x00000248                __do_global_ctors
 *(.init6)
 *(.init7)
 *(.init7)
 *(.init8)
 *(.init8)
 *(.init9)
 .init9         0x0000025e        0x8 /usr/lib/gcc/avr/4.3.2/../../../avr/lib/avr51/crtm1280.o
 *(.init9)
 *(.text)
 .text          0x00000266        0x4 /usr/lib/gcc/avr/4.3.2/../../../avr/lib/avr51/crtm1280.o
                0x00000266                __vector_38
                0x00000266                __vector_22
                0x00000266                __vector_28
                0x00000266                __vector_32
                0x00000266                __vector_34
                0x00000266                __vector_24
                0x00000266                __vector_12
                0x00000266                __vector_55
                0x00000266                __vector_46
                0x00000266                __bad_interrupt
                0x00000266                __vector_31
                0x00000266                __vector_35
                0x00000266                __vector_30
                0x00000266                __vector_45
                0x00000266                __vector_11
                0x00000266                __vector_13
                0x00000266                __vector_17
                0x00000266                __vector_19
                0x00000266                __vector_56
                0x00000266                __vector_49
                0x00000266                __vector_41
                0x00000266                __vector_43
                0x00000266                __vector_27
                0x00000266                __vector_33
                0x00000266                __vector_47
                0x00000266                __vector_52
                0x00000266                __vector_37
                0x00000266                __vector_44
                0x00000266                __vector_9
                0x00000266                __vector_21
                0x00000266                __vector_15
                0x00000266                __vector_29
                0x00000266                __vector_40
                0x00000266                __vector_26
                0x00000266                __vector_48
                0x00000266                __vector_14
                0x00000266                __vector_53
                0x00000266                __vector_10
                0x00000266                __vector_50
                0x00000266                __vector_16
                0x00000266                __vector_18
                0x00000266                __vector_20
                0x00000266                __vector_42
 .text          0x0000026a        0x8 ./src/Analog.o
                0x00000270                Analog::~Analog()
                0x0000026e                Analog::~Analog()
                0x0000026c                Analog::Analog()
                0x0000026a                Analog::Analog()
 .text          0x00000272       0x30 ./src/ArduinoLink.o
                0x00000290                ArduinoLink::ArduinoLink()
                0x00000274                ArduinoLink::ArduinoLink()
 .text          0x000002a2      0x862 ./src/GPS.o
                0x00000336                _GPS::send(char*)
                0x000008f6                _GPS::fill()
                0x000002f2                _GPS::calc_checksum(char*)
                0x0000066e                _GPS::parse()
                0x000003ce                _GPS::request(_GPS::NMEA_types, unsigned char, unsigned char, unsigned char)
                0x00000486                _GPS::set_param(long, unsigned char, unsigned char, unsigned char)
                0x00000a24                _GPS::_GPS(long)
                0x000002a2                _GPS::get(_GPS::data_types)
                0x00000932                _GPS::_GPS(long)
 .text          0x00000b04       0xf2 ./src/I2C.o
                0x00000bf0                SRF08::SRF08()
                0x00000b40                SRF08::ping(unsigned char, unsigned char)
                0x00000b6a                SRF08::range(unsigned char)
                0x00000be0                SRF08::SRF08()
                0x00000b06                SRF08::write_reg(unsigned char, unsigned char, char)
 .text          0x00000bf6      0x1f2 ./src/main.o
                0x00000d56                loop
                0x00000dda                main
                0x00000da4                setup
                0x00000bf6                _GPS::stop_feed(_GPS::NMEA_types)
                0x00000c06                CLI(char*)
 .text          0x00000de8      0x5d2 ./src/arduino/HardwareSerial.o
                0x00000f6e                HardwareSerial::available()
                0x00000ffe                HardwareSerial::write(unsigned char)
                0x00000ea0                HardwareSerial::begin(long)
                0x00000de8                HardwareSerial::HardwareSerial(ring_buffer*, unsigned char volatile*, unsigned char volatile*, unsigned char volatile*, unsigned char volatile*, unsigned char volatile*, unsigned char, unsigned char, unsigned char, unsigned char)
                0x00001024                __vector_25
                0x000011aa                __vector_54
                0x00000fe6                HardwareSerial::flush()
                0x00001128                __vector_51
                0x00000e44                HardwareSerial::HardwareSerial(ring_buffer*, unsigned char volatile*, unsigned char volatile*, unsigned char volatile*, unsigned char volatile*, unsigned char volatile*, unsigned char, unsigned char, unsigned char, unsigned char)
                0x000010a6                __vector_36
                0x00000f96                HardwareSerial::read()
 .text          0x000013ba      0x498 ./src/arduino/Print.o
                0x00001458                Print::println()
                0x0000162a                Print::print(unsigned int)
                0x00001834                Print::print(double)
                0x000014dc                Print::printNumber(unsigned long, unsigned char)
                0x000013ea                Print::write(unsigned char const*, unsigned int)
                0x00001614                Print::println(unsigned long)
                0x000016b6                Print::print(int)
                0x00001486                Print::println(char)
                0x000013ba                Print::write(char const*)
                0x00001726                Print::printFloat(double, unsigned char)
                0x000014bc                Print::println(unsigned char)
                0x00001428                Print::print(unsigned char)
                0x0000160c                Print::print(unsigned long)
                0x000014a6                Print::println(char const*)
                0x00001438                Print::print(char)
                0x000016c6                Print::println(int)
                0x0000183c                Print::println(double)
                0x000016a0                Print::println(long)
                0x00001448                Print::print(char const*)
                0x00001652                Print::print(long)
                0x00001710                Print::println(long, int)
                0x000016e6                Print::print(long, int)
                0x00001636                Print::println(unsigned int)
 .text          0x00001852      0x45e ./src/arduino/WInterrupts.o
                0x000019a0                __vector_1
                0x00001b8a                __vector_6
                0x00001a64                __vector_3
                0x00001852                attachInterrupt
                0x00001948                detachInterrupt
                0x00001bec                __vector_7
                0x00001b28                __vector_5
                0x00001ac6                __vector_4
                0x00001a02                __vector_2
                0x00001c4e                __vector_8
 .text          0x00001cb0      0x132 ./src/arduino/WMath.o
                0x00001d44                makeWord(unsigned char, unsigned char)
                0x00001d96                random(long, long)
                0x00001dd2                randomSeed(unsigned int)
                0x00001cb0                map(long, long, long, long, long)
                0x00001d42                makeWord(unsigned int)
                0x00001d52                random(long)
 .text          0x00001de2      0x1f6 ./src/arduino/Wire.o
                0x00001f54                TwoWire::requestFrom(unsigned char, unsigned char)
                0x00001de2                TwoWire::beginTransmission(unsigned char)
                0x00001e92                TwoWire::onRequest(void (*)())
                0x00001fb0                TwoWire::begin(unsigned char)
                0x00001e1c                TwoWire::onReceiveService(unsigned char*, int)
                0x00001f30                TwoWire::endTransmission()
                0x00001e88                TwoWire::onReceive(void (*)(int))
                0x00001eec                TwoWire::send(unsigned char*, unsigned char)
                0x00001e70                TwoWire::onRequestService()
                0x00001f72                TwoWire::begin()
                0x00001e9c                TwoWire::send(unsigned char)
                0x00001df6                TwoWire::receive()
 .text          0x00001fd8        0x0 ./src/arduino/pins_arduino.o
 .text          0x00001fd8      0x4ea ./src/arduino/twi.o
                0x000020d6                twi_transmit
                0x00002148                twi_releaseBus
                0x00002110                twi_attachSlaveRxEvent
                0x00002460                twi_init
                0x00002154                __vector_39
                0x0000204c                twi_writeTo
                0x0000211a                twi_attachSlaveTxEvent
                0x00001fe0                twi_readFrom
                0x00002124                twi_reply
                0x00002134                twi_stop
                0x00001fd8                twi_setAddress
 .text          0x000024c2      0x234 ./src/arduino/wiring.o
                0x000024c2                __vector_23
                0x00002634                init
                0x0000256e                micros
                0x000025c4                delay
                0x00002552                millis
                0x00002618                delayMicroseconds
 .text          0x000026f6      0x1de ./src/arduino/wiring_analog.o
                0x0000275c                analogWrite
                0x000026f6                analogReference
                0x000026fc                analogRead
 .text          0x000028d4      0x26e ./src/arduino/wiring_digital.o
                0x00002a2a                digitalRead
                0x00002914                digitalWrite
                0x000028d4                pinMode
 .text          0x00002b42      0x102 ./src/arduino/wiring_pulse.o
                0x00002b42                pulseIn
 .text          0x00002c44       0x82 ./src/arduino/wiring_shift.o
                0x00002c44                shiftOut
 .text          0x00002cc6        0x0 /usr/lib/gcc/avr/4.3.2/avr51/libgcc.a(_mulsi3.o)
 .text          0x00002cc6        0x0 /usr/lib/gcc/avr/4.3.2/avr51/libgcc.a(_divmodhi4.o)
 .text          0x00002cc6        0x0 /usr/lib/gcc/avr/4.3.2/avr51/libgcc.a(_udivmodsi4.o)
 .text          0x00002cc6        0x0 /usr/lib/gcc/avr/4.3.2/avr51/libgcc.a(_divmodsi4.o)
 .text          0x00002cc6        0x0 /usr/lib/gcc/avr/4.3.2/avr51/libgcc.a(_exit.o)
 .text          0x00002cc6        0x0 /usr/lib/gcc/avr/4.3.2/avr51/libgcc.a(_clear_bss.o)
 .text          0x00002cc6        0x0 /usr/lib/gcc/avr/4.3.2/avr51/libgcc.a(_ctors.o)
 .text          0x00002cc6        0x0 /usr/lib/gcc/avr/4.3.2/avr51/libgcc.a(_dtors.o)
 .text          0x00002cc6       0x58 /usr/lib/gcc/avr/4.3.2/avr51/libgcc.a(_fixunssfsi.o)
                0x00002cc6                __fixunssfsi
 .text          0x00002d1e      0x354 /usr/lib/gcc/avr/4.3.2/avr51/libgcc.a(_addsub_sf.o)
                0x00002fb6                __subsf3
                0x00003018                __addsf3
 .text          0x00003072      0x1f4 /usr/lib/gcc/avr/4.3.2/avr51/libgcc.a(_mul_sf.o)
                0x00003072                __mulsf3
 .text          0x00003266      0x158 /usr/lib/gcc/avr/4.3.2/avr51/libgcc.a(_div_sf.o)
                0x00003266                __divsf3
 .text          0x000033be       0x60 /usr/lib/gcc/avr/4.3.2/avr51/libgcc.a(_ge_sf.o)
                0x000033be                __gesf2
 .text          0x0000341e       0x60 /usr/lib/gcc/avr/4.3.2/avr51/libgcc.a(_lt_sf.o)
                0x0000341e                __ltsf2
 .text          0x0000347e       0xbc /usr/lib/gcc/avr/4.3.2/avr51/libgcc.a(_si_to_sf.o)
                0x0000347e                __floatsisf
 .text          0x0000353a       0xa8 /usr/lib/gcc/avr/4.3.2/avr51/libgcc.a(_sf_to_si.o)
                0x0000353a                __fixsfsi
 .text          0x000035e2        0x0 /usr/lib/gcc/avr/4.3.2/avr51/libgcc.a(_thenan_sf.o)
 .text          0x000035e2       0xf2 /usr/lib/gcc/avr/4.3.2/avr51/libgcc.a(_usi_to_sf.o)
                0x000035e2                __floatunsisf
 .text          0x000036d4        0x0 /usr/lib/gcc/avr/4.3.2/avr51/libgcc.a(_udivmodhi4.o)
 .text          0x000036d4        0x0 /usr/lib/gcc/avr/4.3.2/avr51/libgcc.a(_prologue.o)
 .text          0x000036d4        0x0 /usr/lib/gcc/avr/4.3.2/avr51/libgcc.a(_epilogue.o)
 .text          0x000036d4        0x0 /usr/lib/gcc/avr/4.3.2/avr51/libgcc.a(_tablejump.o)
 .text          0x000036d4       0x9e /usr/lib/gcc/avr/4.3.2/avr51/libgcc.a(_clzsi2.o)
                0x000036d4                __clzsi2
 .text          0x00003772      0x1aa /usr/lib/gcc/avr/4.3.2/avr51/libgcc.a(_pack_sf.o)
                0x00003772                __pack_f
 .text          0x0000391c       0xf0 /usr/lib/gcc/avr/4.3.2/avr51/libgcc.a(_unpack_sf.o)
                0x0000391c                __unpack_f
 .text          0x00003a0c       0xb2 /usr/lib/gcc/avr/4.3.2/avr51/libgcc.a(_fpcmp_parts_sf.o)
                0x00003a0c                __fpcmp_parts_f
 .text          0x00003abe        0x0 /usr/lib/gcc/avr/4.3.2/avr51/libgcc.a(_clz.o)
 .text          0x00003abe       0x38 /usr/lib/gcc/avr/4.3.2/../../../avr/lib/avr51/libc.a(calloc.o)
                0x00003abe                calloc
 .text          0x00003af6      0x204 /usr/lib/gcc/avr/4.3.2/../../../avr/lib/avr51/libc.a(malloc.o)
                0x00003af6                malloc
                0x00003c4a                free
 .text          0x00003cfa       0xc2 /usr/lib/gcc/avr/4.3.2/../../../avr/lib/avr51/libc.a(random.o)
                0x00003da0                random
                0x00003d9a                random_r
                0x00003daa                srandom
 .text          0x00003dbc        0xe /usr/lib/gcc/avr/4.3.2/../../../avr/lib/avr51/libc.a(memset.o)
                0x00003dbc                memset
                0x00003dca                . = ALIGN (0x2)
 *(.text.*)
 .text.libgcc   0x00003dca       0x3e /usr/lib/gcc/avr/4.3.2/avr51/libgcc.a(_mulsi3.o)
                0x00003dca                __mulsi3
 .text.libgcc   0x00003e08       0x26 /usr/lib/gcc/avr/4.3.2/avr51/libgcc.a(_divmodhi4.o)
                0x00003e08                __divmodhi4
                0x00003e08                _div
 .text.libgcc   0x00003e2e       0x44 /usr/lib/gcc/avr/4.3.2/avr51/libgcc.a(_udivmodsi4.o)
                0x00003e2e                __udivmodsi4
 .text.libgcc   0x00003e72       0x36 /usr/lib/gcc/avr/4.3.2/avr51/libgcc.a(_divmodsi4.o)
                0x00003e72                __divmodsi4
 .text.libgcc   0x00003ea8        0x0 /usr/lib/gcc/avr/4.3.2/avr51/libgcc.a(_exit.o)
 .text.libgcc   0x00003ea8        0x0 /usr/lib/gcc/avr/4.3.2/avr51/libgcc.a(_clear_bss.o)
 .text.libgcc   0x00003ea8        0x0 /usr/lib/gcc/avr/4.3.2/avr51/libgcc.a(_ctors.o)
 .text.libgcc   0x00003ea8        0x0 /usr/lib/gcc/avr/4.3.2/avr51/libgcc.a(_dtors.o)
 .text.libgcc   0x00003ea8       0x28 /usr/lib/gcc/avr/4.3.2/avr51/libgcc.a(_udivmodhi4.o)
                0x00003ea8                __udivmodhi4
 .text.libgcc   0x00003ed0       0x38 /usr/lib/gcc/avr/4.3.2/avr51/libgcc.a(_prologue.o)
                0x00003ed0                __prologue_saves__
 .text.libgcc   0x00003f08       0x36 /usr/lib/gcc/avr/4.3.2/avr51/libgcc.a(_epilogue.o)
                0x00003f08                __epilogue_restores__
 .text.libgcc   0x00003f3e        0xc /usr/lib/gcc/avr/4.3.2/avr51/libgcc.a(_tablejump.o)
                0x00003f42                __tablejump__
                0x00003f3e                __tablejump2__
                0x00003f4a                . = ALIGN (0x2)
 *(.fini9)
 .fini9         0x00003f4a        0x0 /usr/lib/gcc/avr/4.3.2/avr51/libgcc.a(_exit.o)
                0x00003f4a                exit
                0x00003f4a                _exit
 *(.fini9)
 *(.fini8)
 *(.fini8)
 *(.fini7)
 *(.fini7)
 *(.fini6)
 .fini6         0x00003f4a       0x16 /usr/lib/gcc/avr/4.3.2/avr51/libgcc.a(_dtors.o)
                0x00003f4a                __do_global_dtors
 *(.fini6)
 *(.fini5)
 *(.fini5)
 *(.fini4)
 *(.fini4)
 *(.fini3)
 *(.fini3)
 *(.fini2)
 *(.fini2)
 *(.fini1)
 *(.fini1)
 *(.fini0)
 .fini0         0x00003f60        0x4 /usr/lib/gcc/avr/4.3.2/avr51/libgcc.a(_exit.o)
 *(.fini0)
                0x00003f64                _etext = .

.data           0x00800200      0x1c0 load address 0x00003f64
                0x00800200                PROVIDE (__data_start, .)
 *(.data)
 .data          0x00800200        0x0 /usr/lib/gcc/avr/4.3.2/../../../avr/lib/avr51/crtm1280.o
 .data          0x00800200        0x0 ./src/Analog.o
 .data          0x00800200        0x0 ./src/ArduinoLink.o
 .data          0x00800200       0x7e ./src/GPS.o
 .data          0x0080027e        0x0 ./src/I2C.o
 .data          0x0080027e       0x22 ./src/main.o
 .data          0x008002a0        0xa ./src/arduino/HardwareSerial.o
                0x008002a0                vtable for HardwareSerial
 .data          0x008002aa        0x2 ./src/arduino/Print.o
 .data          0x008002ac        0x0 ./src/arduino/WInterrupts.o
 .data          0x008002ac        0x0 ./src/arduino/WMath.o
 .data          0x008002ac        0x0 ./src/arduino/Wire.o
 .data          0x008002ac        0x0 ./src/arduino/pins_arduino.o
 .data          0x008002ac        0x0 ./src/arduino/twi.o
 .data          0x008002ac        0x0 ./src/arduino/wiring.o
 .data          0x008002ac        0x1 ./src/arduino/wiring_analog.o
                0x008002ac                analog_reference
 .data          0x008002ad        0x0 ./src/arduino/wiring_digital.o
 .data          0x008002ad        0x0 ./src/arduino/wiring_pulse.o
 .data          0x008002ad        0x0 ./src/arduino/wiring_shift.o
 .data          0x008002ad        0x0 /usr/lib/gcc/avr/4.3.2/avr51/libgcc.a(_mulsi3.o)
 .data          0x008002ad        0x0 /usr/lib/gcc/avr/4.3.2/avr51/libgcc.a(_divmodhi4.o)
 .data          0x008002ad        0x0 /usr/lib/gcc/avr/4.3.2/avr51/libgcc.a(_udivmodsi4.o)
 .data          0x008002ad        0x0 /usr/lib/gcc/avr/4.3.2/avr51/libgcc.a(_divmodsi4.o)
 .data          0x008002ad        0x0 /usr/lib/gcc/avr/4.3.2/avr51/libgcc.a(_exit.o)
 .data          0x008002ad        0x0 /usr/lib/gcc/avr/4.3.2/avr51/libgcc.a(_clear_bss.o)
 .data          0x008002ad        0x0 /usr/lib/gcc/avr/4.3.2/avr51/libgcc.a(_ctors.o)
 .data          0x008002ad        0x0 /usr/lib/gcc/avr/4.3.2/avr51/libgcc.a(_dtors.o)
 .data          0x008002ad        0x0 /usr/lib/gcc/avr/4.3.2/avr51/libgcc.a(_fixunssfsi.o)
 .data          0x008002ad        0x0 /usr/lib/gcc/avr/4.3.2/avr51/libgcc.a(_addsub_sf.o)
 .data          0x008002ad        0x0 /usr/lib/gcc/avr/4.3.2/avr51/libgcc.a(_mul_sf.o)
 .data          0x008002ad        0x0 /usr/lib/gcc/avr/4.3.2/avr51/libgcc.a(_div_sf.o)
 .data          0x008002ad        0x0 /usr/lib/gcc/avr/4.3.2/avr51/libgcc.a(_ge_sf.o)
 .data          0x008002ad        0x0 /usr/lib/gcc/avr/4.3.2/avr51/libgcc.a(_lt_sf.o)
 .data          0x008002ad        0x0 /usr/lib/gcc/avr/4.3.2/avr51/libgcc.a(_si_to_sf.o)
 .data          0x008002ad        0x0 /usr/lib/gcc/avr/4.3.2/avr51/libgcc.a(_sf_to_si.o)
 .data          0x008002ad        0x8 /usr/lib/gcc/avr/4.3.2/avr51/libgcc.a(_thenan_sf.o)
                0x008002ad                __thenan_sf
 .data          0x008002b5        0x0 /usr/lib/gcc/avr/4.3.2/avr51/libgcc.a(_usi_to_sf.o)
 .data          0x008002b5        0x0 /usr/lib/gcc/avr/4.3.2/avr51/libgcc.a(_udivmodhi4.o)
 .data          0x008002b5        0x0 /usr/lib/gcc/avr/4.3.2/avr51/libgcc.a(_prologue.o)
 .data          0x008002b5        0x0 /usr/lib/gcc/avr/4.3.2/avr51/libgcc.a(_epilogue.o)
 .data          0x008002b5        0x0 /usr/lib/gcc/avr/4.3.2/avr51/libgcc.a(_tablejump.o)
 .data          0x008002b5        0x0 /usr/lib/gcc/avr/4.3.2/avr51/libgcc.a(_clzsi2.o)
 .data          0x008002b5        0x0 /usr/lib/gcc/avr/4.3.2/avr51/libgcc.a(_pack_sf.o)
 .data          0x008002b5        0x0 /usr/lib/gcc/avr/4.3.2/avr51/libgcc.a(_unpack_sf.o)
 .data          0x008002b5        0x0 /usr/lib/gcc/avr/4.3.2/avr51/libgcc.a(_fpcmp_parts_sf.o)
 .data          0x008002b5      0x100 /usr/lib/gcc/avr/4.3.2/avr51/libgcc.a(_clz.o)
                0x008002b5                __clz_tab
 .data          0x008003b5        0x0 /usr/lib/gcc/avr/4.3.2/../../../avr/lib/avr51/libc.a(calloc.o)
 .data          0x008003b5        0x6 /usr/lib/gcc/avr/4.3.2/../../../avr/lib/avr51/libc.a(malloc.o)
                0x008003b7                __malloc_heap_start
                0x008003b9                __malloc_heap_end
                0x008003b5                __malloc_margin
 .data          0x008003bb        0x4 /usr/lib/gcc/avr/4.3.2/../../../avr/lib/avr51/libc.a(random.o)
 .data          0x008003bf        0x0 /usr/lib/gcc/avr/4.3.2/../../../avr/lib/avr51/libc.a(memset.o)
 *(.data*)
 *(.rodata)
 *(.rodata*)
 *(.gnu.linkonce.d*)
                0x008003c0                . = ALIGN (0x2)
 *fill*         0x008003bf        0x1 00
                0x008003c0                _edata = .
                0x008003c0                PROVIDE (__data_end, .)

.bss            0x008003c0      0x312 load address 0x00004124
                0x008003c0                PROVIDE (__bss_start, .)
 *(.bss)
 .bss           0x008003c0        0x0 /usr/lib/gcc/avr/4.3.2/../../../avr/lib/avr51/crtm1280.o
 .bss           0x008003c0        0x0 ./src/Analog.o
 .bss           0x008003c0        0x1 ./src/ArduinoLink.o
                0x008003c0                Brain
 .bss           0x008003c1       0x7a ./src/GPS.o
                0x008003c1                GPS
 .bss           0x0080043b        0x1 ./src/I2C.o
                0x0080043b                Sonar
 .bss           0x0080043c        0x1 ./src/main.o
                0x0080043c                count
 .bss           0x0080043d      0x258 ./src/arduino/HardwareSerial.o
                0x0080065f                Serial1
                0x008004c1                rx_buffer1
                0x0080064d                Serial0
                0x00800683                Serial3
                0x0080043d                rx_buffer0
                0x00800545                rx_buffer2
                0x008005c9                rx_buffer3
                0x00800671                Serial2
 .bss           0x00800695        0x0 ./src/arduino/Print.o
 .bss           0x00800695       0x10 ./src/arduino/WInterrupts.o
 .bss           0x008006a5        0x0 ./src/arduino/WMath.o
 .bss           0x008006a5        0xe ./src/arduino/Wire.o
                0x008006a9                TwoWire::txAddress
                0x008006a8                TwoWire::rxBufferLength
                0x008006b1                TwoWire::user_onReceive
                0x008006ad                TwoWire::txBufferLength
                0x008006ac                TwoWire::txBufferIndex
                0x008006aa                TwoWire::txBuffer
                0x008006af                TwoWire::user_onRequest
                0x008006a7                TwoWire::rxBufferIndex
                0x008006a5                TwoWire::rxBuffer
                0x008006ae                TwoWire::transmitting
 .bss           0x008006b3        0x0 ./src/arduino/pins_arduino.o
 .bss           0x008006b3       0x12 ./src/arduino/twi.o
 .bss           0x008006c5        0x9 ./src/arduino/wiring.o
                0x008006c5                timer0_overflow_count
                0x008006c9                timer0_millis
 .bss           0x008006ce        0x0 ./src/arduino/wiring_analog.o
 .bss           0x008006ce        0x0 ./src/arduino/wiring_digital.o
 .bss           0x008006ce        0x0 ./src/arduino/wiring_pulse.o
 .bss           0x008006ce        0x0 ./src/arduino/wiring_shift.o
 .bss           0x008006ce        0x0 /usr/lib/gcc/avr/4.3.2/avr51/libgcc.a(_mulsi3.o)
 .bss           0x008006ce        0x0 /usr/lib/gcc/avr/4.3.2/avr51/libgcc.a(_divmodhi4.o)
 .bss           0x008006ce        0x0 /usr/lib/gcc/avr/4.3.2/avr51/libgcc.a(_udivmodsi4.o)
 .bss           0x008006ce        0x0 /usr/lib/gcc/avr/4.3.2/avr51/libgcc.a(_divmodsi4.o)
 .bss           0x008006ce        0x0 /usr/lib/gcc/avr/4.3.2/avr51/libgcc.a(_exit.o)
 .bss           0x008006ce        0x0 /usr/lib/gcc/avr/4.3.2/avr51/libgcc.a(_clear_bss.o)
 .bss           0x008006ce        0x0 /usr/lib/gcc/avr/4.3.2/avr51/libgcc.a(_ctors.o)
 .bss           0x008006ce        0x0 /usr/lib/gcc/avr/4.3.2/avr51/libgcc.a(_dtors.o)
 .bss           0x008006ce        0x0 /usr/lib/gcc/avr/4.3.2/avr51/libgcc.a(_fixunssfsi.o)
 .bss           0x008006ce        0x0 /usr/lib/gcc/avr/4.3.2/avr51/libgcc.a(_addsub_sf.o)
 .bss           0x008006ce        0x0 /usr/lib/gcc/avr/4.3.2/avr51/libgcc.a(_mul_sf.o)
 .bss           0x008006ce        0x0 /usr/lib/gcc/avr/4.3.2/avr51/libgcc.a(_div_sf.o)
 .bss           0x008006ce        0x0 /usr/lib/gcc/avr/4.3.2/avr51/libgcc.a(_ge_sf.o)
 .bss           0x008006ce        0x0 /usr/lib/gcc/avr/4.3.2/avr51/libgcc.a(_lt_sf.o)
 .bss           0x008006ce        0x0 /usr/lib/gcc/avr/4.3.2/avr51/libgcc.a(_si_to_sf.o)
 .bss           0x008006ce        0x0 /usr/lib/gcc/avr/4.3.2/avr51/libgcc.a(_sf_to_si.o)
 .bss           0x008006ce        0x0 /usr/lib/gcc/avr/4.3.2/avr51/libgcc.a(_thenan_sf.o)
 .bss           0x008006ce        0x0 /usr/lib/gcc/avr/4.3.2/avr51/libgcc.a(_usi_to_sf.o)
 .bss           0x008006ce        0x0 /usr/lib/gcc/avr/4.3.2/avr51/libgcc.a(_udivmodhi4.o)
 .bss           0x008006ce        0x0 /usr/lib/gcc/avr/4.3.2/avr51/libgcc.a(_prologue.o)
 .bss           0x008006ce        0x0 /usr/lib/gcc/avr/4.3.2/avr51/libgcc.a(_epilogue.o)
 .bss           0x008006ce        0x0 /usr/lib/gcc/avr/4.3.2/avr51/libgcc.a(_tablejump.o)
 .bss           0x008006ce        0x0 /usr/lib/gcc/avr/4.3.2/avr51/libgcc.a(_clzsi2.o)
 .bss           0x008006ce        0x0 /usr/lib/gcc/avr/4.3.2/avr51/libgcc.a(_pack_sf.o)
 .bss           0x008006ce        0x0 /usr/lib/gcc/avr/4.3.2/avr51/libgcc.a(_unpack_sf.o)
 .bss           0x008006ce        0x0 /usr/lib/gcc/avr/4.3.2/avr51/libgcc.a(_fpcmp_parts_sf.o)
 .bss           0x008006ce        0x0 /usr/lib/gcc/avr/4.3.2/avr51/libgcc.a(_clz.o)
 .bss           0x008006ce        0x0 /usr/lib/gcc/avr/4.3.2/../../../avr/lib/avr51/libc.a(calloc.o)
 .bss           0x008006ce        0x0 /usr/lib/gcc/avr/4.3.2/../../../avr/lib/avr51/libc.a(malloc.o)
 .bss           0x008006ce        0x0 /usr/lib/gcc/avr/4.3.2/../../../avr/lib/avr51/libc.a(random.o)
 .bss           0x008006ce        0x0 /usr/lib/gcc/avr/4.3.2/../../../avr/lib/avr51/libc.a(memset.o)
 *(.bss*)
 *(COMMON)
 COMMON         0x008006ce        0x4 /usr/lib/gcc/avr/4.3.2/../../../avr/lib/avr51/libc.a(malloc.o)
                0x008006ce                __brkval
                0x008006d0                __flp
                0x008006d2                PROVIDE (__bss_end, .)
                0x00003f64                __data_load_start = LOADADDR (.data)
                0x00004124                __data_load_end = (__data_load_start + SIZEOF (.data))

.noinit         0x008006d2        0x0
                0x008006d2                PROVIDE (__noinit_start, .)
 *(.noinit*)
                0x008006d2                PROVIDE (__noinit_end, .)
                0x008006d2                _end = .
                0x008006d2                PROVIDE (__heap_start, .)

.eeprom         0x00810000        0x0
 *(.eeprom*)
                0x00810000                __eeprom_end = .

.fuse
 *(.fuse)
 *(.lfuse)
 *(.hfuse)
 *(.efuse)

.lock
 *(.lock*)

.signature
 *(.signature*)

.stab           0x00000000     0x12f0
 *(.stab)
 .stab          0x00000000      0x750 /usr/lib/gcc/avr/4.3.2/../../../avr/lib/avr51/crtm1280.o
 .stab          0x00000750      0x1c8 /usr/lib/gcc/avr/4.3.2/../../../avr/lib/avr51/libc.a(calloc.o)
                                0x1d4 (size before relaxing)
 .stab          0x00000918      0x690 /usr/lib/gcc/avr/4.3.2/../../../avr/lib/avr51/libc.a(malloc.o)
                                0x6f0 (size before relaxing)
 .stab          0x00000fa8      0x2dc /usr/lib/gcc/avr/4.3.2/../../../avr/lib/avr51/libc.a(random.o)
                                0x33c (size before relaxing)
 .stab          0x00001284       0x6c /usr/lib/gcc/avr/4.3.2/../../../avr/lib/avr51/libc.a(memset.o)
                                 0x78 (size before relaxing)

.stabstr        0x00000000      0x9b6
 *(.stabstr)
 .stabstr       0x00000000      0x9b6 /usr/lib/gcc/avr/4.3.2/../../../avr/lib/avr51/crtm1280.o

.stab.excl
 *(.stab.excl)

.stab.exclstr
 *(.stab.exclstr)

.stab.index
 *(.stab.index)

.stab.indexstr
 *(.stab.indexstr)

.comment
 *(.comment)

.debug
 *(.debug)

.line
 *(.line)

.debug_srcinfo
 *(.debug_srcinfo)

.debug_sfnames
 *(.debug_sfnames)

.debug_aranges
 *(.debug_aranges)

.debug_pubnames
 *(.debug_pubnames)

.debug_info
 *(.debug_info)
 *(.gnu.linkonce.wi.*)

.debug_abbrev
 *(.debug_abbrev)

.debug_line
 *(.debug_line)

.debug_frame
 *(.debug_frame)

.debug_str
 *(.debug_str)

.debug_loc
 *(.debug_loc)

.debug_macinfo
 *(.debug_macinfo)
OUTPUT(insula.elf elf32-avr)
LOAD linker stubs

Cross Reference Table

Symbol                                            File
Analog::Analog()                                  ./src/Analog.o
Analog::Analog()                                  ./src/Analog.o
Analog::~Analog()                                 ./src/Analog.o
Analog::~Analog()                                 ./src/Analog.o
ArduinoLink::ArduinoLink()                        ./src/ArduinoLink.o
ArduinoLink::ArduinoLink()                        ./src/ArduinoLink.o
Brain                                             ./src/ArduinoLink.o
CLI(char*)                                        ./src/main.o
GPS                                               ./src/GPS.o
                                                  ./src/main.o
HardwareSerial::HardwareSerial(ring_buffer*, unsigned char volatile*, unsigned char volatile*, unsigned char volatile*, unsigned char volatile*, unsigned char volatile*, unsigned char, unsigned char, unsigned char, unsigned char) ./src/arduino/HardwareSerial.o
HardwareSerial::HardwareSerial(ring_buffer*, unsigned char volatile*, unsigned char volatile*, unsigned char volatile*, unsigned char volatile*, unsigned char volatile*, unsigned char, unsigned char, unsigned char, unsigned char) ./src/arduino/HardwareSerial.o
HardwareSerial::available()                       ./src/arduino/HardwareSerial.o
                                                  ./src/main.o
                                                  ./src/GPS.o
HardwareSerial::begin(long)                       ./src/arduino/HardwareSerial.o
                                                  ./src/main.o
                                                  ./src/GPS.o
                                                  ./src/ArduinoLink.o
HardwareSerial::flush()                           ./src/arduino/HardwareSerial.o
                                                  ./src/main.o
                                                  ./src/GPS.o
HardwareSerial::read()                            ./src/arduino/HardwareSerial.o
                                                  ./src/main.o
                                                  ./src/GPS.o
HardwareSerial::write(unsigned char)              ./src/arduino/HardwareSerial.o
Print::print(char const*)                         ./src/arduino/Print.o
                                                  ./src/main.o
Print::print(char)                                ./src/arduino/Print.o
                                                  ./src/main.o
                                                  ./src/GPS.o
Print::print(double)                              ./src/arduino/Print.o
Print::print(int)                                 ./src/arduino/Print.o
Print::print(long)                                ./src/arduino/Print.o
Print::print(long, int)                           ./src/arduino/Print.o
Print::print(unsigned char)                       ./src/arduino/Print.o
Print::print(unsigned int)                        ./src/arduino/Print.o
Print::print(unsigned long)                       ./src/arduino/Print.o
Print::printFloat(double, unsigned char)          ./src/arduino/Print.o
Print::printNumber(unsigned long, unsigned char)  ./src/arduino/Print.o
Print::println()                                  ./src/arduino/Print.o
Print::println(char const*)                       ./src/arduino/Print.o
                                                  ./src/main.o
                                                  ./src/GPS.o
Print::println(char)                              ./src/arduino/Print.o
                                                  ./src/main.o
Print::println(double)                            ./src/arduino/Print.o
Print::println(int)                               ./src/arduino/Print.o
Print::println(long)                              ./src/arduino/Print.o
Print::println(long, int)                         ./src/arduino/Print.o
Print::println(unsigned char)                     ./src/arduino/Print.o
Print::println(unsigned int)                      ./src/arduino/Print.o
Print::println(unsigned long)                     ./src/arduino/Print.o
Print::write(char const*)                         ./src/arduino/Print.o
                                                  ./src/arduino/HardwareSerial.o
Print::write(unsigned char const*, unsigned int)  ./src/arduino/Print.o
                                                  ./src/arduino/HardwareSerial.o
SRF08::SRF08()                                    ./src/I2C.o
SRF08::SRF08()                                    ./src/I2C.o
SRF08::ping(unsigned char, unsigned char)         ./src/I2C.o
SRF08::range(unsigned char)                       ./src/I2C.o
SRF08::write_reg(unsigned char, unsigned char, char) ./src/I2C.o
Serial0                                           ./src/arduino/HardwareSerial.o
                                                  ./src/main.o
                                                  ./src/GPS.o
Serial1                                           ./src/arduino/HardwareSerial.o
                                                  ./src/main.o
                                                  ./src/ArduinoLink.o
Serial2                                           ./src/arduino/HardwareSerial.o
Serial3                                           ./src/arduino/HardwareSerial.o
                                                  ./src/main.o
                                                  ./src/GPS.o
Sonar                                             ./src/I2C.o
TwoWire::begin()                                  ./src/arduino/Wire.o
                                                  ./src/I2C.o
TwoWire::begin(unsigned char)                     ./src/arduino/Wire.o
TwoWire::beginTransmission(unsigned char)         ./src/arduino/Wire.o
                                                  ./src/I2C.o
TwoWire::endTransmission()                        ./src/arduino/Wire.o
                                                  ./src/I2C.o
TwoWire::onReceive(void (*)(int))                 ./src/arduino/Wire.o
TwoWire::onReceiveService(unsigned char*, int)    ./src/arduino/Wire.o
TwoWire::onRequest(void (*)())                    ./src/arduino/Wire.o
TwoWire::onRequestService()                       ./src/arduino/Wire.o
TwoWire::receive()                                ./src/arduino/Wire.o
                                                  ./src/I2C.o
TwoWire::requestFrom(unsigned char, unsigned char) ./src/arduino/Wire.o
                                                  ./src/I2C.o
TwoWire::rxBuffer                                 ./src/arduino/Wire.o
TwoWire::rxBufferIndex                            ./src/arduino/Wire.o
                                                  ./src/I2C.o
TwoWire::rxBufferLength                           ./src/arduino/Wire.o
                                                  ./src/I2C.o
TwoWire::send(unsigned char)                      ./src/arduino/Wire.o
                                                  ./src/I2C.o
TwoWire::send(unsigned char*, unsigned char)      ./src/arduino/Wire.o
TwoWire::transmitting                             ./src/arduino/Wire.o
TwoWire::txAddress                                ./src/arduino/Wire.o
TwoWire::txBuffer                                 ./src/arduino/Wire.o
TwoWire::txBufferIndex                            ./src/arduino/Wire.o
TwoWire::txBufferLength                           ./src/arduino/Wire.o
TwoWire::user_onReceive                           ./src/arduino/Wire.o
TwoWire::user_onRequest                           ./src/arduino/Wire.o
_GPS::_GPS(long)                                  ./src/GPS.o
_GPS::_GPS(long)                                  ./src/GPS.o
_GPS::calc_checksum(char*)                        ./src/GPS.o
_GPS::fill()                                      ./src/GPS.o
_GPS::get(_GPS::data_types)                       ./src/GPS.o
_GPS::parse()                                     ./src/GPS.o
_GPS::request(_GPS::NMEA_types, unsigned char, unsigned char, unsigned char) ./src/GPS.o
                                                  ./src/main.o
_GPS::send(char*)                                 ./src/GPS.o
_GPS::set_param(long, unsigned char, unsigned char, unsigned char) ./src/GPS.o
                                                  ./src/main.o
_GPS::stop_feed(_GPS::NMEA_types)                 ./src/main.o
__addsf3                                          /usr/lib/gcc/avr/4.3.2/avr51/libgcc.a(_addsub_sf.o)
                                                  ./src/arduino/Print.o
__bad_interrupt                                   /usr/lib/gcc/avr/4.3.2/../../../avr/lib/avr51/crtm1280.o
__brkval                                          /usr/lib/gcc/avr/4.3.2/../../../avr/lib/avr51/libc.a(malloc.o)
__bss_end                                         /usr/lib/gcc/avr/4.3.2/avr51/libgcc.a(_clear_bss.o)
__bss_start                                       /usr/lib/gcc/avr/4.3.2/avr51/libgcc.a(_clear_bss.o)
__clz_tab                                         /usr/lib/gcc/avr/4.3.2/avr51/libgcc.a(_clz.o)
                                                  /usr/lib/gcc/avr/4.3.2/avr51/libgcc.a(_clzsi2.o)
__clzsi2                                          /usr/lib/gcc/avr/4.3.2/avr51/libgcc.a(_clzsi2.o)
                                                  /usr/lib/gcc/avr/4.3.2/avr51/libgcc.a(_usi_to_sf.o)
                                                  /usr/lib/gcc/avr/4.3.2/avr51/libgcc.a(_si_to_sf.o)
__ctors_end                                       /usr/lib/gcc/avr/4.3.2/avr51/libgcc.a(_ctors.o)
__ctors_start                                     /usr/lib/gcc/avr/4.3.2/avr51/libgcc.a(_ctors.o)
__data_end                                        /usr/lib/gcc/avr/4.3.2/../../../avr/lib/avr51/crtm1280.o
__data_load_start                                 /usr/lib/gcc/avr/4.3.2/../../../avr/lib/avr51/crtm1280.o
__data_start                                      /usr/lib/gcc/avr/4.3.2/../../../avr/lib/avr51/crtm1280.o
__divmodhi4                                       /usr/lib/gcc/avr/4.3.2/avr51/libgcc.a(_divmodhi4.o)
                                                  ./src/arduino/HardwareSerial.o
__divmodsi4                                       /usr/lib/gcc/avr/4.3.2/avr51/libgcc.a(_divmodsi4.o)
                                                  /usr/lib/gcc/avr/4.3.2/../../../avr/lib/avr51/libc.a(random.o)
                                                  ./src/arduino/WMath.o
                                                  ./src/arduino/HardwareSerial.o
__divsf3                                          /usr/lib/gcc/avr/4.3.2/avr51/libgcc.a(_div_sf.o)
                                                  ./src/arduino/Print.o
__do_clear_bss                                    /usr/lib/gcc/avr/4.3.2/avr51/libgcc.a(_clear_bss.o)
                                                  /usr/lib/gcc/avr/4.3.2/../../../avr/lib/avr51/libc.a(random.o)
                                                  /usr/lib/gcc/avr/4.3.2/../../../avr/lib/avr51/libc.a(malloc.o)
                                                  /usr/lib/gcc/avr/4.3.2/../../../avr/lib/avr51/libc.a(calloc.o)
                                                  /usr/lib/gcc/avr/4.3.2/avr51/libgcc.a(_clz.o)
                                                  /usr/lib/gcc/avr/4.3.2/avr51/libgcc.a(_fpcmp_parts_sf.o)
                                                  /usr/lib/gcc/avr/4.3.2/avr51/libgcc.a(_unpack_sf.o)
                                                  /usr/lib/gcc/avr/4.3.2/avr51/libgcc.a(_pack_sf.o)
                                                  /usr/lib/gcc/avr/4.3.2/avr51/libgcc.a(_clzsi2.o)
                                                  /usr/lib/gcc/avr/4.3.2/avr51/libgcc.a(_usi_to_sf.o)
                                                  /usr/lib/gcc/avr/4.3.2/avr51/libgcc.a(_thenan_sf.o)
                                                  /usr/lib/gcc/avr/4.3.2/avr51/libgcc.a(_sf_to_si.o)
                                                  /usr/lib/gcc/avr/4.3.2/avr51/libgcc.a(_si_to_sf.o)
                                                  /usr/lib/gcc/avr/4.3.2/avr51/libgcc.a(_lt_sf.o)
                                                  /usr/lib/gcc/avr/4.3.2/avr51/libgcc.a(_ge_sf.o)
                                                  /usr/lib/gcc/avr/4.3.2/avr51/libgcc.a(_div_sf.o)
                                                  /usr/lib/gcc/avr/4.3.2/avr51/libgcc.a(_mul_sf.o)
                                                  /usr/lib/gcc/avr/4.3.2/avr51/libgcc.a(_addsub_sf.o)
                                                  /usr/lib/gcc/avr/4.3.2/avr51/libgcc.a(_fixunssfsi.o)
                                                  ./src/arduino/wiring_shift.o
                                                  ./src/arduino/wiring_pulse.o
                                                  ./src/arduino/wiring_digital.o
                                                  ./src/arduino/wiring_analog.o
                                                  ./src/arduino/wiring.o
                                                  ./src/arduino/twi.o
                                                  ./src/arduino/pins_arduino.o
                                                  ./src/arduino/Wire.o
                                                  ./src/arduino/WMath.o
                                                  ./src/arduino/WInterrupts.o
                                                  ./src/arduino/Print.o
                                                  ./src/arduino/HardwareSerial.o
                                                  ./src/main.o
                                                  ./src/I2C.o
                                                  ./src/GPS.o
                                                  ./src/ArduinoLink.o
                                                  ./src/Analog.o
__do_copy_data                                    /usr/lib/gcc/avr/4.3.2/../../../avr/lib/avr51/crtm1280.o
                                                  /usr/lib/gcc/avr/4.3.2/../../../avr/lib/avr51/libc.a(random.o)
                                                  /usr/lib/gcc/avr/4.3.2/../../../avr/lib/avr51/libc.a(malloc.o)
                                                  /usr/lib/gcc/avr/4.3.2/../../../avr/lib/avr51/libc.a(calloc.o)
                                                  /usr/lib/gcc/avr/4.3.2/avr51/libgcc.a(_clz.o)
                                                  /usr/lib/gcc/avr/4.3.2/avr51/libgcc.a(_fpcmp_parts_sf.o)
                                                  /usr/lib/gcc/avr/4.3.2/avr51/libgcc.a(_unpack_sf.o)
                                                  /usr/lib/gcc/avr/4.3.2/avr51/libgcc.a(_pack_sf.o)
                                                  /usr/lib/gcc/avr/4.3.2/avr51/libgcc.a(_clzsi2.o)
                                                  /usr/lib/gcc/avr/4.3.2/avr51/libgcc.a(_usi_to_sf.o)
                                                  /usr/lib/gcc/avr/4.3.2/avr51/libgcc.a(_thenan_sf.o)
                                                  /usr/lib/gcc/avr/4.3.2/avr51/libgcc.a(_sf_to_si.o)
                                                  /usr/lib/gcc/avr/4.3.2/avr51/libgcc.a(_si_to_sf.o)
                                                  /usr/lib/gcc/avr/4.3.2/avr51/libgcc.a(_lt_sf.o)
                                                  /usr/lib/gcc/avr/4.3.2/avr51/libgcc.a(_ge_sf.o)
                                                  /usr/lib/gcc/avr/4.3.2/avr51/libgcc.a(_div_sf.o)
                                                  /usr/lib/gcc/avr/4.3.2/avr51/libgcc.a(_mul_sf.o)
                                                  /usr/lib/gcc/avr/4.3.2/avr51/libgcc.a(_addsub_sf.o)
                                                  /usr/lib/gcc/avr/4.3.2/avr51/libgcc.a(_fixunssfsi.o)
                                                  ./src/arduino/wiring_shift.o
                                                  ./src/arduino/wiring_pulse.o
                                                  ./src/arduino/wiring_digital.o
                                                  ./src/arduino/wiring_analog.o
                                                  ./src/arduino/wiring.o
                                                  ./src/arduino/twi.o
                                                  ./src/arduino/pins_arduino.o
                                                  ./src/arduino/Wire.o
                                                  ./src/arduino/WMath.o
                                                  ./src/arduino/WInterrupts.o
                                                  ./src/arduino/Print.o
                                                  ./src/arduino/HardwareSerial.o
                                                  ./src/main.o
                                                  ./src/I2C.o
                                                  ./src/GPS.o
                                                  ./src/ArduinoLink.o
                                                  ./src/Analog.o
__do_global_ctors                                 /usr/lib/gcc/avr/4.3.2/avr51/libgcc.a(_ctors.o)
                                                  ./src/arduino/HardwareSerial.o
                                                  ./src/I2C.o
                                                  ./src/GPS.o
                                                  ./src/ArduinoLink.o
__do_global_dtors                                 /usr/lib/gcc/avr/4.3.2/avr51/libgcc.a(_dtors.o)
                                                  ./src/I2C.o
                                                  ./src/GPS.o
                                                  ./src/ArduinoLink.o
__dtors_end                                       /usr/lib/gcc/avr/4.3.2/avr51/libgcc.a(_dtors.o)
__dtors_start                                     /usr/lib/gcc/avr/4.3.2/avr51/libgcc.a(_dtors.o)
__epilogue_restores__                             /usr/lib/gcc/avr/4.3.2/avr51/libgcc.a(_epilogue.o)
                                                  /usr/lib/gcc/avr/4.3.2/../../../avr/lib/avr51/libc.a(random.o)
                                                  /usr/lib/gcc/avr/4.3.2/avr51/libgcc.a(_usi_to_sf.o)
                                                  /usr/lib/gcc/avr/4.3.2/avr51/libgcc.a(_sf_to_si.o)
                                                  /usr/lib/gcc/avr/4.3.2/avr51/libgcc.a(_si_to_sf.o)
                                                  /usr/lib/gcc/avr/4.3.2/avr51/libgcc.a(_lt_sf.o)
                                                  /usr/lib/gcc/avr/4.3.2/avr51/libgcc.a(_ge_sf.o)
                                                  /usr/lib/gcc/avr/4.3.2/avr51/libgcc.a(_div_sf.o)
                                                  /usr/lib/gcc/avr/4.3.2/avr51/libgcc.a(_mul_sf.o)
                                                  /usr/lib/gcc/avr/4.3.2/avr51/libgcc.a(_addsub_sf.o)
__fixsfsi                                         /usr/lib/gcc/avr/4.3.2/avr51/libgcc.a(_sf_to_si.o)
                                                  /usr/lib/gcc/avr/4.3.2/avr51/libgcc.a(_fixunssfsi.o)
                                                  ./src/arduino/Print.o
__fixunssfsi                                      /usr/lib/gcc/avr/4.3.2/avr51/libgcc.a(_fixunssfsi.o)
                                                  ./src/arduino/Print.o
__floatsisf                                       /usr/lib/gcc/avr/4.3.2/avr51/libgcc.a(_si_to_sf.o)
                                                  ./src/arduino/Print.o
__floatunsisf                                     /usr/lib/gcc/avr/4.3.2/avr51/libgcc.a(_usi_to_sf.o)
                                                  ./src/arduino/Print.o
__flp                                             /usr/lib/gcc/avr/4.3.2/../../../avr/lib/avr51/libc.a(malloc.o)
__fpcmp_parts_f                                   /usr/lib/gcc/avr/4.3.2/avr51/libgcc.a(_fpcmp_parts_sf.o)
                                                  /usr/lib/gcc/avr/4.3.2/avr51/libgcc.a(_lt_sf.o)
                                                  /usr/lib/gcc/avr/4.3.2/avr51/libgcc.a(_ge_sf.o)
__gesf2                                           /usr/lib/gcc/avr/4.3.2/avr51/libgcc.a(_ge_sf.o)
                                                  /usr/lib/gcc/avr/4.3.2/avr51/libgcc.a(_fixunssfsi.o)
__heap_end                                        /usr/lib/gcc/avr/4.3.2/../../../avr/lib/avr51/crtm1280.o
                                                  /usr/lib/gcc/avr/4.3.2/../../../avr/lib/avr51/libc.a(malloc.o)
__heap_start                                      /usr/lib/gcc/avr/4.3.2/../../../avr/lib/avr51/libc.a(malloc.o)
__init                                            /usr/lib/gcc/avr/4.3.2/../../../avr/lib/avr51/crtm1280.o
__ltsf2                                           /usr/lib/gcc/avr/4.3.2/avr51/libgcc.a(_lt_sf.o)
                                                  ./src/arduino/Print.o
__malloc_heap_end                                 /usr/lib/gcc/avr/4.3.2/../../../avr/lib/avr51/libc.a(malloc.o)
__malloc_heap_start                               /usr/lib/gcc/avr/4.3.2/../../../avr/lib/avr51/libc.a(malloc.o)
__malloc_margin                                   /usr/lib/gcc/avr/4.3.2/../../../avr/lib/avr51/libc.a(malloc.o)
__mulsf3                                          /usr/lib/gcc/avr/4.3.2/avr51/libgcc.a(_mul_sf.o)
                                                  ./src/arduino/Print.o
__mulsi3                                          /usr/lib/gcc/avr/4.3.2/avr51/libgcc.a(_mulsi3.o)
                                                  /usr/lib/gcc/avr/4.3.2/../../../avr/lib/avr51/libc.a(random.o)
                                                  ./src/arduino/wiring_pulse.o
                                                  ./src/arduino/WMath.o
                                                  ./src/GPS.o
__pack_f                                          /usr/lib/gcc/avr/4.3.2/avr51/libgcc.a(_pack_sf.o)
                                                  /usr/lib/gcc/avr/4.3.2/avr51/libgcc.a(_usi_to_sf.o)
                                                  /usr/lib/gcc/avr/4.3.2/avr51/libgcc.a(_si_to_sf.o)
                                                  /usr/lib/gcc/avr/4.3.2/avr51/libgcc.a(_div_sf.o)
                                                  /usr/lib/gcc/avr/4.3.2/avr51/libgcc.a(_mul_sf.o)
                                                  /usr/lib/gcc/avr/4.3.2/avr51/libgcc.a(_addsub_sf.o)
__prologue_saves__                                /usr/lib/gcc/avr/4.3.2/avr51/libgcc.a(_prologue.o)
                                                  /usr/lib/gcc/avr/4.3.2/../../../avr/lib/avr51/libc.a(random.o)
                                                  /usr/lib/gcc/avr/4.3.2/avr51/libgcc.a(_usi_to_sf.o)
                                                  /usr/lib/gcc/avr/4.3.2/avr51/libgcc.a(_sf_to_si.o)
                                                  /usr/lib/gcc/avr/4.3.2/avr51/libgcc.a(_si_to_sf.o)
                                                  /usr/lib/gcc/avr/4.3.2/avr51/libgcc.a(_lt_sf.o)
                                                  /usr/lib/gcc/avr/4.3.2/avr51/libgcc.a(_ge_sf.o)
                                                  /usr/lib/gcc/avr/4.3.2/avr51/libgcc.a(_div_sf.o)
                                                  /usr/lib/gcc/avr/4.3.2/avr51/libgcc.a(_mul_sf.o)
                                                  /usr/lib/gcc/avr/4.3.2/avr51/libgcc.a(_addsub_sf.o)
__stack                                           /usr/lib/gcc/avr/4.3.2/../../../avr/lib/avr51/crtm1280.o
__subsf3                                          /usr/lib/gcc/avr/4.3.2/avr51/libgcc.a(_addsub_sf.o)
                                                  /usr/lib/gcc/avr/4.3.2/avr51/libgcc.a(_fixunssfsi.o)
                                                  ./src/arduino/Print.o
__tablejump2__                                    /usr/lib/gcc/avr/4.3.2/avr51/libgcc.a(_tablejump.o)
__tablejump__                                     /usr/lib/gcc/avr/4.3.2/avr51/libgcc.a(_tablejump.o)
                                                  /usr/lib/gcc/avr/4.3.2/avr51/libgcc.a(_dtors.o)
                                                  /usr/lib/gcc/avr/4.3.2/avr51/libgcc.a(_ctors.o)
__thenan_sf                                       /usr/lib/gcc/avr/4.3.2/avr51/libgcc.a(_thenan_sf.o)
                                                  /usr/lib/gcc/avr/4.3.2/avr51/libgcc.a(_div_sf.o)
                                                  /usr/lib/gcc/avr/4.3.2/avr51/libgcc.a(_mul_sf.o)
                                                  /usr/lib/gcc/avr/4.3.2/avr51/libgcc.a(_addsub_sf.o)
__udivmodhi4                                      /usr/lib/gcc/avr/4.3.2/avr51/libgcc.a(_udivmodhi4.o)
                                                  /usr/lib/gcc/avr/4.3.2/avr51/libgcc.a(_divmodhi4.o)
__udivmodsi4                                      /usr/lib/gcc/avr/4.3.2/avr51/libgcc.a(_udivmodsi4.o)
                                                  /usr/lib/gcc/avr/4.3.2/avr51/libgcc.a(_divmodsi4.o)
                                                  ./src/arduino/Print.o
                                                  ./src/arduino/HardwareSerial.o
__unpack_f                                        /usr/lib/gcc/avr/4.3.2/avr51/libgcc.a(_unpack_sf.o)
                                                  /usr/lib/gcc/avr/4.3.2/avr51/libgcc.a(_sf_to_si.o)
                                                  /usr/lib/gcc/avr/4.3.2/avr51/libgcc.a(_lt_sf.o)
                                                  /usr/lib/gcc/avr/4.3.2/avr51/libgcc.a(_ge_sf.o)
                                                  /usr/lib/gcc/avr/4.3.2/avr51/libgcc.a(_div_sf.o)
                                                  /usr/lib/gcc/avr/4.3.2/avr51/libgcc.a(_mul_sf.o)
                                                  /usr/lib/gcc/avr/4.3.2/avr51/libgcc.a(_addsub_sf.o)
__vector_1                                        ./src/arduino/WInterrupts.o
                                                  /usr/lib/gcc/avr/4.3.2/../../../avr/lib/avr51/crtm1280.o
__vector_10                                       /usr/lib/gcc/avr/4.3.2/../../../avr/lib/avr51/crtm1280.o
__vector_11                                       /usr/lib/gcc/avr/4.3.2/../../../avr/lib/avr51/crtm1280.o
__vector_12                                       /usr/lib/gcc/avr/4.3.2/../../../avr/lib/avr51/crtm1280.o
__vector_13                                       /usr/lib/gcc/avr/4.3.2/../../../avr/lib/avr51/crtm1280.o
__vector_14                                       /usr/lib/gcc/avr/4.3.2/../../../avr/lib/avr51/crtm1280.o
__vector_15                                       /usr/lib/gcc/avr/4.3.2/../../../avr/lib/avr51/crtm1280.o
__vector_16                                       /usr/lib/gcc/avr/4.3.2/../../../avr/lib/avr51/crtm1280.o
__vector_17                                       /usr/lib/gcc/avr/4.3.2/../../../avr/lib/avr51/crtm1280.o
__vector_18                                       /usr/lib/gcc/avr/4.3.2/../../../avr/lib/avr51/crtm1280.o
__vector_19                                       /usr/lib/gcc/avr/4.3.2/../../../avr/lib/avr51/crtm1280.o
__vector_2                                        ./src/arduino/WInterrupts.o
                                                  /usr/lib/gcc/avr/4.3.2/../../../avr/lib/avr51/crtm1280.o
__vector_20                                       /usr/lib/gcc/avr/4.3.2/../../../avr/lib/avr51/crtm1280.o
__vector_21                                       /usr/lib/gcc/avr/4.3.2/../../../avr/lib/avr51/crtm1280.o
__vector_22                                       /usr/lib/gcc/avr/4.3.2/../../../avr/lib/avr51/crtm1280.o
__vector_23                                       ./src/arduino/wiring.o
                                                  /usr/lib/gcc/avr/4.3.2/../../../avr/lib/avr51/crtm1280.o
__vector_24                                       /usr/lib/gcc/avr/4.3.2/../../../avr/lib/avr51/crtm1280.o
__vector_25                                       ./src/arduino/HardwareSerial.o
                                                  /usr/lib/gcc/avr/4.3.2/../../../avr/lib/avr51/crtm1280.o
__vector_26                                       /usr/lib/gcc/avr/4.3.2/../../../avr/lib/avr51/crtm1280.o
__vector_27                                       /usr/lib/gcc/avr/4.3.2/../../../avr/lib/avr51/crtm1280.o
__vector_28                                       /usr/lib/gcc/avr/4.3.2/../../../avr/lib/avr51/crtm1280.o
__vector_29                                       /usr/lib/gcc/avr/4.3.2/../../../avr/lib/avr51/crtm1280.o
__vector_3                                        ./src/arduino/WInterrupts.o
                                                  /usr/lib/gcc/avr/4.3.2/../../../avr/lib/avr51/crtm1280.o
__vector_30                                       /usr/lib/gcc/avr/4.3.2/../../../avr/lib/avr51/crtm1280.o
__vector_31                                       /usr/lib/gcc/avr/4.3.2/../../../avr/lib/avr51/crtm1280.o
__vector_32                                       /usr/lib/gcc/avr/4.3.2/../../../avr/lib/avr51/crtm1280.o
__vector_33                                       /usr/lib/gcc/avr/4.3.2/../../../avr/lib/avr51/crtm1280.o
__vector_34                                       /usr/lib/gcc/avr/4.3.2/../../../avr/lib/avr51/crtm1280.o
__vector_35                                       /usr/lib/gcc/avr/4.3.2/../../../avr/lib/avr51/crtm1280.o
__vector_36                                       ./src/arduino/HardwareSerial.o
                                                  /usr/lib/gcc/avr/4.3.2/../../../avr/lib/avr51/crtm1280.o
__vector_37                                       /usr/lib/gcc/avr/4.3.2/../../../avr/lib/avr51/crtm1280.o
__vector_38                                       /usr/lib/gcc/avr/4.3.2/../../../avr/lib/avr51/crtm1280.o
__vector_39                                       ./src/arduino/twi.o
                                                  /usr/lib/gcc/avr/4.3.2/../../../avr/lib/avr51/crtm1280.o
__vector_4                                        ./src/arduino/WInterrupts.o
                                                  /usr/lib/gcc/avr/4.3.2/../../../avr/lib/avr51/crtm1280.o
__vector_40                                       /usr/lib/gcc/avr/4.3.2/../../../avr/lib/avr51/crtm1280.o
__vector_41                                       /usr/lib/gcc/avr/4.3.2/../../../avr/lib/avr51/crtm1280.o
__vector_42                                       /usr/lib/gcc/avr/4.3.2/../../../avr/lib/avr51/crtm1280.o
__vector_43                                       /usr/lib/gcc/avr/4.3.2/../../../avr/lib/avr51/crtm1280.o
__vector_44                                       /usr/lib/gcc/avr/4.3.2/../../../avr/lib/avr51/crtm1280.o
__vector_45                                       /usr/lib/gcc/avr/4.3.2/../../../avr/lib/avr51/crtm1280.o
__vector_46                                       /usr/lib/gcc/avr/4.3.2/../../../avr/lib/avr51/crtm1280.o
__vector_47                                       /usr/lib/gcc/avr/4.3.2/../../../avr/lib/avr51/crtm1280.o
__vector_48                                       /usr/lib/gcc/avr/4.3.2/../../../avr/lib/avr51/crtm1280.o
__vector_49                                       /usr/lib/gcc/avr/4.3.2/../../../avr/lib/avr51/crtm1280.o
__vector_5                                        ./src/arduino/WInterrupts.o
                                                  /usr/lib/gcc/avr/4.3.2/../../../avr/lib/avr51/crtm1280.o
__vector_50                                       /usr/lib/gcc/avr/4.3.2/../../../avr/lib/avr51/crtm1280.o
__vector_51                                       ./src/arduino/HardwareSerial.o
                                                  /usr/lib/gcc/avr/4.3.2/../../../avr/lib/avr51/crtm1280.o
__vector_52                                       /usr/lib/gcc/avr/4.3.2/../../../avr/lib/avr51/crtm1280.o
__vector_53                                       /usr/lib/gcc/avr/4.3.2/../../../avr/lib/avr51/crtm1280.o
__vector_54                                       ./src/arduino/HardwareSerial.o
                                                  /usr/lib/gcc/avr/4.3.2/../../../avr/lib/avr51/crtm1280.o
__vector_55                                       /usr/lib/gcc/avr/4.3.2/../../../avr/lib/avr51/crtm1280.o
__vector_56                                       /usr/lib/gcc/avr/4.3.2/../../../avr/lib/avr51/crtm1280.o
__vector_6                                        ./src/arduino/WInterrupts.o
                                                  /usr/lib/gcc/avr/4.3.2/../../../avr/lib/avr51/crtm1280.o
__vector_7                                        ./src/arduino/WInterrupts.o
                                                  /usr/lib/gcc/avr/4.3.2/../../../avr/lib/avr51/crtm1280.o
__vector_8                                        ./src/arduino/WInterrupts.o
                                                  /usr/lib/gcc/avr/4.3.2/../../../avr/lib/avr51/crtm1280.o
__vector_9                                        /usr/lib/gcc/avr/4.3.2/../../../avr/lib/avr51/crtm1280.o
__vector_default                                  /usr/lib/gcc/avr/4.3.2/../../../avr/lib/avr51/crtm1280.o
__vectors                                         /usr/lib/gcc/avr/4.3.2/../../../avr/lib/avr51/crtm1280.o
_div                                              /usr/lib/gcc/avr/4.3.2/avr51/libgcc.a(_divmodhi4.o)
_exit                                             /usr/lib/gcc/avr/4.3.2/avr51/libgcc.a(_exit.o)
analogRead                                        ./src/arduino/wiring_analog.o
analogReference                                   ./src/arduino/wiring_analog.o
analogWrite                                       ./src/arduino/wiring_analog.o
analog_reference                                  ./src/arduino/wiring_analog.o
attachInterrupt                                   ./src/arduino/WInterrupts.o
calloc                                            /usr/lib/gcc/avr/4.3.2/../../../avr/lib/avr51/libc.a(calloc.o)
                                                  ./src/arduino/twi.o
                                                  ./src/arduino/Wire.o
count                                             ./src/main.o
delay                                             ./src/arduino/wiring.o
                                                  ./src/I2C.o
                                                  ./src/GPS.o
delayMicroseconds                                 ./src/arduino/wiring.o
detachInterrupt                                   ./src/arduino/WInterrupts.o
digitalRead                                       ./src/arduino/wiring_digital.o
digitalWrite                                      ./src/arduino/wiring_digital.o
                                                  ./src/arduino/wiring_shift.o
                                                  ./src/arduino/wiring_analog.o
digital_pin_to_bit_mask_PGM                       ./src/arduino/pins_arduino.o
                                                  ./src/arduino/wiring_pulse.o
                                                  ./src/arduino/wiring_digital.o
digital_pin_to_port_PGM                           ./src/arduino/pins_arduino.o
                                                  ./src/arduino/wiring_pulse.o
                                                  ./src/arduino/wiring_digital.o
digital_pin_to_timer_PGM                          ./src/arduino/pins_arduino.o
                                                  ./src/arduino/wiring_digital.o
                                                  ./src/arduino/wiring_analog.o
exit                                              /usr/lib/gcc/avr/4.3.2/avr51/libgcc.a(_exit.o)
                                                  /usr/lib/gcc/avr/4.3.2/../../../avr/lib/avr51/crtm1280.o
free                                              /usr/lib/gcc/avr/4.3.2/../../../avr/lib/avr51/libc.a(malloc.o)
init                                              ./src/arduino/wiring.o
                                                  ./src/main.o
loop                                              ./src/main.o
main                                              ./src/main.o
                                                  /usr/lib/gcc/avr/4.3.2/../../../avr/lib/avr51/crtm1280.o
makeWord(unsigned char, unsigned char)            ./src/arduino/WMath.o
makeWord(unsigned int)                            ./src/arduino/WMath.o
malloc                                            /usr/lib/gcc/avr/4.3.2/../../../avr/lib/avr51/libc.a(malloc.o)
                                                  /usr/lib/gcc/avr/4.3.2/../../../avr/lib/avr51/libc.a(calloc.o)
map(long, long, long, long, long)                 ./src/arduino/WMath.o
memset                                            /usr/lib/gcc/avr/4.3.2/../../../avr/lib/avr51/libc.a(memset.o)
                                                  /usr/lib/gcc/avr/4.3.2/../../../avr/lib/avr51/libc.a(calloc.o)
micros                                            ./src/arduino/wiring.o
millis                                            ./src/arduino/wiring.o
pinMode                                           ./src/arduino/wiring_digital.o
                                                  ./src/arduino/wiring_analog.o
port_to_input_PGM                                 ./src/arduino/pins_arduino.o
                                                  ./src/arduino/wiring_pulse.o
                                                  ./src/arduino/wiring_digital.o
port_to_mode_PGM                                  ./src/arduino/pins_arduino.o
                                                  ./src/arduino/wiring_digital.o
port_to_output_PGM                                ./src/arduino/pins_arduino.o
                                                  ./src/arduino/wiring_digital.o
pulseIn                                           ./src/arduino/wiring_pulse.o
random                                            /usr/lib/gcc/avr/4.3.2/../../../avr/lib/avr51/libc.a(random.o)
                                                  ./src/arduino/WMath.o
random(long)                                      ./src/arduino/WMath.o
random(long, long)                                ./src/arduino/WMath.o
randomSeed(unsigned int)                          ./src/arduino/WMath.o
random_r                                          /usr/lib/gcc/avr/4.3.2/../../../avr/lib/avr51/libc.a(random.o)
rx_buffer0                                        ./src/arduino/HardwareSerial.o
rx_buffer1                                        ./src/arduino/HardwareSerial.o
rx_buffer2                                        ./src/arduino/HardwareSerial.o
rx_buffer3                                        ./src/arduino/HardwareSerial.o
setup                                             ./src/main.o
shiftOut                                          ./src/arduino/wiring_shift.o
srandom                                           /usr/lib/gcc/avr/4.3.2/../../../avr/lib/avr51/libc.a(random.o)
                                                  ./src/arduino/WMath.o
timer0_millis                                     ./src/arduino/wiring.o
timer0_overflow_count                             ./src/arduino/wiring.o
twi_attachSlaveRxEvent                            ./src/arduino/twi.o
                                                  ./src/arduino/Wire.o
twi_attachSlaveTxEvent                            ./src/arduino/twi.o
                                                  ./src/arduino/Wire.o
twi_init                                          ./src/arduino/twi.o
                                                  ./src/arduino/Wire.o
twi_readFrom                                      ./src/arduino/twi.o
                                                  ./src/arduino/Wire.o
twi_releaseBus                                    ./src/arduino/twi.o
twi_reply                                         ./src/arduino/twi.o
twi_setAddress                                    ./src/arduino/twi.o
                                                  ./src/arduino/Wire.o
twi_stop                                          ./src/arduino/twi.o
twi_transmit                                      ./src/arduino/twi.o
                                                  ./src/arduino/Wire.o
twi_writeTo                                       ./src/arduino/twi.o
                                                  ./src/arduino/Wire.o
vtable for HardwareSerial                         ./src/arduino/HardwareSerial.o
