Archive member included because of file (symbol)

/usr/lib/gcc/avr/4.3.2/avr51/libgcc.a(_mulsi3.o)
                              ./src/arduino/WMath.o (__mulsi3)
/usr/lib/gcc/avr/4.3.2/avr51/libgcc.a(_divmodhi4.o)
                              ./src/arduino/HardwareSerial.o (__divmodhi4)
/usr/lib/gcc/avr/4.3.2/avr51/libgcc.a(_udivmodsi4.o)
                              ./src/arduino/HardwareSerial.o (__udivmodsi4)
/usr/lib/gcc/avr/4.3.2/avr51/libgcc.a(_divmodsi4.o)
                              ./src/arduino/HardwareSerial.o (__divmodsi4)
/usr/lib/gcc/avr/4.3.2/avr51/libgcc.a(_exit.o)
                              /usr/lib/gcc/avr/4.3.2/../../../avr/lib/avr51/crtm1280.o (exit)
/usr/lib/gcc/avr/4.3.2/avr51/libgcc.a(_clear_bss.o)
                              ./src/main.o (__do_clear_bss)
/usr/lib/gcc/avr/4.3.2/avr51/libgcc.a(_ctors.o)
                              ./src/arduino/HardwareSerial.o (__do_global_ctors)
/usr/lib/gcc/avr/4.3.2/avr51/libgcc.a(_fixunssfsi.o)
                              ./src/arduino/Print.o (__fixunssfsi)
/usr/lib/gcc/avr/4.3.2/avr51/libgcc.a(_addsub_sf.o)
                              ./src/arduino/Print.o (__subsf3)
/usr/lib/gcc/avr/4.3.2/avr51/libgcc.a(_mul_sf.o)
                              ./src/arduino/Print.o (__mulsf3)
/usr/lib/gcc/avr/4.3.2/avr51/libgcc.a(_div_sf.o)
                              ./src/arduino/Print.o (__divsf3)
/usr/lib/gcc/avr/4.3.2/avr51/libgcc.a(_ge_sf.o)
                              /usr/lib/gcc/avr/4.3.2/avr51/libgcc.a(_fixunssfsi.o) (__gesf2)
/usr/lib/gcc/avr/4.3.2/avr51/libgcc.a(_lt_sf.o)
                              ./src/arduino/Print.o (__ltsf2)
/usr/lib/gcc/avr/4.3.2/avr51/libgcc.a(_si_to_sf.o)
                              ./src/arduino/Print.o (__floatsisf)
/usr/lib/gcc/avr/4.3.2/avr51/libgcc.a(_sf_to_si.o)
                              ./src/arduino/Print.o (__fixsfsi)
/usr/lib/gcc/avr/4.3.2/avr51/libgcc.a(_thenan_sf.o)
                              /usr/lib/gcc/avr/4.3.2/avr51/libgcc.a(_addsub_sf.o) (__thenan_sf)
/usr/lib/gcc/avr/4.3.2/avr51/libgcc.a(_usi_to_sf.o)
                              ./src/arduino/Print.o (__floatunsisf)
/usr/lib/gcc/avr/4.3.2/avr51/libgcc.a(_udivmodhi4.o)
                              /usr/lib/gcc/avr/4.3.2/avr51/libgcc.a(_divmodhi4.o) (__udivmodhi4)
/usr/lib/gcc/avr/4.3.2/avr51/libgcc.a(_prologue.o)
                              /usr/lib/gcc/avr/4.3.2/avr51/libgcc.a(_addsub_sf.o) (__prologue_saves__)
/usr/lib/gcc/avr/4.3.2/avr51/libgcc.a(_epilogue.o)
                              /usr/lib/gcc/avr/4.3.2/avr51/libgcc.a(_addsub_sf.o) (__epilogue_restores__)
/usr/lib/gcc/avr/4.3.2/avr51/libgcc.a(_tablejump.o)
                              /usr/lib/gcc/avr/4.3.2/avr51/libgcc.a(_ctors.o) (__tablejump__)
/usr/lib/gcc/avr/4.3.2/avr51/libgcc.a(_clzsi2.o)
                              /usr/lib/gcc/avr/4.3.2/avr51/libgcc.a(_si_to_sf.o) (__clzsi2)
/usr/lib/gcc/avr/4.3.2/avr51/libgcc.a(_pack_sf.o)
                              /usr/lib/gcc/avr/4.3.2/avr51/libgcc.a(_addsub_sf.o) (__pack_f)
/usr/lib/gcc/avr/4.3.2/avr51/libgcc.a(_unpack_sf.o)
                              /usr/lib/gcc/avr/4.3.2/avr51/libgcc.a(_addsub_sf.o) (__unpack_f)
/usr/lib/gcc/avr/4.3.2/avr51/libgcc.a(_fpcmp_parts_sf.o)
                              /usr/lib/gcc/avr/4.3.2/avr51/libgcc.a(_ge_sf.o) (__fpcmp_parts_f)
/usr/lib/gcc/avr/4.3.2/avr51/libgcc.a(_clz.o)
                              /usr/lib/gcc/avr/4.3.2/avr51/libgcc.a(_clzsi2.o) (__clz_tab)
/usr/lib/gcc/avr/4.3.2/../../../avr/lib/avr51/libc.a(calloc.o)
                              ./src/arduino/Wire.o (calloc)
/usr/lib/gcc/avr/4.3.2/../../../avr/lib/avr51/libc.a(malloc.o)
                              /usr/lib/gcc/avr/4.3.2/../../../avr/lib/avr51/libc.a(calloc.o) (malloc)
/usr/lib/gcc/avr/4.3.2/../../../avr/lib/avr51/libc.a(random.o)
                              ./src/arduino/WMath.o (random)
/usr/lib/gcc/avr/4.3.2/../../../avr/lib/avr51/libc.a(memset.o)
                              /usr/lib/gcc/avr/4.3.2/../../../avr/lib/avr51/libc.a(calloc.o) (memset)

Allocating common symbols
Common symbol       size              file

__brkval            0x2               /usr/lib/gcc/avr/4.3.2/../../../avr/lib/avr51/libc.a(malloc.o)
__flp               0x2               /usr/lib/gcc/avr/4.3.2/../../../avr/lib/avr51/libc.a(malloc.o)

Memory Configuration

Name             Origin             Length             Attributes
text             0x00000000         0x00020000         xr
data             0x00800060         0x0000ffa0         rw !x
eeprom           0x00810000         0x00010000         rw !x
fuse             0x00820000         0x00000400         rw !x
lock             0x00830000         0x00000400         rw !x
signature        0x00840000         0x00000400         rw !x
*default*        0x00000000         0xffffffff

Linker script and memory map

Address of section .data set to 0x800200
LOAD /usr/lib/gcc/avr/4.3.2/../../../avr/lib/avr51/crtm1280.o
LOAD ./src/main.o
LOAD ./src/arduino/HardwareSerial.o
LOAD ./src/arduino/Print.o
LOAD ./src/arduino/WInterrupts.o
LOAD ./src/arduino/WMath.o
LOAD ./src/arduino/Wire.o
LOAD ./src/arduino/pins_arduino.o
LOAD ./src/arduino/twi.o
LOAD ./src/arduino/wiring.o
LOAD ./src/arduino/wiring_analog.o
LOAD ./src/arduino/wiring_digital.o
LOAD ./src/arduino/wiring_pulse.o
LOAD ./src/arduino/wiring_shift.o
LOAD /usr/lib/gcc/avr/4.3.2/avr51/libgcc.a
LOAD /usr/lib/gcc/avr/4.3.2/../../../avr/lib/avr51/libm.a
LOAD /usr/lib/gcc/avr/4.3.2/avr51/libgcc.a
LOAD /usr/lib/gcc/avr/4.3.2/../../../avr/lib/avr51/libc.a
LOAD /usr/lib/gcc/avr/4.3.2/avr51/libgcc.a

.hash
 *(.hash)

.dynsym
 *(.dynsym)

.dynstr
 *(.dynstr)

.gnu.version
 *(.gnu.version)

.gnu.version_d
 *(.gnu.version_d)

.gnu.version_r
 *(.gnu.version_r)

.rel.init
 *(.rel.init)

.rela.init
 *(.rela.init)

.rel.text
 *(.rel.text)
 *(.rel.text.*)
 *(.rel.gnu.linkonce.t*)

.rela.text
 *(.rela.text)
 *(.rela.text.*)
 *(.rela.gnu.linkonce.t*)

.rel.fini
 *(.rel.fini)

.rela.fini
 *(.rela.fini)

.rel.rodata
 *(.rel.rodata)
 *(.rel.rodata.*)
 *(.rel.gnu.linkonce.r*)

.rela.rodata
 *(.rela.rodata)
 *(.rela.rodata.*)
 *(.rela.gnu.linkonce.r*)

.rel.data
 *(.rel.data)
 *(.rel.data.*)
 *(.rel.gnu.linkonce.d*)

.rela.data
 *(.rela.data)
 *(.rela.data.*)
 *(.rela.gnu.linkonce.d*)

.rel.ctors
 *(.rel.ctors)

.rela.ctors
 *(.rela.ctors)

.rel.dtors
 *(.rel.dtors)

.rela.dtors
 *(.rela.dtors)

.rel.got
 *(.rel.got)

.rela.got
 *(.rela.got)

.rel.bss
 *(.rel.bss)

.rela.bss
 *(.rela.bss)

.rel.plt
 *(.rel.plt)

.rela.plt
 *(.rela.plt)

.text           0x00000000     0x35c6
 *(.vectors)
 .vectors       0x00000000       0xe4 /usr/lib/gcc/avr/4.3.2/../../../avr/lib/avr51/crtm1280.o
                0x00000000                __vectors
                0x00000000                __vector_default
 *(.vectors)
 *(.progmem.gcc*)
 *(.progmem*)
 .progmem.data  0x000000e4      0x120 ./src/arduino/pins_arduino.o
                0x000000e4                port_to_mode_PGM
                0x00000132                digital_pin_to_port_PGM
                0x00000178                digital_pin_to_bit_mask_PGM
                0x000000fe                port_to_output_PGM
                0x00000118                port_to_input_PGM
                0x000001be                digital_pin_to_timer_PGM
                0x00000204                . = ALIGN (0x2)
                0x00000204                __trampolines_start = .
 *(.trampolines)
 .trampolines   0x00000204        0x0 linker stubs
 *(.trampolines*)
                0x00000204                __trampolines_end = .
 *(.jumptables)
 *(.jumptables*)
 *(.lowtext)
 *(.lowtext*)
                0x00000204                __ctors_start = .
 *(.ctors)
 .ctors         0x00000204        0x2 ./src/arduino/HardwareSerial.o
                0x00000206                __ctors_end = .
                0x00000206                __dtors_start = .
 *(.dtors)
                0x00000206                __dtors_end = .
 SORT(*)(.ctors)
 SORT(*)(.dtors)
 *(.init0)
 .init0         0x00000206        0x0 /usr/lib/gcc/avr/4.3.2/../../../avr/lib/avr51/crtm1280.o
                0x00000206                __init
 *(.init0)
 *(.init1)
 *(.init1)
 *(.init2)
 .init2         0x00000206        0xc /usr/lib/gcc/avr/4.3.2/../../../avr/lib/avr51/crtm1280.o
 *(.init2)
 *(.init3)
 *(.init3)
 *(.init4)
 .init4         0x00000212       0x1a /usr/lib/gcc/avr/4.3.2/../../../avr/lib/avr51/crtm1280.o
                0x00000212                __do_copy_data
 .init4         0x0000022c       0x10 /usr/lib/gcc/avr/4.3.2/avr51/libgcc.a(_clear_bss.o)
                0x0000022c                __do_clear_bss
 *(.init4)
 *(.init5)
 *(.init5)
 *(.init6)
 .init6         0x0000023c       0x16 /usr/lib/gcc/avr/4.3.2/avr51/libgcc.a(_ctors.o)
                0x0000023c                __do_global_ctors
 *(.init6)
 *(.init7)
 *(.init7)
 *(.init8)
 *(.init8)
 *(.init9)
 .init9         0x00000252        0x8 /usr/lib/gcc/avr/4.3.2/../../../avr/lib/avr51/crtm1280.o
 *(.init9)
 *(.text)
 .text          0x0000025a        0x4 /usr/lib/gcc/avr/4.3.2/../../../avr/lib/avr51/crtm1280.o
                0x0000025a                __vector_38
                0x0000025a                __vector_22
                0x0000025a                __vector_28
                0x0000025a                __vector_32
                0x0000025a                __vector_34
                0x0000025a                __vector_24
                0x0000025a                __vector_12
                0x0000025a                __vector_55
                0x0000025a                __vector_46
                0x0000025a                __bad_interrupt
                0x0000025a                __vector_31
                0x0000025a                __vector_35
                0x0000025a                __vector_30
                0x0000025a                __vector_45
                0x0000025a                __vector_11
                0x0000025a                __vector_13
                0x0000025a                __vector_17
                0x0000025a                __vector_19
                0x0000025a                __vector_56
                0x0000025a                __vector_49
                0x0000025a                __vector_41
                0x0000025a                __vector_43
                0x0000025a                __vector_27
                0x0000025a                __vector_33
                0x0000025a                __vector_47
                0x0000025a                __vector_52
                0x0000025a                __vector_37
                0x0000025a                __vector_44
                0x0000025a                __vector_9
                0x0000025a                __vector_21
                0x0000025a                __vector_15
                0x0000025a                __vector_29
                0x0000025a                __vector_40
                0x0000025a                __vector_26
                0x0000025a                __vector_48
                0x0000025a                __vector_14
                0x0000025a                __vector_53
                0x0000025a                __vector_10
                0x0000025a                __vector_50
                0x0000025a                __vector_16
                0x0000025a                __vector_18
                0x0000025a                __vector_20
                0x0000025a                __vector_42
 .text          0x0000025e      0x202 ./src/main.o
                0x0000025e                loop
                0x00000452                main
                0x0000041c                setup
 .text          0x00000460      0x5d2 ./src/arduino/HardwareSerial.o
                0x000005e6                HardwareSerial::available()
                0x00000676                HardwareSerial::write(unsigned char)
                0x00000518                HardwareSerial::begin(long)
                0x00000460                HardwareSerial::HardwareSerial(ring_buffer*, unsigned char volatile*, unsigned char volatile*, unsigned char volatile*, unsigned char volatile*, unsigned char volatile*, unsigned char, unsigned char, unsigned char, unsigned char)
                0x0000069c                __vector_25
                0x00000822                __vector_54
                0x0000065e                HardwareSerial::flush()
                0x000007a0                __vector_51
                0x000004bc                HardwareSerial::HardwareSerial(ring_buffer*, unsigned char volatile*, unsigned char volatile*, unsigned char volatile*, unsigned char volatile*, unsigned char volatile*, unsigned char, unsigned char, unsigned char, unsigned char)
                0x0000071e                __vector_36
                0x0000060e                HardwareSerial::read()
 .text          0x00000a32      0x498 ./src/arduino/Print.o
                0x00000ad0                Print::println()
                0x00000ca2                Print::print(unsigned int)
                0x00000eac                Print::print(double)
                0x00000b54                Print::printNumber(unsigned long, unsigned char)
                0x00000a62                Print::write(unsigned char const*, unsigned int)
                0x00000c8c                Print::println(unsigned long)
                0x00000d2e                Print::print(int)
                0x00000afe                Print::println(char)
                0x00000a32                Print::write(char const*)
                0x00000d9e                Print::printFloat(double, unsigned char)
                0x00000b34                Print::println(unsigned char)
                0x00000aa0                Print::print(unsigned char)
                0x00000c84                Print::print(unsigned long)
                0x00000b1e                Print::println(char const*)
                0x00000ab0                Print::print(char)
                0x00000d3e                Print::println(int)
                0x00000eb4                Print::println(double)
                0x00000d18                Print::println(long)
                0x00000ac0                Print::print(char const*)
                0x00000cca                Print::print(long)
                0x00000d88                Print::println(long, int)
                0x00000d5e                Print::print(long, int)
                0x00000cae                Print::println(unsigned int)
 .text          0x00000eca      0x45e ./src/arduino/WInterrupts.o
                0x00001018                __vector_1
                0x00001202                __vector_6
                0x000010dc                __vector_3
                0x00000eca                attachInterrupt
                0x00000fc0                detachInterrupt
                0x00001264                __vector_7
                0x000011a0                __vector_5
                0x0000113e                __vector_4
                0x0000107a                __vector_2
                0x000012c6                __vector_8
 .text          0x00001328      0x132 ./src/arduino/WMath.o
                0x000013bc                makeWord(unsigned char, unsigned char)
                0x0000140e                random(long, long)
                0x0000144a                randomSeed(unsigned int)
                0x00001328                map(long, long, long, long, long)
                0x000013ba                makeWord(unsigned int)
                0x000013ca                random(long)
 .text          0x0000145a      0x1f6 ./src/arduino/Wire.o
                0x000015cc                TwoWire::requestFrom(unsigned char, unsigned char)
                0x0000145a                TwoWire::beginTransmission(unsigned char)
                0x0000150a                TwoWire::onRequest(void (*)())
                0x00001628                TwoWire::begin(unsigned char)
                0x00001494                TwoWire::onReceiveService(unsigned char*, int)
                0x000015a8                TwoWire::endTransmission()
                0x00001500                TwoWire::onReceive(void (*)(int))
                0x00001564                TwoWire::send(unsigned char*, unsigned char)
                0x000014e8                TwoWire::onRequestService()
                0x000015ea                TwoWire::begin()
                0x00001514                TwoWire::send(unsigned char)
                0x0000146e                TwoWire::receive()
 .text          0x00001650        0x0 ./src/arduino/pins_arduino.o
 .text          0x00001650      0x4ea ./src/arduino/twi.o
                0x0000174e                twi_transmit
                0x000017c0                twi_releaseBus
                0x00001788                twi_attachSlaveRxEvent
                0x00001ad8                twi_init
                0x000017cc                __vector_39
                0x000016c4                twi_writeTo
                0x00001792                twi_attachSlaveTxEvent
                0x00001658                twi_readFrom
                0x0000179c                twi_reply
                0x000017ac                twi_stop
                0x00001650                twi_setAddress
 .text          0x00001b3a      0x234 ./src/arduino/wiring.o
                0x00001b3a                __vector_23
                0x00001cac                init
                0x00001be6                micros
                0x00001c3c                delay
                0x00001bca                millis
                0x00001c90                delayMicroseconds
 .text          0x00001d6e      0x1de ./src/arduino/wiring_analog.o
                0x00001dd4                analogWrite
                0x00001d6e                analogReference
                0x00001d74                analogRead
 .text          0x00001f4c      0x26e ./src/arduino/wiring_digital.o
                0x000020a2                digitalRead
                0x00001f8c                digitalWrite
                0x00001f4c                pinMode
 .text          0x000021ba      0x102 ./src/arduino/wiring_pulse.o
                0x000021ba                pulseIn
 .text          0x000022bc       0x82 ./src/arduino/wiring_shift.o
                0x000022bc                shiftOut
 .text          0x0000233e        0x0 /usr/lib/gcc/avr/4.3.2/avr51/libgcc.a(_mulsi3.o)
 .text          0x0000233e        0x0 /usr/lib/gcc/avr/4.3.2/avr51/libgcc.a(_divmodhi4.o)
 .text          0x0000233e        0x0 /usr/lib/gcc/avr/4.3.2/avr51/libgcc.a(_udivmodsi4.o)
 .text          0x0000233e        0x0 /usr/lib/gcc/avr/4.3.2/avr51/libgcc.a(_divmodsi4.o)
 .text          0x0000233e        0x0 /usr/lib/gcc/avr/4.3.2/avr51/libgcc.a(_exit.o)
 .text          0x0000233e        0x0 /usr/lib/gcc/avr/4.3.2/avr51/libgcc.a(_clear_bss.o)
 .text          0x0000233e        0x0 /usr/lib/gcc/avr/4.3.2/avr51/libgcc.a(_ctors.o)
 .text          0x0000233e       0x58 /usr/lib/gcc/avr/4.3.2/avr51/libgcc.a(_fixunssfsi.o)
                0x0000233e                __fixunssfsi
 .text          0x00002396      0x354 /usr/lib/gcc/avr/4.3.2/avr51/libgcc.a(_addsub_sf.o)
                0x0000262e                __subsf3
                0x00002690                __addsf3
 .text          0x000026ea      0x1f4 /usr/lib/gcc/avr/4.3.2/avr51/libgcc.a(_mul_sf.o)
                0x000026ea                __mulsf3
 .text          0x000028de      0x158 /usr/lib/gcc/avr/4.3.2/avr51/libgcc.a(_div_sf.o)
                0x000028de                __divsf3
 .text          0x00002a36       0x60 /usr/lib/gcc/avr/4.3.2/avr51/libgcc.a(_ge_sf.o)
                0x00002a36                __gesf2
 .text          0x00002a96       0x60 /usr/lib/gcc/avr/4.3.2/avr51/libgcc.a(_lt_sf.o)
                0x00002a96                __ltsf2
 .text          0x00002af6       0xbc /usr/lib/gcc/avr/4.3.2/avr51/libgcc.a(_si_to_sf.o)
                0x00002af6                __floatsisf
 .text          0x00002bb2       0xa8 /usr/lib/gcc/avr/4.3.2/avr51/libgcc.a(_sf_to_si.o)
                0x00002bb2                __fixsfsi
 .text          0x00002c5a        0x0 /usr/lib/gcc/avr/4.3.2/avr51/libgcc.a(_thenan_sf.o)
 .text          0x00002c5a       0xf2 /usr/lib/gcc/avr/4.3.2/avr51/libgcc.a(_usi_to_sf.o)
                0x00002c5a                __floatunsisf
 .text          0x00002d4c        0x0 /usr/lib/gcc/avr/4.3.2/avr51/libgcc.a(_udivmodhi4.o)
 .text          0x00002d4c        0x0 /usr/lib/gcc/avr/4.3.2/avr51/libgcc.a(_prologue.o)
 .text          0x00002d4c        0x0 /usr/lib/gcc/avr/4.3.2/avr51/libgcc.a(_epilogue.o)
 .text          0x00002d4c        0x0 /usr/lib/gcc/avr/4.3.2/avr51/libgcc.a(_tablejump.o)
 .text          0x00002d4c       0x9e /usr/lib/gcc/avr/4.3.2/avr51/libgcc.a(_clzsi2.o)
                0x00002d4c                __clzsi2
 .text          0x00002dea      0x1aa /usr/lib/gcc/avr/4.3.2/avr51/libgcc.a(_pack_sf.o)
                0x00002dea                __pack_f
 .text          0x00002f94       0xf0 /usr/lib/gcc/avr/4.3.2/avr51/libgcc.a(_unpack_sf.o)
                0x00002f94                __unpack_f
 .text          0x00003084       0xb2 /usr/lib/gcc/avr/4.3.2/avr51/libgcc.a(_fpcmp_parts_sf.o)
                0x00003084                __fpcmp_parts_f
 .text          0x00003136        0x0 /usr/lib/gcc/avr/4.3.2/avr51/libgcc.a(_clz.o)
 .text          0x00003136       0x38 /usr/lib/gcc/avr/4.3.2/../../../avr/lib/avr51/libc.a(calloc.o)
                0x00003136                calloc
 .text          0x0000316e      0x204 /usr/lib/gcc/avr/4.3.2/../../../avr/lib/avr51/libc.a(malloc.o)
                0x0000316e                malloc
                0x000032c2                free
 .text          0x00003372       0xc2 /usr/lib/gcc/avr/4.3.2/../../../avr/lib/avr51/libc.a(random.o)
                0x00003418                random
                0x00003412                random_r
                0x00003422                srandom
 .text          0x00003434        0xe /usr/lib/gcc/avr/4.3.2/../../../avr/lib/avr51/libc.a(memset.o)
                0x00003434                memset
                0x00003442                . = ALIGN (0x2)
 *(.text.*)
 .text.libgcc   0x00003442       0x3e /usr/lib/gcc/avr/4.3.2/avr51/libgcc.a(_mulsi3.o)
                0x00003442                __mulsi3
 .text.libgcc   0x00003480       0x26 /usr/lib/gcc/avr/4.3.2/avr51/libgcc.a(_divmodhi4.o)
                0x00003480                __divmodhi4
                0x00003480                _div
 .text.libgcc   0x000034a6       0x44 /usr/lib/gcc/avr/4.3.2/avr51/libgcc.a(_udivmodsi4.o)
                0x000034a6                __udivmodsi4
 .text.libgcc   0x000034ea       0x36 /usr/lib/gcc/avr/4.3.2/avr51/libgcc.a(_divmodsi4.o)
                0x000034ea                __divmodsi4
 .text.libgcc   0x00003520        0x0 /usr/lib/gcc/avr/4.3.2/avr51/libgcc.a(_exit.o)
 .text.libgcc   0x00003520        0x0 /usr/lib/gcc/avr/4.3.2/avr51/libgcc.a(_clear_bss.o)
 .text.libgcc   0x00003520        0x0 /usr/lib/gcc/avr/4.3.2/avr51/libgcc.a(_ctors.o)
 .text.libgcc   0x00003520       0x28 /usr/lib/gcc/avr/4.3.2/avr51/libgcc.a(_udivmodhi4.o)
                0x00003520                __udivmodhi4
 .text.libgcc   0x00003548       0x38 /usr/lib/gcc/avr/4.3.2/avr51/libgcc.a(_prologue.o)
                0x00003548                __prologue_saves__
 .text.libgcc   0x00003580       0x36 /usr/lib/gcc/avr/4.3.2/avr51/libgcc.a(_epilogue.o)
                0x00003580                __epilogue_restores__
 .text.libgcc   0x000035b6        0xc /usr/lib/gcc/avr/4.3.2/avr51/libgcc.a(_tablejump.o)
                0x000035ba                __tablejump__
                0x000035b6                __tablejump2__
                0x000035c2                . = ALIGN (0x2)
 *(.fini9)
 .fini9         0x000035c2        0x0 /usr/lib/gcc/avr/4.3.2/avr51/libgcc.a(_exit.o)
                0x000035c2                exit
                0x000035c2                _exit
 *(.fini9)
 *(.fini8)
 *(.fini8)
 *(.fini7)
 *(.fini7)
 *(.fini6)
 *(.fini6)
 *(.fini5)
 *(.fini5)
 *(.fini4)
 *(.fini4)
 *(.fini3)
 *(.fini3)
 *(.fini2)
 *(.fini2)
 *(.fini1)
 *(.fini1)
 *(.fini0)
 .fini0         0x000035c2        0x4 /usr/lib/gcc/avr/4.3.2/avr51/libgcc.a(_exit.o)
 *(.fini0)
                0x000035c6                _etext = .

.data           0x00800200      0x1aa load address 0x000035c6
                0x00800200                PROVIDE (__data_start, .)
 *(.data)
 .data          0x00800200        0x0 /usr/lib/gcc/avr/4.3.2/../../../avr/lib/avr51/crtm1280.o
 .data          0x00800200       0x8b ./src/main.o
 .data          0x0080028b        0xa ./src/arduino/HardwareSerial.o
                0x0080028b                vtable for HardwareSerial
 .data          0x00800295        0x2 ./src/arduino/Print.o
 .data          0x00800297        0x0 ./src/arduino/WInterrupts.o
 .data          0x00800297        0x0 ./src/arduino/WMath.o
 .data          0x00800297        0x0 ./src/arduino/Wire.o
 .data          0x00800297        0x0 ./src/arduino/pins_arduino.o
 .data          0x00800297        0x0 ./src/arduino/twi.o
 .data          0x00800297        0x0 ./src/arduino/wiring.o
 .data          0x00800297        0x1 ./src/arduino/wiring_analog.o
                0x00800297                analog_reference
 .data          0x00800298        0x0 ./src/arduino/wiring_digital.o
 .data          0x00800298        0x0 ./src/arduino/wiring_pulse.o
 .data          0x00800298        0x0 ./src/arduino/wiring_shift.o
 .data          0x00800298        0x0 /usr/lib/gcc/avr/4.3.2/avr51/libgcc.a(_mulsi3.o)
 .data          0x00800298        0x0 /usr/lib/gcc/avr/4.3.2/avr51/libgcc.a(_divmodhi4.o)
 .data          0x00800298        0x0 /usr/lib/gcc/avr/4.3.2/avr51/libgcc.a(_udivmodsi4.o)
 .data          0x00800298        0x0 /usr/lib/gcc/avr/4.3.2/avr51/libgcc.a(_divmodsi4.o)
 .data          0x00800298        0x0 /usr/lib/gcc/avr/4.3.2/avr51/libgcc.a(_exit.o)
 .data          0x00800298        0x0 /usr/lib/gcc/avr/4.3.2/avr51/libgcc.a(_clear_bss.o)
 .data          0x00800298        0x0 /usr/lib/gcc/avr/4.3.2/avr51/libgcc.a(_ctors.o)
 .data          0x00800298        0x0 /usr/lib/gcc/avr/4.3.2/avr51/libgcc.a(_fixunssfsi.o)
 .data          0x00800298        0x0 /usr/lib/gcc/avr/4.3.2/avr51/libgcc.a(_addsub_sf.o)
 .data          0x00800298        0x0 /usr/lib/gcc/avr/4.3.2/avr51/libgcc.a(_mul_sf.o)
 .data          0x00800298        0x0 /usr/lib/gcc/avr/4.3.2/avr51/libgcc.a(_div_sf.o)
 .data          0x00800298        0x0 /usr/lib/gcc/avr/4.3.2/avr51/libgcc.a(_ge_sf.o)
 .data          0x00800298        0x0 /usr/lib/gcc/avr/4.3.2/avr51/libgcc.a(_lt_sf.o)
 .data          0x00800298        0x0 /usr/lib/gcc/avr/4.3.2/avr51/libgcc.a(_si_to_sf.o)
 .data          0x00800298        0x0 /usr/lib/gcc/avr/4.3.2/avr51/libgcc.a(_sf_to_si.o)
 .data          0x00800298        0x8 /usr/lib/gcc/avr/4.3.2/avr51/libgcc.a(_thenan_sf.o)
                0x00800298                __thenan_sf
 .data          0x008002a0        0x0 /usr/lib/gcc/avr/4.3.2/avr51/libgcc.a(_usi_to_sf.o)
 .data          0x008002a0        0x0 /usr/lib/gcc/avr/4.3.2/avr51/libgcc.a(_udivmodhi4.o)
 .data          0x008002a0        0x0 /usr/lib/gcc/avr/4.3.2/avr51/libgcc.a(_prologue.o)
 .data          0x008002a0        0x0 /usr/lib/gcc/avr/4.3.2/avr51/libgcc.a(_epilogue.o)
 .data          0x008002a0        0x0 /usr/lib/gcc/avr/4.3.2/avr51/libgcc.a(_tablejump.o)
 .data          0x008002a0        0x0 /usr/lib/gcc/avr/4.3.2/avr51/libgcc.a(_clzsi2.o)
 .data          0x008002a0        0x0 /usr/lib/gcc/avr/4.3.2/avr51/libgcc.a(_pack_sf.o)
 .data          0x008002a0        0x0 /usr/lib/gcc/avr/4.3.2/avr51/libgcc.a(_unpack_sf.o)
 .data          0x008002a0        0x0 /usr/lib/gcc/avr/4.3.2/avr51/libgcc.a(_fpcmp_parts_sf.o)
 .data          0x008002a0      0x100 /usr/lib/gcc/avr/4.3.2/avr51/libgcc.a(_clz.o)
                0x008002a0                __clz_tab
 .data          0x008003a0        0x0 /usr/lib/gcc/avr/4.3.2/../../../avr/lib/avr51/libc.a(calloc.o)
 .data          0x008003a0        0x6 /usr/lib/gcc/avr/4.3.2/../../../avr/lib/avr51/libc.a(malloc.o)
                0x008003a2                __malloc_heap_start
                0x008003a4                __malloc_heap_end
                0x008003a0                __malloc_margin
 .data          0x008003a6        0x4 /usr/lib/gcc/avr/4.3.2/../../../avr/lib/avr51/libc.a(random.o)
 .data          0x008003aa        0x0 /usr/lib/gcc/avr/4.3.2/../../../avr/lib/avr51/libc.a(memset.o)
 *(.data*)
 *(.rodata)
 *(.rodata*)
 *(.gnu.linkonce.d*)
                0x008003aa                . = ALIGN (0x2)
                0x008003aa                _edata = .
                0x008003aa                PROVIDE (__data_end, .)

.bss            0x008003aa      0x295 load address 0x00003770
                0x008003aa                PROVIDE (__bss_start, .)
 *(.bss)
 .bss           0x008003aa        0x0 /usr/lib/gcc/avr/4.3.2/../../../avr/lib/avr51/crtm1280.o
 .bss           0x008003aa        0x0 ./src/main.o
 .bss           0x008003aa      0x258 ./src/arduino/HardwareSerial.o
                0x008005cc                Serial1
                0x0080042e                rx_buffer1
                0x008005ba                Serial0
                0x008005f0                Serial3
                0x008003aa                rx_buffer0
                0x008004b2                rx_buffer2
                0x00800536                rx_buffer3
                0x008005de                Serial2
 .bss           0x00800602        0x0 ./src/arduino/Print.o
 .bss           0x00800602       0x10 ./src/arduino/WInterrupts.o
 .bss           0x00800612        0x0 ./src/arduino/WMath.o
 .bss           0x00800612        0xe ./src/arduino/Wire.o
                0x00800616                TwoWire::txAddress
                0x00800615                TwoWire::rxBufferLength
                0x0080061e                TwoWire::user_onReceive
                0x0080061a                TwoWire::txBufferLength
                0x00800619                TwoWire::txBufferIndex
                0x00800617                TwoWire::txBuffer
                0x0080061c                TwoWire::user_onRequest
                0x00800614                TwoWire::rxBufferIndex
                0x00800612                TwoWire::rxBuffer
                0x0080061b                TwoWire::transmitting
 .bss           0x00800620        0x0 ./src/arduino/pins_arduino.o
 .bss           0x00800620       0x12 ./src/arduino/twi.o
 .bss           0x00800632        0x9 ./src/arduino/wiring.o
                0x00800632                timer0_overflow_count
                0x00800636                timer0_millis
 .bss           0x0080063b        0x0 ./src/arduino/wiring_analog.o
 .bss           0x0080063b        0x0 ./src/arduino/wiring_digital.o
 .bss           0x0080063b        0x0 ./src/arduino/wiring_pulse.o
 .bss           0x0080063b        0x0 ./src/arduino/wiring_shift.o
 .bss           0x0080063b        0x0 /usr/lib/gcc/avr/4.3.2/avr51/libgcc.a(_mulsi3.o)
 .bss           0x0080063b        0x0 /usr/lib/gcc/avr/4.3.2/avr51/libgcc.a(_divmodhi4.o)
 .bss           0x0080063b        0x0 /usr/lib/gcc/avr/4.3.2/avr51/libgcc.a(_udivmodsi4.o)
 .bss           0x0080063b        0x0 /usr/lib/gcc/avr/4.3.2/avr51/libgcc.a(_divmodsi4.o)
 .bss           0x0080063b        0x0 /usr/lib/gcc/avr/4.3.2/avr51/libgcc.a(_exit.o)
 .bss           0x0080063b        0x0 /usr/lib/gcc/avr/4.3.2/avr51/libgcc.a(_clear_bss.o)
 .bss           0x0080063b        0x0 /usr/lib/gcc/avr/4.3.2/avr51/libgcc.a(_ctors.o)
 .bss           0x0080063b        0x0 /usr/lib/gcc/avr/4.3.2/avr51/libgcc.a(_fixunssfsi.o)
 .bss           0x0080063b        0x0 /usr/lib/gcc/avr/4.3.2/avr51/libgcc.a(_addsub_sf.o)
 .bss           0x0080063b        0x0 /usr/lib/gcc/avr/4.3.2/avr51/libgcc.a(_mul_sf.o)
 .bss           0x0080063b        0x0 /usr/lib/gcc/avr/4.3.2/avr51/libgcc.a(_div_sf.o)
 .bss           0x0080063b        0x0 /usr/lib/gcc/avr/4.3.2/avr51/libgcc.a(_ge_sf.o)
 .bss           0x0080063b        0x0 /usr/lib/gcc/avr/4.3.2/avr51/libgcc.a(_lt_sf.o)
 .bss           0x0080063b        0x0 /usr/lib/gcc/avr/4.3.2/avr51/libgcc.a(_si_to_sf.o)
 .bss           0x0080063b        0x0 /usr/lib/gcc/avr/4.3.2/avr51/libgcc.a(_sf_to_si.o)
 .bss           0x0080063b        0x0 /usr/lib/gcc/avr/4.3.2/avr51/libgcc.a(_thenan_sf.o)
 .bss           0x0080063b        0x0 /usr/lib/gcc/avr/4.3.2/avr51/libgcc.a(_usi_to_sf.o)
 .bss           0x0080063b        0x0 /usr/lib/gcc/avr/4.3.2/avr51/libgcc.a(_udivmodhi4.o)
 .bss           0x0080063b        0x0 /usr/lib/gcc/avr/4.3.2/avr51/libgcc.a(_prologue.o)
 .bss           0x0080063b        0x0 /usr/lib/gcc/avr/4.3.2/avr51/libgcc.a(_epilogue.o)
 .bss           0x0080063b        0x0 /usr/lib/gcc/avr/4.3.2/avr51/libgcc.a(_tablejump.o)
 .bss           0x0080063b        0x0 /usr/lib/gcc/avr/4.3.2/avr51/libgcc.a(_clzsi2.o)
 .bss           0x0080063b        0x0 /usr/lib/gcc/avr/4.3.2/avr51/libgcc.a(_pack_sf.o)
 .bss           0x0080063b        0x0 /usr/lib/gcc/avr/4.3.2/avr51/libgcc.a(_unpack_sf.o)
 .bss           0x0080063b        0x0 /usr/lib/gcc/avr/4.3.2/avr51/libgcc.a(_fpcmp_parts_sf.o)
 .bss           0x0080063b        0x0 /usr/lib/gcc/avr/4.3.2/avr51/libgcc.a(_clz.o)
 .bss           0x0080063b        0x0 /usr/lib/gcc/avr/4.3.2/../../../avr/lib/avr51/libc.a(calloc.o)
 .bss           0x0080063b        0x0 /usr/lib/gcc/avr/4.3.2/../../../avr/lib/avr51/libc.a(malloc.o)
 .bss           0x0080063b        0x0 /usr/lib/gcc/avr/4.3.2/../../../avr/lib/avr51/libc.a(random.o)
 .bss           0x0080063b        0x0 /usr/lib/gcc/avr/4.3.2/../../../avr/lib/avr51/libc.a(memset.o)
 *(.bss*)
 *(COMMON)
 COMMON         0x0080063b        0x4 /usr/lib/gcc/avr/4.3.2/../../../avr/lib/avr51/libc.a(malloc.o)
                0x0080063b                __brkval
                0x0080063d                __flp
                0x0080063f                PROVIDE (__bss_end, .)
                0x000035c6                __data_load_start = LOADADDR (.data)
                0x00003770                __data_load_end = (__data_load_start + SIZEOF (.data))

.noinit         0x0080063f        0x0
                0x0080063f                PROVIDE (__noinit_start, .)
 *(.noinit*)
                0x0080063f                PROVIDE (__noinit_end, .)
                0x0080063f                _end = .
                0x0080063f                PROVIDE (__heap_start, .)

.eeprom         0x00810000        0x0
 *(.eeprom*)
                0x00810000                __eeprom_end = .

.fuse
 *(.fuse)
 *(.lfuse)
 *(.hfuse)
 *(.efuse)

.lock
 *(.lock*)

.signature
 *(.signature*)

.stab           0x00000000     0x12f0
 *(.stab)
 .stab          0x00000000      0x750 /usr/lib/gcc/avr/4.3.2/../../../avr/lib/avr51/crtm1280.o
 .stab          0x00000750      0x1c8 /usr/lib/gcc/avr/4.3.2/../../../avr/lib/avr51/libc.a(calloc.o)
                                0x1d4 (size before relaxing)
 .stab          0x00000918      0x690 /usr/lib/gcc/avr/4.3.2/../../../avr/lib/avr51/libc.a(malloc.o)
                                0x6f0 (size before relaxing)
 .stab          0x00000fa8      0x2dc /usr/lib/gcc/avr/4.3.2/../../../avr/lib/avr51/libc.a(random.o)
                                0x33c (size before relaxing)
 .stab          0x00001284       0x6c /usr/lib/gcc/avr/4.3.2/../../../avr/lib/avr51/libc.a(memset.o)
                                 0x78 (size before relaxing)

.stabstr        0x00000000      0x9b6
 *(.stabstr)
 .stabstr       0x00000000      0x9b6 /usr/lib/gcc/avr/4.3.2/../../../avr/lib/avr51/crtm1280.o

.stab.excl
 *(.stab.excl)

.stab.exclstr
 *(.stab.exclstr)

.stab.index
 *(.stab.index)

.stab.indexstr
 *(.stab.indexstr)

.comment
 *(.comment)

.debug
 *(.debug)

.line
 *(.line)

.debug_srcinfo
 *(.debug_srcinfo)

.debug_sfnames
 *(.debug_sfnames)

.debug_aranges
 *(.debug_aranges)

.debug_pubnames
 *(.debug_pubnames)

.debug_info
 *(.debug_info)
 *(.gnu.linkonce.wi.*)

.debug_abbrev
 *(.debug_abbrev)

.debug_line
 *(.debug_line)

.debug_frame
 *(.debug_frame)

.debug_str
 *(.debug_str)

.debug_loc
 *(.debug_loc)

.debug_macinfo
 *(.debug_macinfo)
OUTPUT(cogzilla.elf elf32-avr)
LOAD linker stubs

Cross Reference Table

Symbol                                            File
HardwareSerial::HardwareSerial(ring_buffer*, unsigned char volatile*, unsigned char volatile*, unsigned char volatile*, unsigned char volatile*, unsigned char volatile*, unsigned char, unsigned char, unsigned char, unsigned char) ./src/arduino/HardwareSerial.o
HardwareSerial::HardwareSerial(ring_buffer*, unsigned char volatile*, unsigned char volatile*, unsigned char volatile*, unsigned char volatile*, unsigned char volatile*, unsigned char, unsigned char, unsigned char, unsigned char) ./src/arduino/HardwareSerial.o
HardwareSerial::available()                       ./src/arduino/HardwareSerial.o
                                                  ./src/main.o
HardwareSerial::begin(long)                       ./src/arduino/HardwareSerial.o
                                                  ./src/main.o
HardwareSerial::flush()                           ./src/arduino/HardwareSerial.o
                                                  ./src/main.o
HardwareSerial::read()                            ./src/arduino/HardwareSerial.o
                                                  ./src/main.o
HardwareSerial::write(unsigned char)              ./src/arduino/HardwareSerial.o
Print::print(char const*)                         ./src/arduino/Print.o
                                                  ./src/main.o
Print::print(char)                                ./src/arduino/Print.o
                                                  ./src/main.o
Print::print(double)                              ./src/arduino/Print.o
Print::print(int)                                 ./src/arduino/Print.o
                                                  ./src/main.o
Print::print(long)                                ./src/arduino/Print.o
Print::print(long, int)                           ./src/arduino/Print.o
                                                  ./src/main.o
Print::print(unsigned char)                       ./src/arduino/Print.o
Print::print(unsigned int)                        ./src/arduino/Print.o
Print::print(unsigned long)                       ./src/arduino/Print.o
Print::printFloat(double, unsigned char)          ./src/arduino/Print.o
Print::printNumber(unsigned long, unsigned char)  ./src/arduino/Print.o
Print::println()                                  ./src/arduino/Print.o
                                                  ./src/main.o
Print::println(char const*)                       ./src/arduino/Print.o
                                                  ./src/main.o
Print::println(char)                              ./src/arduino/Print.o
                                                  ./src/main.o
Print::println(double)                            ./src/arduino/Print.o
Print::println(int)                               ./src/arduino/Print.o
Print::println(long)                              ./src/arduino/Print.o
Print::println(long, int)                         ./src/arduino/Print.o
Print::println(unsigned char)                     ./src/arduino/Print.o
Print::println(unsigned int)                      ./src/arduino/Print.o
                                                  ./src/main.o
Print::println(unsigned long)                     ./src/arduino/Print.o
Print::write(char const*)                         ./src/arduino/Print.o
                                                  ./src/arduino/HardwareSerial.o
Print::write(unsigned char const*, unsigned int)  ./src/arduino/Print.o
                                                  ./src/arduino/HardwareSerial.o
Serial0                                           ./src/arduino/HardwareSerial.o
                                                  ./src/main.o
Serial1                                           ./src/arduino/HardwareSerial.o
                                                  ./src/main.o
Serial2                                           ./src/arduino/HardwareSerial.o
Serial3                                           ./src/arduino/HardwareSerial.o
TwoWire::begin()                                  ./src/arduino/Wire.o
TwoWire::begin(unsigned char)                     ./src/arduino/Wire.o
TwoWire::beginTransmission(unsigned char)         ./src/arduino/Wire.o
TwoWire::endTransmission()                        ./src/arduino/Wire.o
TwoWire::onReceive(void (*)(int))                 ./src/arduino/Wire.o
TwoWire::onReceiveService(unsigned char*, int)    ./src/arduino/Wire.o
TwoWire::onRequest(void (*)())                    ./src/arduino/Wire.o
TwoWire::onRequestService()                       ./src/arduino/Wire.o
TwoWire::receive()                                ./src/arduino/Wire.o
TwoWire::requestFrom(unsigned char, unsigned char) ./src/arduino/Wire.o
TwoWire::rxBuffer                                 ./src/arduino/Wire.o
TwoWire::rxBufferIndex                            ./src/arduino/Wire.o
TwoWire::rxBufferLength                           ./src/arduino/Wire.o
TwoWire::send(unsigned char)                      ./src/arduino/Wire.o
TwoWire::send(unsigned char*, unsigned char)      ./src/arduino/Wire.o
TwoWire::transmitting                             ./src/arduino/Wire.o
TwoWire::txAddress                                ./src/arduino/Wire.o
TwoWire::txBuffer                                 ./src/arduino/Wire.o
TwoWire::txBufferIndex                            ./src/arduino/Wire.o
TwoWire::txBufferLength                           ./src/arduino/Wire.o
TwoWire::user_onReceive                           ./src/arduino/Wire.o
TwoWire::user_onRequest                           ./src/arduino/Wire.o
__addsf3                                          /usr/lib/gcc/avr/4.3.2/avr51/libgcc.a(_addsub_sf.o)
                                                  ./src/arduino/Print.o
__bad_interrupt                                   /usr/lib/gcc/avr/4.3.2/../../../avr/lib/avr51/crtm1280.o
__brkval                                          /usr/lib/gcc/avr/4.3.2/../../../avr/lib/avr51/libc.a(malloc.o)
__bss_end                                         /usr/lib/gcc/avr/4.3.2/avr51/libgcc.a(_clear_bss.o)
__bss_start                                       /usr/lib/gcc/avr/4.3.2/avr51/libgcc.a(_clear_bss.o)
__clz_tab                                         /usr/lib/gcc/avr/4.3.2/avr51/libgcc.a(_clz.o)
                                                  /usr/lib/gcc/avr/4.3.2/avr51/libgcc.a(_clzsi2.o)
__clzsi2                                          /usr/lib/gcc/avr/4.3.2/avr51/libgcc.a(_clzsi2.o)
                                                  /usr/lib/gcc/avr/4.3.2/avr51/libgcc.a(_usi_to_sf.o)
                                                  /usr/lib/gcc/avr/4.3.2/avr51/libgcc.a(_si_to_sf.o)
__ctors_end                                       /usr/lib/gcc/avr/4.3.2/avr51/libgcc.a(_ctors.o)
__ctors_start                                     /usr/lib/gcc/avr/4.3.2/avr51/libgcc.a(_ctors.o)
__data_end                                        /usr/lib/gcc/avr/4.3.2/../../../avr/lib/avr51/crtm1280.o
__data_load_start                                 /usr/lib/gcc/avr/4.3.2/../../../avr/lib/avr51/crtm1280.o
__data_start                                      /usr/lib/gcc/avr/4.3.2/../../../avr/lib/avr51/crtm1280.o
__divmodhi4                                       /usr/lib/gcc/avr/4.3.2/avr51/libgcc.a(_divmodhi4.o)
                                                  ./src/arduino/HardwareSerial.o
__divmodsi4                                       /usr/lib/gcc/avr/4.3.2/avr51/libgcc.a(_divmodsi4.o)
                                                  /usr/lib/gcc/avr/4.3.2/../../../avr/lib/avr51/libc.a(random.o)
                                                  ./src/arduino/WMath.o
                                                  ./src/arduino/HardwareSerial.o
__divsf3                                          /usr/lib/gcc/avr/4.3.2/avr51/libgcc.a(_div_sf.o)
                                                  ./src/arduino/Print.o
__do_clear_bss                                    /usr/lib/gcc/avr/4.3.2/avr51/libgcc.a(_clear_bss.o)
                                                  /usr/lib/gcc/avr/4.3.2/../../../avr/lib/avr51/libc.a(random.o)
                                                  /usr/lib/gcc/avr/4.3.2/../../../avr/lib/avr51/libc.a(malloc.o)
                                                  /usr/lib/gcc/avr/4.3.2/../../../avr/lib/avr51/libc.a(calloc.o)
                                                  /usr/lib/gcc/avr/4.3.2/avr51/libgcc.a(_clz.o)
                                                  /usr/lib/gcc/avr/4.3.2/avr51/libgcc.a(_fpcmp_parts_sf.o)
                                                  /usr/lib/gcc/avr/4.3.2/avr51/libgcc.a(_unpack_sf.o)
                                                  /usr/lib/gcc/avr/4.3.2/avr51/libgcc.a(_pack_sf.o)
                                                  /usr/lib/gcc/avr/4.3.2/avr51/libgcc.a(_clzsi2.o)
                                                  /usr/lib/gcc/avr/4.3.2/avr51/libgcc.a(_usi_to_sf.o)
                                                  /usr/lib/gcc/avr/4.3.2/avr51/libgcc.a(_thenan_sf.o)
                                                  /usr/lib/gcc/avr/4.3.2/avr51/libgcc.a(_sf_to_si.o)
                                                  /usr/lib/gcc/avr/4.3.2/avr51/libgcc.a(_si_to_sf.o)
                                                  /usr/lib/gcc/avr/4.3.2/avr51/libgcc.a(_lt_sf.o)
                                                  /usr/lib/gcc/avr/4.3.2/avr51/libgcc.a(_ge_sf.o)
                                                  /usr/lib/gcc/avr/4.3.2/avr51/libgcc.a(_div_sf.o)
                                                  /usr/lib/gcc/avr/4.3.2/avr51/libgcc.a(_mul_sf.o)
                                                  /usr/lib/gcc/avr/4.3.2/avr51/libgcc.a(_addsub_sf.o)
                                                  /usr/lib/gcc/avr/4.3.2/avr51/libgcc.a(_fixunssfsi.o)
                                                  ./src/arduino/wiring_shift.o
                                                  ./src/arduino/wiring_pulse.o
                                                  ./src/arduino/wiring_digital.o
                                                  ./src/arduino/wiring_analog.o
                                                  ./src/arduino/wiring.o
                                                  ./src/arduino/twi.o
                                                  ./src/arduino/pins_arduino.o
                                                  ./src/arduino/Wire.o
                                                  ./src/arduino/WMath.o
                                                  ./src/arduino/WInterrupts.o
                                                  ./src/arduino/Print.o
                                                  ./src/arduino/HardwareSerial.o
                                                  ./src/main.o
__do_copy_data                                    /usr/lib/gcc/avr/4.3.2/../../../avr/lib/avr51/crtm1280.o
                                                  /usr/lib/gcc/avr/4.3.2/../../../avr/lib/avr51/libc.a(random.o)
                                                  /usr/lib/gcc/avr/4.3.2/../../../avr/lib/avr51/libc.a(malloc.o)
                                                  /usr/lib/gcc/avr/4.3.2/../../../avr/lib/avr51/libc.a(calloc.o)
                                                  /usr/lib/gcc/avr/4.3.2/avr51/libgcc.a(_clz.o)
                                                  /usr/lib/gcc/avr/4.3.2/avr51/libgcc.a(_fpcmp_parts_sf.o)
                                                  /usr/lib/gcc/avr/4.3.2/avr51/libgcc.a(_unpack_sf.o)
                                                  /usr/lib/gcc/avr/4.3.2/avr51/libgcc.a(_pack_sf.o)
                                                  /usr/lib/gcc/avr/4.3.2/avr51/libgcc.a(_clzsi2.o)
                                                  /usr/lib/gcc/avr/4.3.2/avr51/libgcc.a(_usi_to_sf.o)
                                                  /usr/lib/gcc/avr/4.3.2/avr51/libgcc.a(_thenan_sf.o)
                                                  /usr/lib/gcc/avr/4.3.2/avr51/libgcc.a(_sf_to_si.o)
                                                  /usr/lib/gcc/avr/4.3.2/avr51/libgcc.a(_si_to_sf.o)
                                                  /usr/lib/gcc/avr/4.3.2/avr51/libgcc.a(_lt_sf.o)
                                                  /usr/lib/gcc/avr/4.3.2/avr51/libgcc.a(_ge_sf.o)
                                                  /usr/lib/gcc/avr/4.3.2/avr51/libgcc.a(_div_sf.o)
                                                  /usr/lib/gcc/avr/4.3.2/avr51/libgcc.a(_mul_sf.o)
                                                  /usr/lib/gcc/avr/4.3.2/avr51/libgcc.a(_addsub_sf.o)
                                                  /usr/lib/gcc/avr/4.3.2/avr51/libgcc.a(_fixunssfsi.o)
                                                  ./src/arduino/wiring_shift.o
                                                  ./src/arduino/wiring_pulse.o
                                                  ./src/arduino/wiring_digital.o
                                                  ./src/arduino/wiring_analog.o
                                                  ./src/arduino/wiring.o
                                                  ./src/arduino/twi.o
                                                  ./src/arduino/pins_arduino.o
                                                  ./src/arduino/Wire.o
                                                  ./src/arduino/WMath.o
                                                  ./src/arduino/WInterrupts.o
                                                  ./src/arduino/Print.o
                                                  ./src/arduino/HardwareSerial.o
                                                  ./src/main.o
__do_global_ctors                                 /usr/lib/gcc/avr/4.3.2/avr51/libgcc.a(_ctors.o)
                                                  ./src/arduino/HardwareSerial.o
__epilogue_restores__                             /usr/lib/gcc/avr/4.3.2/avr51/libgcc.a(_epilogue.o)
                                                  /usr/lib/gcc/avr/4.3.2/../../../avr/lib/avr51/libc.a(random.o)
                                                  /usr/lib/gcc/avr/4.3.2/avr51/libgcc.a(_usi_to_sf.o)
                                                  /usr/lib/gcc/avr/4.3.2/avr51/libgcc.a(_sf_to_si.o)
                                                  /usr/lib/gcc/avr/4.3.2/avr51/libgcc.a(_si_to_sf.o)
                                                  /usr/lib/gcc/avr/4.3.2/avr51/libgcc.a(_lt_sf.o)
                                                  /usr/lib/gcc/avr/4.3.2/avr51/libgcc.a(_ge_sf.o)
                                                  /usr/lib/gcc/avr/4.3.2/avr51/libgcc.a(_div_sf.o)
                                                  /usr/lib/gcc/avr/4.3.2/avr51/libgcc.a(_mul_sf.o)
                                                  /usr/lib/gcc/avr/4.3.2/avr51/libgcc.a(_addsub_sf.o)
__fixsfsi                                         /usr/lib/gcc/avr/4.3.2/avr51/libgcc.a(_sf_to_si.o)
                                                  /usr/lib/gcc/avr/4.3.2/avr51/libgcc.a(_fixunssfsi.o)
                                                  ./src/arduino/Print.o
__fixunssfsi                                      /usr/lib/gcc/avr/4.3.2/avr51/libgcc.a(_fixunssfsi.o)
                                                  ./src/arduino/Print.o
__floatsisf                                       /usr/lib/gcc/avr/4.3.2/avr51/libgcc.a(_si_to_sf.o)
                                                  ./src/arduino/Print.o
__floatunsisf                                     /usr/lib/gcc/avr/4.3.2/avr51/libgcc.a(_usi_to_sf.o)
                                                  ./src/arduino/Print.o
__flp                                             /usr/lib/gcc/avr/4.3.2/../../../avr/lib/avr51/libc.a(malloc.o)
__fpcmp_parts_f                                   /usr/lib/gcc/avr/4.3.2/avr51/libgcc.a(_fpcmp_parts_sf.o)
                                                  /usr/lib/gcc/avr/4.3.2/avr51/libgcc.a(_lt_sf.o)
                                                  /usr/lib/gcc/avr/4.3.2/avr51/libgcc.a(_ge_sf.o)
__gesf2                                           /usr/lib/gcc/avr/4.3.2/avr51/libgcc.a(_ge_sf.o)
                                                  /usr/lib/gcc/avr/4.3.2/avr51/libgcc.a(_fixunssfsi.o)
__heap_end                                        /usr/lib/gcc/avr/4.3.2/../../../avr/lib/avr51/crtm1280.o
                                                  /usr/lib/gcc/avr/4.3.2/../../../avr/lib/avr51/libc.a(malloc.o)
__heap_start                                      /usr/lib/gcc/avr/4.3.2/../../../avr/lib/avr51/libc.a(malloc.o)
__init                                            /usr/lib/gcc/avr/4.3.2/../../../avr/lib/avr51/crtm1280.o
__ltsf2                                           /usr/lib/gcc/avr/4.3.2/avr51/libgcc.a(_lt_sf.o)
                                                  ./src/arduino/Print.o
__malloc_heap_end                                 /usr/lib/gcc/avr/4.3.2/../../../avr/lib/avr51/libc.a(malloc.o)
__malloc_heap_start                               /usr/lib/gcc/avr/4.3.2/../../../avr/lib/avr51/libc.a(malloc.o)
__malloc_margin                                   /usr/lib/gcc/avr/4.3.2/../../../avr/lib/avr51/libc.a(malloc.o)
__mulsf3                                          /usr/lib/gcc/avr/4.3.2/avr51/libgcc.a(_mul_sf.o)
                                                  ./src/arduino/Print.o
__mulsi3                                          /usr/lib/gcc/avr/4.3.2/avr51/libgcc.a(_mulsi3.o)
                                                  /usr/lib/gcc/avr/4.3.2/../../../avr/lib/avr51/libc.a(random.o)
                                                  ./src/arduino/wiring_pulse.o
                                                  ./src/arduino/WMath.o
__pack_f                                          /usr/lib/gcc/avr/4.3.2/avr51/libgcc.a(_pack_sf.o)
                                                  /usr/lib/gcc/avr/4.3.2/avr51/libgcc.a(_usi_to_sf.o)
                                                  /usr/lib/gcc/avr/4.3.2/avr51/libgcc.a(_si_to_sf.o)
                                                  /usr/lib/gcc/avr/4.3.2/avr51/libgcc.a(_div_sf.o)
                                                  /usr/lib/gcc/avr/4.3.2/avr51/libgcc.a(_mul_sf.o)
                                                  /usr/lib/gcc/avr/4.3.2/avr51/libgcc.a(_addsub_sf.o)
__prologue_saves__                                /usr/lib/gcc/avr/4.3.2/avr51/libgcc.a(_prologue.o)
                                                  /usr/lib/gcc/avr/4.3.2/../../../avr/lib/avr51/libc.a(random.o)
                                                  /usr/lib/gcc/avr/4.3.2/avr51/libgcc.a(_usi_to_sf.o)
                                                  /usr/lib/gcc/avr/4.3.2/avr51/libgcc.a(_sf_to_si.o)
                                                  /usr/lib/gcc/avr/4.3.2/avr51/libgcc.a(_si_to_sf.o)
                                                  /usr/lib/gcc/avr/4.3.2/avr51/libgcc.a(_lt_sf.o)
                                                  /usr/lib/gcc/avr/4.3.2/avr51/libgcc.a(_ge_sf.o)
                                                  /usr/lib/gcc/avr/4.3.2/avr51/libgcc.a(_div_sf.o)
                                                  /usr/lib/gcc/avr/4.3.2/avr51/libgcc.a(_mul_sf.o)
                                                  /usr/lib/gcc/avr/4.3.2/avr51/libgcc.a(_addsub_sf.o)
__stack                                           /usr/lib/gcc/avr/4.3.2/../../../avr/lib/avr51/crtm1280.o
__subsf3                                          /usr/lib/gcc/avr/4.3.2/avr51/libgcc.a(_addsub_sf.o)
                                                  /usr/lib/gcc/avr/4.3.2/avr51/libgcc.a(_fixunssfsi.o)
                                                  ./src/arduino/Print.o
__tablejump2__                                    /usr/lib/gcc/avr/4.3.2/avr51/libgcc.a(_tablejump.o)
__tablejump__                                     /usr/lib/gcc/avr/4.3.2/avr51/libgcc.a(_tablejump.o)
                                                  /usr/lib/gcc/avr/4.3.2/avr51/libgcc.a(_ctors.o)
__thenan_sf                                       /usr/lib/gcc/avr/4.3.2/avr51/libgcc.a(_thenan_sf.o)
                                                  /usr/lib/gcc/avr/4.3.2/avr51/libgcc.a(_div_sf.o)
                                                  /usr/lib/gcc/avr/4.3.2/avr51/libgcc.a(_mul_sf.o)
                                                  /usr/lib/gcc/avr/4.3.2/avr51/libgcc.a(_addsub_sf.o)
__udivmodhi4                                      /usr/lib/gcc/avr/4.3.2/avr51/libgcc.a(_udivmodhi4.o)
                                                  /usr/lib/gcc/avr/4.3.2/avr51/libgcc.a(_divmodhi4.o)
__udivmodsi4                                      /usr/lib/gcc/avr/4.3.2/avr51/libgcc.a(_udivmodsi4.o)
                                                  /usr/lib/gcc/avr/4.3.2/avr51/libgcc.a(_divmodsi4.o)
                                                  ./src/arduino/Print.o
                                                  ./src/arduino/HardwareSerial.o
__unpack_f                                        /usr/lib/gcc/avr/4.3.2/avr51/libgcc.a(_unpack_sf.o)
                                                  /usr/lib/gcc/avr/4.3.2/avr51/libgcc.a(_sf_to_si.o)
                                                  /usr/lib/gcc/avr/4.3.2/avr51/libgcc.a(_lt_sf.o)
                                                  /usr/lib/gcc/avr/4.3.2/avr51/libgcc.a(_ge_sf.o)
                                                  /usr/lib/gcc/avr/4.3.2/avr51/libgcc.a(_div_sf.o)
                                                  /usr/lib/gcc/avr/4.3.2/avr51/libgcc.a(_mul_sf.o)
                                                  /usr/lib/gcc/avr/4.3.2/avr51/libgcc.a(_addsub_sf.o)
__vector_1                                        ./src/arduino/WInterrupts.o
                                                  /usr/lib/gcc/avr/4.3.2/../../../avr/lib/avr51/crtm1280.o
__vector_10                                       /usr/lib/gcc/avr/4.3.2/../../../avr/lib/avr51/crtm1280.o
__vector_11                                       /usr/lib/gcc/avr/4.3.2/../../../avr/lib/avr51/crtm1280.o
__vector_12                                       /usr/lib/gcc/avr/4.3.2/../../../avr/lib/avr51/crtm1280.o
__vector_13                                       /usr/lib/gcc/avr/4.3.2/../../../avr/lib/avr51/crtm1280.o
__vector_14                                       /usr/lib/gcc/avr/4.3.2/../../../avr/lib/avr51/crtm1280.o
__vector_15                                       /usr/lib/gcc/avr/4.3.2/../../../avr/lib/avr51/crtm1280.o
__vector_16                                       /usr/lib/gcc/avr/4.3.2/../../../avr/lib/avr51/crtm1280.o
__vector_17                                       /usr/lib/gcc/avr/4.3.2/../../../avr/lib/avr51/crtm1280.o
__vector_18                                       /usr/lib/gcc/avr/4.3.2/../../../avr/lib/avr51/crtm1280.o
__vector_19                                       /usr/lib/gcc/avr/4.3.2/../../../avr/lib/avr51/crtm1280.o
__vector_2                                        ./src/arduino/WInterrupts.o
                                                  /usr/lib/gcc/avr/4.3.2/../../../avr/lib/avr51/crtm1280.o
__vector_20                                       /usr/lib/gcc/avr/4.3.2/../../../avr/lib/avr51/crtm1280.o
__vector_21                                       /usr/lib/gcc/avr/4.3.2/../../../avr/lib/avr51/crtm1280.o
__vector_22                                       /usr/lib/gcc/avr/4.3.2/../../../avr/lib/avr51/crtm1280.o
__vector_23                                       ./src/arduino/wiring.o
                                                  /usr/lib/gcc/avr/4.3.2/../../../avr/lib/avr51/crtm1280.o
__vector_24                                       /usr/lib/gcc/avr/4.3.2/../../../avr/lib/avr51/crtm1280.o
__vector_25                                       ./src/arduino/HardwareSerial.o
                                                  /usr/lib/gcc/avr/4.3.2/../../../avr/lib/avr51/crtm1280.o
__vector_26                                       /usr/lib/gcc/avr/4.3.2/../../../avr/lib/avr51/crtm1280.o
__vector_27                                       /usr/lib/gcc/avr/4.3.2/../../../avr/lib/avr51/crtm1280.o
__vector_28                                       /usr/lib/gcc/avr/4.3.2/../../../avr/lib/avr51/crtm1280.o
__vector_29                                       /usr/lib/gcc/avr/4.3.2/../../../avr/lib/avr51/crtm1280.o
__vector_3                                        ./src/arduino/WInterrupts.o
                                                  /usr/lib/gcc/avr/4.3.2/../../../avr/lib/avr51/crtm1280.o
__vector_30                                       /usr/lib/gcc/avr/4.3.2/../../../avr/lib/avr51/crtm1280.o
__vector_31                                       /usr/lib/gcc/avr/4.3.2/../../../avr/lib/avr51/crtm1280.o
__vector_32                                       /usr/lib/gcc/avr/4.3.2/../../../avr/lib/avr51/crtm1280.o
__vector_33                                       /usr/lib/gcc/avr/4.3.2/../../../avr/lib/avr51/crtm1280.o
__vector_34                                       /usr/lib/gcc/avr/4.3.2/../../../avr/lib/avr51/crtm1280.o
__vector_35                                       /usr/lib/gcc/avr/4.3.2/../../../avr/lib/avr51/crtm1280.o
__vector_36                                       ./src/arduino/HardwareSerial.o
                                                  /usr/lib/gcc/avr/4.3.2/../../../avr/lib/avr51/crtm1280.o
__vector_37                                       /usr/lib/gcc/avr/4.3.2/../../../avr/lib/avr51/crtm1280.o
__vector_38                                       /usr/lib/gcc/avr/4.3.2/../../../avr/lib/avr51/crtm1280.o
__vector_39                                       ./src/arduino/twi.o
                                                  /usr/lib/gcc/avr/4.3.2/../../../avr/lib/avr51/crtm1280.o
__vector_4                                        ./src/arduino/WInterrupts.o
                                                  /usr/lib/gcc/avr/4.3.2/../../../avr/lib/avr51/crtm1280.o
__vector_40                                       /usr/lib/gcc/avr/4.3.2/../../../avr/lib/avr51/crtm1280.o
__vector_41                                       /usr/lib/gcc/avr/4.3.2/../../../avr/lib/avr51/crtm1280.o
__vector_42                                       /usr/lib/gcc/avr/4.3.2/../../../avr/lib/avr51/crtm1280.o
__vector_43                                       /usr/lib/gcc/avr/4.3.2/../../../avr/lib/avr51/crtm1280.o
__vector_44                                       /usr/lib/gcc/avr/4.3.2/../../../avr/lib/avr51/crtm1280.o
__vector_45                                       /usr/lib/gcc/avr/4.3.2/../../../avr/lib/avr51/crtm1280.o
__vector_46                                       /usr/lib/gcc/avr/4.3.2/../../../avr/lib/avr51/crtm1280.o
__vector_47                                       /usr/lib/gcc/avr/4.3.2/../../../avr/lib/avr51/crtm1280.o
__vector_48                                       /usr/lib/gcc/avr/4.3.2/../../../avr/lib/avr51/crtm1280.o
__vector_49                                       /usr/lib/gcc/avr/4.3.2/../../../avr/lib/avr51/crtm1280.o
__vector_5                                        ./src/arduino/WInterrupts.o
                                                  /usr/lib/gcc/avr/4.3.2/../../../avr/lib/avr51/crtm1280.o
__vector_50                                       /usr/lib/gcc/avr/4.3.2/../../../avr/lib/avr51/crtm1280.o
__vector_51                                       ./src/arduino/HardwareSerial.o
                                                  /usr/lib/gcc/avr/4.3.2/../../../avr/lib/avr51/crtm1280.o
__vector_52                                       /usr/lib/gcc/avr/4.3.2/../../../avr/lib/avr51/crtm1280.o
__vector_53                                       /usr/lib/gcc/avr/4.3.2/../../../avr/lib/avr51/crtm1280.o
__vector_54                                       ./src/arduino/HardwareSerial.o
                                                  /usr/lib/gcc/avr/4.3.2/../../../avr/lib/avr51/crtm1280.o
__vector_55                                       /usr/lib/gcc/avr/4.3.2/../../../avr/lib/avr51/crtm1280.o
__vector_56                                       /usr/lib/gcc/avr/4.3.2/../../../avr/lib/avr51/crtm1280.o
__vector_6                                        ./src/arduino/WInterrupts.o
                                                  /usr/lib/gcc/avr/4.3.2/../../../avr/lib/avr51/crtm1280.o
__vector_7                                        ./src/arduino/WInterrupts.o
                                                  /usr/lib/gcc/avr/4.3.2/../../../avr/lib/avr51/crtm1280.o
__vector_8                                        ./src/arduino/WInterrupts.o
                                                  /usr/lib/gcc/avr/4.3.2/../../../avr/lib/avr51/crtm1280.o
__vector_9                                        /usr/lib/gcc/avr/4.3.2/../../../avr/lib/avr51/crtm1280.o
__vector_default                                  /usr/lib/gcc/avr/4.3.2/../../../avr/lib/avr51/crtm1280.o
__vectors                                         /usr/lib/gcc/avr/4.3.2/../../../avr/lib/avr51/crtm1280.o
_div                                              /usr/lib/gcc/avr/4.3.2/avr51/libgcc.a(_divmodhi4.o)
_exit                                             /usr/lib/gcc/avr/4.3.2/avr51/libgcc.a(_exit.o)
analogRead                                        ./src/arduino/wiring_analog.o
analogReference                                   ./src/arduino/wiring_analog.o
analogWrite                                       ./src/arduino/wiring_analog.o
analog_reference                                  ./src/arduino/wiring_analog.o
attachInterrupt                                   ./src/arduino/WInterrupts.o
calloc                                            /usr/lib/gcc/avr/4.3.2/../../../avr/lib/avr51/libc.a(calloc.o)
                                                  ./src/arduino/twi.o
                                                  ./src/arduino/Wire.o
delay                                             ./src/arduino/wiring.o
delayMicroseconds                                 ./src/arduino/wiring.o
detachInterrupt                                   ./src/arduino/WInterrupts.o
digitalRead                                       ./src/arduino/wiring_digital.o
digitalWrite                                      ./src/arduino/wiring_digital.o
                                                  ./src/arduino/wiring_shift.o
                                                  ./src/arduino/wiring_analog.o
digital_pin_to_bit_mask_PGM                       ./src/arduino/pins_arduino.o
                                                  ./src/arduino/wiring_pulse.o
                                                  ./src/arduino/wiring_digital.o
digital_pin_to_port_PGM                           ./src/arduino/pins_arduino.o
                                                  ./src/arduino/wiring_pulse.o
                                                  ./src/arduino/wiring_digital.o
digital_pin_to_timer_PGM                          ./src/arduino/pins_arduino.o
                                                  ./src/arduino/wiring_digital.o
                                                  ./src/arduino/wiring_analog.o
exit                                              /usr/lib/gcc/avr/4.3.2/avr51/libgcc.a(_exit.o)
                                                  /usr/lib/gcc/avr/4.3.2/../../../avr/lib/avr51/crtm1280.o
free                                              /usr/lib/gcc/avr/4.3.2/../../../avr/lib/avr51/libc.a(malloc.o)
init                                              ./src/arduino/wiring.o
                                                  ./src/main.o
loop                                              ./src/main.o
main                                              ./src/main.o
                                                  /usr/lib/gcc/avr/4.3.2/../../../avr/lib/avr51/crtm1280.o
makeWord(unsigned char, unsigned char)            ./src/arduino/WMath.o
makeWord(unsigned int)                            ./src/arduino/WMath.o
malloc                                            /usr/lib/gcc/avr/4.3.2/../../../avr/lib/avr51/libc.a(malloc.o)
                                                  /usr/lib/gcc/avr/4.3.2/../../../avr/lib/avr51/libc.a(calloc.o)
map(long, long, long, long, long)                 ./src/arduino/WMath.o
memset                                            /usr/lib/gcc/avr/4.3.2/../../../avr/lib/avr51/libc.a(memset.o)
                                                  /usr/lib/gcc/avr/4.3.2/../../../avr/lib/avr51/libc.a(calloc.o)
micros                                            ./src/arduino/wiring.o
millis                                            ./src/arduino/wiring.o
pinMode                                           ./src/arduino/wiring_digital.o
                                                  ./src/arduino/wiring_analog.o
port_to_input_PGM                                 ./src/arduino/pins_arduino.o
                                                  ./src/arduino/wiring_pulse.o
                                                  ./src/arduino/wiring_digital.o
port_to_mode_PGM                                  ./src/arduino/pins_arduino.o
                                                  ./src/arduino/wiring_digital.o
port_to_output_PGM                                ./src/arduino/pins_arduino.o
                                                  ./src/arduino/wiring_digital.o
pulseIn                                           ./src/arduino/wiring_pulse.o
random                                            /usr/lib/gcc/avr/4.3.2/../../../avr/lib/avr51/libc.a(random.o)
                                                  ./src/arduino/WMath.o
random(long)                                      ./src/arduino/WMath.o
random(long, long)                                ./src/arduino/WMath.o
randomSeed(unsigned int)                          ./src/arduino/WMath.o
random_r                                          /usr/lib/gcc/avr/4.3.2/../../../avr/lib/avr51/libc.a(random.o)
rx_buffer0                                        ./src/arduino/HardwareSerial.o
rx_buffer1                                        ./src/arduino/HardwareSerial.o
rx_buffer2                                        ./src/arduino/HardwareSerial.o
rx_buffer3                                        ./src/arduino/HardwareSerial.o
setup                                             ./src/main.o
shiftOut                                          ./src/arduino/wiring_shift.o
srandom                                           /usr/lib/gcc/avr/4.3.2/../../../avr/lib/avr51/libc.a(random.o)
                                                  ./src/arduino/WMath.o
timer0_millis                                     ./src/arduino/wiring.o
timer0_overflow_count                             ./src/arduino/wiring.o
twi_attachSlaveRxEvent                            ./src/arduino/twi.o
                                                  ./src/arduino/Wire.o
twi_attachSlaveTxEvent                            ./src/arduino/twi.o
                                                  ./src/arduino/Wire.o
twi_init                                          ./src/arduino/twi.o
                                                  ./src/arduino/Wire.o
twi_readFrom                                      ./src/arduino/twi.o
                                                  ./src/arduino/Wire.o
twi_releaseBus                                    ./src/arduino/twi.o
twi_reply                                         ./src/arduino/twi.o
twi_setAddress                                    ./src/arduino/twi.o
                                                  ./src/arduino/Wire.o
twi_stop                                          ./src/arduino/twi.o
twi_transmit                                      ./src/arduino/twi.o
                                                  ./src/arduino/Wire.o
twi_writeTo                                       ./src/arduino/twi.o
                                                  ./src/arduino/Wire.o
vtable for HardwareSerial                         ./src/arduino/HardwareSerial.o
